03-04 14:14:53.213  8126  8155 F libc    : Fatal signal 6 (SIGABRT), code -6 (SI_TKILL) in tid 8155 (tg.uncrackable3), pid 8126 (tg.uncrackable3)
03-04 14:14:53.231  8163  8163 F DEBUG   : *** *** *** *** *** *** *** *** *** *** *** *** *** *** *** ***
03-04 14:14:53.231  8163  8163 F DEBUG   : Build fingerprint: 'Android/aosp_marlin/marlin:9/PQ3A.190605.04081832/3793265:user/release-keys'
03-04 14:14:53.231  8163  8163 F DEBUG   : Revision: '0'
03-04 14:14:53.231  8163  8163 F DEBUG   : ABI: 'x86_64'
03-04 14:14:53.231  8163  8163 F DEBUG   : pid: 8126, tid: 8155, name: tg.uncrackable3  >>> owasp.mstg.uncrackable3 <<<
03-04 14:14:53.231  8163  8163 F DEBUG   : signal 6 (SIGABRT), code -6 (SI_TKILL), fault addr --------
03-04 14:14:53.231  8163  8163 F DEBUG   :     rax 0000000000000000  rbx 00007fff5781f280  rcx 00007ffff44bdf47  rdx 0000000000000006
03-04 14:14:53.231  8163  8163 F DEBUG   :     r8  0000000000000031  r9  0000000000000031  r10 0000000000000000  r11 0000000000000202
03-04 14:14:53.231  8163  8163 F DEBUG   :     r12 00007fff57823b62  r13 00007fff57823b68  r14 00007fff57823b50  r15 00007fff57823b60
03-04 14:14:53.231  8163  8163 F DEBUG   :     rdi 0000000000001fbe  rsi 0000000000001fdb
03-04 14:14:53.231  8163  8163 F DEBUG   :     rbp 00007fff728140b0  rsp 00007fff5781f268  rip 00007ffff44bdf47
03-04 14:14:53.231  8163  8163 F DEBUG   : 
03-04 14:14:53.231  8163  8163 F DEBUG   : backtrace:
03-04 14:14:53.231  8163  8163 F DEBUG   :     #00 pc 000000000007df47  /system/lib64/libc.so (offset 0x7d000) (tgkill+7)
03-04 14:14:53.231  8163  8163 F DEBUG   :     #01 pc 000000000000374a  /data/app/owasp.mstg.uncrackable3--sI-ddUhqniqfSpkzgbtPQ==/lib/x86_64/libfoo.so (goodbye()+10)
03-04 14:14:53.231  8163  8163 F DEBUG   :     #02 pc 000000000000389a  /data/app/owasp.mstg.uncrackable3--sI-ddUhqniqfSpkzgbtPQ==/lib/x86_64/libfoo.so
03-04 14:14:53.231  8163  8163 F DEBUG   :     #03 pc 000000000009079b  /system/lib64/libc.so (offset 0x7d000) (__pthread_start(void*)+27)
03-04 14:14:53.231  8163  8163 F DEBUG   :     #04 pc 000000000002bdad  /system/lib64/libc.so (offset 0x2a000) (__start_thread+61)
03-04 14:14:48.958  2178  2178 W ContextImpl: Calling a method in the system process without a qualified user: android.app.ContextImpl.startService:1531 android.content.ContextWrapper.startService:664 android.content.ContextWrapper.startService:664 com.android.coreservice.CoreBroadcastReceiver.onReceive:69 android.app.ActivityThread.handleReceiver:3424 
03-04 14:14:53.351  1568  1589 I BootReceiver: Copying /data/tombstones/tombstone_06 to DropBox (SYSTEM_TOMBSTONE)
03-04 14:14:53.361  1568  1583 W BroadcastQueue: Background execution not allowed: receiving Intent { act=android.intent.action.DROPBOX_ENTRY_ADDED flg=0x10 (has extras) } to com.google.android.gms/.stats.service.DropBoxEntryAddedReceiver
03-04 14:14:53.361  1568  8170 W ActivityManager:   Force finishing activity owasp.mstg.uncrackable3/sg.vantagepoint.uncrackable3.MainActivity
03-04 14:14:53.363  1568  8170 W ActivityManager: Exception thrown during pause
03-04 14:14:53.363  1568  8170 W ActivityManager: android.os.DeadObjectException
03-04 14:14:53.363  1568  8170 W ActivityManager: 	at android.os.BinderProxy.transactNative(Native Method)
03-04 14:14:53.363  1568  8170 W ActivityManager: 	at android.os.BinderProxy.transact(Binder.java:1127)
03-04 14:14:53.363  1568  8170 W ActivityManager: 	at android.app.IApplicationThread$Stub$Proxy.scheduleTransaction(IApplicationThread.java:1777)
03-04 14:14:53.363  1568  8170 W ActivityManager: 	at android.app.servertransaction.ClientTransaction.schedule(ClientTransaction.java:129)
03-04 14:14:53.363  1568  8170 W ActivityManager: 	at com.android.server.am.ClientLifecycleManager.scheduleTransaction(ClientLifecycleManager.java:47)
03-04 14:14:53.363  1568  8170 W ActivityManager: 	at com.android.server.am.ClientLifecycleManager.scheduleTransaction(ClientLifecycleManager.java:69)
03-04 14:14:53.363  1568  8170 W ActivityManager: 	at com.android.server.am.ActivityStack.startPausingLocked(ActivityStack.java:1463)
03-04 14:14:53.363  1568  8170 W ActivityManager: 	at com.android.server.am.ActivityStack.finishActivityLocked(ActivityStack.java:3754)
03-04 14:14:53.363  1568  8170 W ActivityManager: 	at com.android.server.am.ActivityStack.finishActivityLocked(ActivityStack.java:3696)
03-04 14:14:53.363  1568  8170 W ActivityManager: 	at com.android.server.am.ActivityStack.finishTopCrashedActivityLocked(ActivityStack.java:3579)
03-04 14:14:53.363  1568  8170 W ActivityManager: 	at com.android.server.am.ActivityStackSupervisor.finishTopCrashedActivitiesLocked(ActivityStackSupervisor.java:2259)
03-04 14:14:53.363  1568  8170 W ActivityManager: 	at com.android.server.am.AppErrors.handleAppCrashLocked(AppErrors.java:748)
03-04 14:14:53.363  1568  8170 W ActivityManager: 	at com.android.server.am.AppErrors.makeAppCrashingLocked(AppErrors.java:580)
03-04 14:14:53.363  1568  8170 W ActivityManager: 	at com.android.server.am.AppErrors.crashApplicationInner(AppErrors.java:447)
03-04 14:14:53.363  1568  8170 W ActivityManager: 	at com.android.server.am.AppErrors.crashApplication(AppErrors.java:392)
03-04 14:14:53.363  1568  8170 W ActivityManager: 	at com.android.server.am.ActivityManagerService.handleApplicationCrashInner(ActivityManagerService.java:15657)
03-04 14:14:53.363  1568  8170 W ActivityManager: 	at com.android.server.am.NativeCrashListener$NativeCrashReporter.run(NativeCrashListener.java:85)
03-04 14:14:53.370  2178  2178 W ContextImpl: Calling a method in the system process without a qualified user: android.app.ContextImpl.startService:1531 android.content.ContextWrapper.startService:664 android.content.ContextWrapper.startService:664 com.android.coreservice.CoreBroadcastReceiver.onReceive:44 android.app.ActivityThread.handleReceiver:3424 
03-04 14:14:53.375  1568  3539 I WindowManager: WIN DEATH: Window{eff0af u0 owasp.mstg.uncrackable3/sg.vantagepoint.uncrackable3.MainActivity}
03-04 14:14:53.376  1568  3540 W BroadcastQueue: Background execution not allowed: receiving Intent { act=android.intent.action.DROPBOX_ENTRY_ADDED flg=0x10 (has extras) } to com.google.android.gms/.stats.service.DropBoxEntryAddedReceiver
03-04 14:14:53.376  1568  1862 I ActivityManager: Process owasp.mstg.uncrackable3 (pid 8126) has died: vis  +99TOP 
03-04 14:14:53.378  1568  1592 W ActivityManager: setHasOverlayUi called on unknown pid: 8126
03-04 14:14:53.379  1568  1584 I ActivityManager: Showing crash dialog for package owasp.mstg.uncrackable3 u0
03-04 14:14:53.391  2178  2178 W ContextImpl: Calling a method in the system process without a qualified user: android.app.ContextImpl.startService:1531 android.content.ContextWrapper.startService:664 android.content.ContextWrapper.startService:664 com.android.coreservice.CoreBroadcastReceiver.onReceive:69 android.app.ActivityThread.handleReceiver:3424 
03-04 14:14:53.404  2178  2178 W ContextImpl: Calling a method in the system process without a qualified user: android.app.ContextImpl.startService:1531 android.content.ContextWrapper.startService:664 android.content.ContextWrapper.startService:664 com.android.coreservice.CoreBroadcastReceiver.onReceive:53 android.app.ActivityThread.handleReceiver:3424 
03-04 14:14:53.422  2178  2178 W ContextImpl: Calling a method in the system process without a qualified user: android.app.ContextImpl.sendBroadcast:1020 android.content.ContextWrapper.sendBroadcast:449 com.android.coreservice.TabManager.notifyClosing:356 com.android.coreservice.TabManager.updateInner:191 com.android.coreservice.TabManager.onUpdate:226 
03-04 14:14:53.547  1568  1584 W Looper  : Slow dispatch took 132ms android.ui h=android.view.Choreographer$FrameHandler c=android.view.Choreographer$FrameDisplayEventReceiver@5ed5961 m=0
03-04 14:14:56.246  1568  4590 I ActivityManager: Force stopping owasp.mstg.uncrackable3 appid=10080 user=0: from pid 1568
03-04 14:14:56.247  2178  2178 W ContextImpl: Calling a method in the system process without a qualified user: android.app.ContextImpl.startService:1531 android.content.ContextWrapper.startService:664 android.content.ContextWrapper.startService:664 com.android.coreservice.CoreBroadcastReceiver.onReceive:53 android.app.ActivityThread.handleReceiver:3424 
03-04 14:14:56.250  1568  4590 W ContextImpl: Calling a method in the system process without a qualified user: android.app.ContextImpl.startActivity:887 android.content.ContextWrapper.startActivity:379 <bottom of call stack> <bottom of call stack> <bottom of call stack> 
03-04 14:14:56.250  1568  4590 W ContextImpl: Calling a method in the system process without a qualified user: android.app.ContextImpl.startActivity:899 android.app.ContextImpl.startActivity:888 android.content.ContextWrapper.startActivity:379 <bottom of call stack> <bottom of call stack> 
03-04 14:14:56.250  1568  4590 I ActivityManager: START u0 {act=android.intent.action.MAIN cat=[android.intent.category.LAUNCHER] flg=0x10000000 pkg=owasp.mstg.uncrackable3 cmp=owasp.mstg.uncrackable3/sg.vantagepoint.uncrackable3.MainActivity} from uid 1000
03-04 14:14:56.268  2178  2178 W ContextImpl: Calling a method in the system process without a qualified user: android.app.ContextImpl.startService:1531 android.content.ContextWrapper.startService:664 android.content.ContextWrapper.startService:664 com.android.coreservice.CoreBroadcastReceiver.onReceive:44 android.app.ActivityThread.handleReceiver:3424 
03-04 14:14:56.279  1568  1585 I ActivityManager: Start proc 8178:owasp.mstg.uncrackable3/u0a80 for activity owasp.mstg.uncrackable3/sg.vantagepoint.uncrackable3.MainActivity
03-04 14:14:56.675  2178  2178 W ContextImpl: Calling a method in the system process without a qualified user: android.app.ContextImpl.startService:1531 android.content.ContextWrapper.startService:664 android.content.ContextWrapper.startService:664 com.android.coreservice.CoreBroadcastReceiver.onReceive:53 android.app.ActivityThread.handleReceiver:3424 
03-04 14:14:56.701  2178  2178 W ContextImpl: Calling a method in the system process without a qualified user: android.app.ContextImpl.startService:1531 android.content.ContextWrapper.startService:664 android.content.ContextWrapper.startService:664 com.android.coreservice.CoreBroadcastReceiver.onReceive:53 android.app.ActivityThread.handleReceiver:3424 
03-04 14:14:57.855  1568  8170 W ActivityManager: Ignoring remove of inactive process: ProcessRecord{c9db937 0:owasp.mstg.uncrackable3/u0a80}
03-04 14:14:57.869  2178  2178 W ContextImpl: Calling a method in the system process without a qualified user: android.app.ContextImpl.startService:1531 android.content.ContextWrapper.startService:664 android.content.ContextWrapper.startService:664 com.android.coreservice.CoreBroadcastReceiver.onReceive:69 android.app.ActivityThread.handleReceiver:3424 
03-04 14:14:58.716  2178  2178 I chatty  : uid=1000(system) com.android.coreservice identical 3 lines
03-04 14:14:58.716  2178  2178 W ContextImpl: Calling a method in the system process without a qualified user: android.app.ContextImpl.startService:1531 android.content.ContextWrapper.startService:664 android.content.ContextWrapper.startService:664 com.android.coreservice.CoreBroadcastReceiver.onReceive:69 android.app.ActivityThread.handleReceiver:3424 
03-04 14:14:59.321  2178  2178 W ContextImpl: Calling a method in the system process without a qualified user: android.app.ContextImpl.sendBroadcast:1005 android.content.ContextWrapper.sendBroadcast:444 com.android.coreservice.CoreService.sendImeAction:629 com.android.coreservice.HostService.onReceived:293 com.android.coreservice.HostService.onData:213 
03-04 14:15:06.556  2178  2178 I chatty  : uid=1000(system) com.android.coreservice identical 22 lines
03-04 14:15:06.792  2178  2178 W ContextImpl: Calling a method in the system process without a qualified user: android.app.ContextImpl.sendBroadcast:1005 android.content.ContextWrapper.sendBroadcast:444 com.android.coreservice.CoreService.sendImeAction:629 com.android.coreservice.HostService.onReceived:293 com.android.coreservice.HostService.onData:213 
03-04 14:15:19.682  1463  1534 E storaged: getDiskStats failed with result NOT_SUPPORTED and size 0
03-04 14:15:21.050  8178  8205 F libc    : Fatal signal 6 (SIGABRT), code -6 (SI_TKILL) in tid 8205 (tg.uncrackable3), pid 8178 (tg.uncrackable3)
03-04 14:15:21.070  8218  8218 F DEBUG   : *** *** *** *** *** *** *** *** *** *** *** *** *** *** *** ***
03-04 14:15:21.070  8218  8218 F DEBUG   : Build fingerprint: 'Android/aosp_marlin/marlin:9/PQ3A.190605.04081832/3793265:user/release-keys'
03-04 14:15:21.070  8218  8218 F DEBUG   : Revision: '0'
03-04 14:15:21.070  8218  8218 F DEBUG   : ABI: 'x86_64'
03-04 14:15:21.070  8218  8218 F DEBUG   : pid: 8178, tid: 8205, name: tg.uncrackable3  >>> owasp.mstg.uncrackable3 <<<
03-04 14:15:21.070  8218  8218 F DEBUG   : signal 6 (SIGABRT), code -6 (SI_TKILL), fault addr --------
03-04 14:15:21.071  8218  8218 F DEBUG   :     rax 0000000000000000  rbx 00007fff577e2280  rcx 00007ffff44bdf47  rdx 0000000000000006
03-04 14:15:21.071  8218  8218 F DEBUG   :     r8  0000000000000031  r9  0000000000000031  r10 0000000000000000  r11 0000000000000202
03-04 14:15:21.071  8218  8218 F DEBUG   :     r12 00007fff577e6b62  r13 00007fff577e6b68  r14 00007fff577e6b50  r15 00007fff577e6b60
03-04 14:15:21.071  8218  8218 F DEBUG   :     rdi 0000000000001ff2  rsi 000000000000200d
03-04 14:15:21.071  8218  8218 F DEBUG   :     rbp 00007fff728140b0  rsp 00007fff577e2268  rip 00007ffff44bdf47
03-04 14:15:21.071  8218  8218 F DEBUG   : 
03-04 14:15:21.071  8218  8218 F DEBUG   : backtrace:
03-04 14:15:21.071  8218  8218 F DEBUG   :     #00 pc 000000000007df47  /system/lib64/libc.so (offset 0x7d000) (tgkill+7)
03-04 14:15:21.071  8218  8218 F DEBUG   :     #01 pc 000000000000374a  /data/app/owasp.mstg.uncrackable3--sI-ddUhqniqfSpkzgbtPQ==/lib/x86_64/libfoo.so (offset 0x1000) (goodbye()+10)
03-04 14:15:21.071  8218  8218 F DEBUG   :     #02 pc 000000000000389a  /data/app/owasp.mstg.uncrackable3--sI-ddUhqniqfSpkzgbtPQ==/lib/x86_64/libfoo.so (offset 0x1000)
03-04 14:15:21.071  8218  8218 F DEBUG   :     #03 pc 000000000009079b  /system/lib64/libc.so (offset 0x7d000) (__pthread_start(void*)+27)
03-04 14:15:21.071  8218  8218 F DEBUG   :     #04 pc 000000000002bdad  /system/lib64/libc.so (offset 0x2a000) (__start_thread+61)
03-04 14:15:21.197  1568  8225 W ActivityManager: Process owasp.mstg.uncrackable3 has crashed too many times: killing!
03-04 14:15:21.197  1568  8225 W ActivityManager:   Force finishing activity owasp.mstg.uncrackable3/sg.vantagepoint.uncrackable3.MainActivity
03-04 14:15:21.198  1568  1589 I BootReceiver: Copying /data/tombstones/tombstone_07 to DropBox (SYSTEM_TOMBSTONE)
03-04 14:15:21.203  1568  8225 I ActivityManager: Killing 8178:owasp.mstg.uncrackable3/u0a80 (adj 199): crash
03-04 14:15:21.205  2178  2178 W ContextImpl: Calling a method in the system process without a qualified user: android.app.ContextImpl.startService:1531 android.content.ContextWrapper.startService:664 android.content.ContextWrapper.startService:664 com.android.coreservice.CoreBroadcastReceiver.onReceive:44 android.app.ActivityThread.handleReceiver:3424 
03-04 14:15:21.219  1568  3483 I WindowManager: WIN DEATH: Window{fea6074 u0 owasp.mstg.uncrackable3/sg.vantagepoint.uncrackable3.MainActivity}
03-04 14:15:21.225  1568  3841 W BroadcastQueue: Background execution not allowed: receiving Intent { act=android.intent.action.DROPBOX_ENTRY_ADDED flg=0x10 (has extras) } to com.google.android.gms/.stats.service.DropBoxEntryAddedReceiver
03-04 14:15:21.226  1568  1583 W BroadcastQueue: Background execution not allowed: receiving Intent { act=android.intent.action.DROPBOX_ENTRY_ADDED flg=0x10 (has extras) } to com.google.android.gms/.stats.service.DropBoxEntryAddedReceiver
03-04 14:15:21.226  2178  2178 W ContextImpl: Calling a method in the system process without a qualified user: android.app.ContextImpl.startService:1531 android.content.ContextWrapper.startService:664 android.content.ContextWrapper.startService:664 com.android.coreservice.CoreBroadcastReceiver.onReceive:69 android.app.ActivityThread.handleReceiver:3424 
03-04 14:15:21.233  2178  2178 W ContextImpl: Calling a method in the system process without a qualified user: android.app.ContextImpl.startService:1531 android.content.ContextWrapper.startService:664 android.content.ContextWrapper.startService:664 com.android.coreservice.CoreBroadcastReceiver.onReceive:53 android.app.ActivityThread.handleReceiver:3424 
03-04 14:15:21.245  2178  2178 W ContextImpl: Calling a method in the system process without a qualified user: android.app.ContextImpl.sendBroadcast:1020 android.content.ContextWrapper.sendBroadcast:449 com.android.coreservice.TabManager.notifyClosing:356 com.android.coreservice.TabManager.updateInner:191 com.android.coreservice.TabManager.onUpdate:226 
03-04 14:15:21.270  2178  2178 W ContextImpl: Calling a method in the system process without a qualified user: android.app.ContextImpl.startService:1531 android.content.ContextWrapper.startService:664 android.content.ContextWrapper.startService:664 com.android.coreservice.CoreBroadcastReceiver.onReceive:69 android.app.ActivityThread.handleReceiver:3424 
03-04 14:15:21.275  2178  2178 W ContextImpl: Calling a method in the system process without a qualified user: android.app.ContextImpl.startService:1531 android.content.ContextWrapper.startService:664 android.content.ContextWrapper.startService:664 com.android.coreservice.CoreBroadcastReceiver.onReceive:69 android.app.ActivityThread.handleReceiver:3424 
03-04 14:15:21.350  1568  1592 W ActivityManager: setHasOverlayUi called on unknown pid: 8178
03-04 14:15:24.927  1568  4590 I ActivityManager: Force stopping owasp.mstg.uncrackable3 appid=10080 user=0: from pid 1568
03-04 14:15:24.928  2178  2178 W ContextImpl: Calling a method in the system process without a qualified user: android.app.ContextImpl.startService:1531 android.content.ContextWrapper.startService:664 android.content.ContextWrapper.startService:664 com.android.coreservice.CoreBroadcastReceiver.onReceive:53 android.app.ActivityThread.handleReceiver:3424 
03-04 14:15:24.931  1568  4590 W ContextImpl: Calling a method in the system process without a qualified user: android.app.ContextImpl.startActivity:887 android.content.ContextWrapper.startActivity:379 <bottom of call stack> <bottom of call stack> <bottom of call stack> 
03-04 14:15:24.931  1568  4590 W ContextImpl: Calling a method in the system process without a qualified user: android.app.ContextImpl.startActivity:899 android.app.ContextImpl.startActivity:888 android.content.ContextWrapper.startActivity:379 <bottom of call stack> <bottom of call stack> 
03-04 14:15:24.931  1568  4590 I ActivityManager: START u0 {act=android.intent.action.MAIN cat=[android.intent.category.LAUNCHER] flg=0x10000000 pkg=owasp.mstg.uncrackable3 cmp=owasp.mstg.uncrackable3/sg.vantagepoint.uncrackable3.MainActivity} from uid 1000
03-04 14:15:24.935  2178  2178 W ContextImpl: Calling a method in the system process without a qualified user: android.app.ContextImpl.startService:1531 android.content.ContextWrapper.startService:664 android.content.ContextWrapper.startService:664 com.android.coreservice.CoreBroadcastReceiver.onReceive:44 android.app.ActivityThread.handleReceiver:3424 
03-04 14:15:24.952  1568  1585 I ActivityManager: Start proc 8236:owasp.mstg.uncrackable3/u0a80 for activity owasp.mstg.uncrackable3/sg.vantagepoint.uncrackable3.MainActivity
03-04 14:15:25.331  2178  2178 W ContextImpl: Calling a method in the system process without a qualified user: android.app.ContextImpl.startService:1531 android.content.ContextWrapper.startService:664 android.content.ContextWrapper.startService:664 com.android.coreservice.CoreBroadcastReceiver.onReceive:53 android.app.ActivityThread.handleReceiver:3424 
03-04 14:15:25.358  2178  2178 W ContextImpl: Calling a method in the system process without a qualified user: android.app.ContextImpl.startService:1531 android.content.ContextWrapper.startService:664 android.content.ContextWrapper.startService:664 com.android.coreservice.CoreBroadcastReceiver.onReceive:53 android.app.ActivityThread.handleReceiver:3424 
03-04 14:15:25.393  2178  2178 W ContextImpl: Calling a method in the system process without a qualified user: android.app.ContextImpl.startService:1531 android.content.ContextWrapper.startService:664 android.content.ContextWrapper.startService:664 com.android.coreservice.CoreBroadcastReceiver.onReceive:69 android.app.ActivityThread.handleReceiver:3424 
03-04 14:15:25.394  2178  2178 W ContextImpl: Calling a method in the system process without a qualified user: android.app.ContextImpl.startService:1531 android.content.ContextWrapper.startService:664 android.content.ContextWrapper.startService:664 com.android.coreservice.CoreBroadcastReceiver.onReceive:69 android.app.ActivityThread.handleReceiver:3424 
03-04 14:16:17.649  1464  1464 W wificond: Scan already started
03-04 14:16:19.682  1463  1534 E storaged: getDiskStats failed with result NOT_SUPPORTED and size 0
03-04 14:17:10.948  8236  8265 F libc    : Fatal signal 6 (SIGABRT), code -6 (SI_TKILL) in tid 8265 (tg.uncrackable3), pid 8236 (tg.uncrackable3)
03-04 14:17:10.977  8284  8284 F DEBUG   : *** *** *** *** *** *** *** *** *** *** *** *** *** *** *** ***
03-04 14:17:10.977  8284  8284 F DEBUG   : Build fingerprint: 'Android/aosp_marlin/marlin:9/PQ3A.190605.04081832/3793265:user/release-keys'
03-04 14:17:10.977  8284  8284 F DEBUG   : Revision: '0'
03-04 14:17:10.977  8284  8284 F DEBUG   : ABI: 'x86_64'
03-04 14:17:10.977  8284  8284 F DEBUG   : pid: 8236, tid: 8265, name: tg.uncrackable3  >>> owasp.mstg.uncrackable3 <<<
03-04 14:17:10.977  8284  8284 F DEBUG   : signal 6 (SIGABRT), code -6 (SI_TKILL), fault addr --------
03-04 14:17:10.977  8284  8284 F DEBUG   :     rax 0000000000000000  rbx 00007fff577cf280  rcx 00007ffff44bdf47  rdx 0000000000000006
03-04 14:17:10.977  8284  8284 F DEBUG   :     r8  0000000000000031  r9  0000000000000031  r10 0000000000000000  r11 0000000000000202
03-04 14:17:10.977  8284  8284 F DEBUG   :     r12 00007fff577d3b62  r13 00007fff577d3b68  r14 00007fff577d3b50  r15 00007fff577d3b60
03-04 14:17:10.977  8284  8284 F DEBUG   :     rdi 000000000000202c  rsi 0000000000002049
03-04 14:17:10.977  8284  8284 F DEBUG   :     rbp 00007fff728140b0  rsp 00007fff577cf268  rip 00007ffff44bdf47
03-04 14:17:10.977  8284  8284 F DEBUG   : 
03-04 14:17:10.977  8284  8284 F DEBUG   : backtrace:
03-04 14:17:10.977  8284  8284 F DEBUG   :     #00 pc 000000000007df47  /system/lib64/libc.so (offset 0x7d000) (tgkill+7)
03-04 14:17:10.977  8284  8284 F DEBUG   :     #01 pc 000000000000374a  /data/app/owasp.mstg.uncrackable3--sI-ddUhqniqfSpkzgbtPQ==/lib/x86_64/libfoo.so (offset 0x1000) (goodbye()+10)
03-04 14:17:10.977  8284  8284 F DEBUG   :     #02 pc 000000000000389a  /data/app/owasp.mstg.uncrackable3--sI-ddUhqniqfSpkzgbtPQ==/lib/x86_64/libfoo.so (offset 0x1000)
03-04 14:17:10.977  8284  8284 F DEBUG   :     #03 pc 000000000009079b  /system/lib64/libc.so (offset 0x7d000) (__pthread_start(void*)+27)
03-04 14:17:10.977  8284  8284 F DEBUG   :     #04 pc 000000000002bdad  /system/lib64/libc.so (offset 0x2a000) (__start_thread+61)
03-04 14:17:11.104  1568  1589 I BootReceiver: Copying /data/tombstones/tombstone_08 to DropBox (SYSTEM_TOMBSTONE)
03-04 14:17:11.105  1568  8291 W ActivityManager:   Force finishing activity owasp.mstg.uncrackable3/sg.vantagepoint.uncrackable3.MainActivity
03-04 14:17:11.118  1568  1583 W BroadcastQueue: Background execution not allowed: receiving Intent { act=android.intent.action.DROPBOX_ENTRY_ADDED flg=0x10 (has extras) } to com.google.android.gms/.stats.service.DropBoxEntryAddedReceiver
03-04 14:17:11.122  1568  2310 I WindowManager: WIN DEATH: Window{e3275a7 u0 owasp.mstg.uncrackable3/sg.vantagepoint.uncrackable3.MainActivity}
03-04 14:17:11.122  1568  1583 W BroadcastQueue: Background execution not allowed: receiving Intent { act=android.intent.action.DROPBOX_ENTRY_ADDED flg=0x10 (has extras) } to com.google.android.gms/.stats.service.DropBoxEntryAddedReceiver
03-04 14:17:11.129  1568  3507 I ActivityManager: Process owasp.mstg.uncrackable3 (pid 8236) has died: vis  +99TOP 
03-04 14:17:11.133  1568  1592 W ActivityManager: setHasOverlayUi called on unknown pid: 8236
03-04 14:17:11.133  2178  2178 W ContextImpl: Calling a method in the system process without a qualified user: android.app.ContextImpl.startService:1531 android.content.ContextWrapper.startService:664 android.content.ContextWrapper.startService:664 com.android.coreservice.CoreBroadcastReceiver.onReceive:44 android.app.ActivityThread.handleReceiver:3424 
03-04 14:17:11.138  2178  2178 W ContextImpl: Calling a method in the system process without a qualified user: android.app.ContextImpl.startService:1531 android.content.ContextWrapper.startService:664 android.content.ContextWrapper.startService:664 com.android.coreservice.CoreBroadcastReceiver.onReceive:69 android.app.ActivityThread.handleReceiver:3424 
03-04 14:17:11.161  2178  2178 W ContextImpl: Calling a method in the system process without a qualified user: android.app.ContextImpl.startService:1531 android.content.ContextWrapper.startService:664 android.content.ContextWrapper.startService:664 com.android.coreservice.CoreBroadcastReceiver.onReceive:53 android.app.ActivityThread.handleReceiver:3424 
03-04 14:17:11.181  2178  2178 W ContextImpl: Calling a method in the system process without a qualified user: android.app.ContextImpl.sendBroadcast:1020 android.content.ContextWrapper.sendBroadcast:449 com.android.coreservice.TabManager.notifyClosing:356 com.android.coreservice.TabManager.updateInner:191 com.android.coreservice.TabManager.onUpdate:226 
03-04 14:17:11.185  2178  2178 W ContextImpl: Calling a method in the system process without a qualified user: android.app.ContextImpl.startService:1531 android.content.ContextWrapper.startService:664 android.content.ContextWrapper.startService:664 com.android.coreservice.CoreBroadcastReceiver.onReceive:69 android.app.ActivityThread.handleReceiver:3424 
03-04 14:17:19.684  1463  1534 E storaged: getDiskStats failed with result NOT_SUPPORTED and size 0
03-04 14:18:19.717  1463  1534 E storaged: getDiskStats failed with result NOT_SUPPORTED and size 0
03-04 14:18:25.002  1568  4590 I ActivityManager: Force stopping owasp.mstg.uncrackable3 appid=10080 user=0: from pid 1568
03-04 14:18:25.003  2178  2178 W ContextImpl: Calling a method in the system process without a qualified user: android.app.ContextImpl.startService:1531 android.content.ContextWrapper.startService:664 android.content.ContextWrapper.startService:664 com.android.coreservice.CoreBroadcastReceiver.onReceive:53 android.app.ActivityThread.handleReceiver:3424 
03-04 14:18:25.005  1568  4590 W ContextImpl: Calling a method in the system process without a qualified user: android.app.ContextImpl.startActivity:887 android.content.ContextWrapper.startActivity:379 <bottom of call stack> <bottom of call stack> <bottom of call stack> 
03-04 14:18:25.005  1568  4590 W ContextImpl: Calling a method in the system process without a qualified user: android.app.ContextImpl.startActivity:899 android.app.ContextImpl.startActivity:888 android.content.ContextWrapper.startActivity:379 <bottom of call stack> <bottom of call stack> 
03-04 14:18:25.005  1568  4590 I ActivityManager: START u0 {act=android.intent.action.MAIN cat=[android.intent.category.LAUNCHER] flg=0x10000000 pkg=owasp.mstg.uncrackable3 cmp=owasp.mstg.uncrackable3/sg.vantagepoint.uncrackable3.MainActivity} from uid 1000
03-04 14:18:25.018  2178  2178 W ContextImpl: Calling a method in the system process without a qualified user: android.app.ContextImpl.startService:1531 android.content.ContextWrapper.startService:664 android.content.ContextWrapper.startService:664 com.android.coreservice.CoreBroadcastReceiver.onReceive:44 android.app.ActivityThread.handleReceiver:3424 
03-04 14:18:25.034  1568  1585 I ActivityManager: Start proc 8309:owasp.mstg.uncrackable3/u0a80 for activity owasp.mstg.uncrackable3/sg.vantagepoint.uncrackable3.MainActivity
03-04 14:18:25.415  2178  2178 W ContextImpl: Calling a method in the system process without a qualified user: android.app.ContextImpl.startService:1531 android.content.ContextWrapper.startService:664 android.content.ContextWrapper.startService:664 com.android.coreservice.CoreBroadcastReceiver.onReceive:53 android.app.ActivityThread.handleReceiver:3424 
03-04 14:18:25.439  2178  2178 W ContextImpl: Calling a method in the system process without a qualified user: android.app.ContextImpl.startService:1531 android.content.ContextWrapper.startService:664 android.content.ContextWrapper.startService:664 com.android.coreservice.CoreBroadcastReceiver.onReceive:53 android.app.ActivityThread.handleReceiver:3424 
03-04 14:18:25.468  2178  2178 W ContextImpl: Calling a method in the system process without a qualified user: android.app.ContextImpl.startService:1531 android.content.ContextWrapper.startService:664 android.content.ContextWrapper.startService:664 com.android.coreservice.CoreBroadcastReceiver.onReceive:69 android.app.ActivityThread.handleReceiver:3424 
03-04 14:18:31.552  8309  8339 F libc    : Fatal signal 6 (SIGABRT), code -6 (SI_TKILL) in tid 8339 (tg.uncrackable3), pid 8309 (tg.uncrackable3)
03-04 14:18:31.571  8347  8347 F DEBUG   : *** *** *** *** *** *** *** *** *** *** *** *** *** *** *** ***
03-04 14:18:31.571  8347  8347 F DEBUG   : Build fingerprint: 'Android/aosp_marlin/marlin:9/PQ3A.190605.04081832/3793265:user/release-keys'
03-04 14:18:31.571  8347  8347 F DEBUG   : Revision: '0'
03-04 14:18:31.571  8347  8347 F DEBUG   : ABI: 'x86_64'
03-04 14:18:31.571  8347  8347 F DEBUG   : pid: 8309, tid: 8339, name: tg.uncrackable3  >>> owasp.mstg.uncrackable3 <<<
03-04 14:18:31.571  8347  8347 F DEBUG   : signal 6 (SIGABRT), code -6 (SI_TKILL), fault addr --------
03-04 14:18:31.571  8347  8347 F DEBUG   :     rax 0000000000000000  rbx 00007fff57875280  rcx 00007ffff44bdf47  rdx 0000000000000006
03-04 14:18:31.571  8347  8347 F DEBUG   :     r8  0000000000000031  r9  0000000000000031  r10 0000000000000000  r11 0000000000000202
03-04 14:18:31.571  8347  8347 F DEBUG   :     r12 00007fff57879b62  r13 00007fff57879b68  r14 00007fff57879b50  r15 00007fff57879b60
03-04 14:18:31.571  8347  8347 F DEBUG   :     rdi 0000000000002075  rsi 0000000000002093
03-04 14:18:31.571  8347  8347 F DEBUG   :     rbp 00007fff728140b0  rsp 00007fff57875268  rip 00007ffff44bdf47
03-04 14:18:31.571  8347  8347 F DEBUG   : 
03-04 14:18:31.571  8347  8347 F DEBUG   : backtrace:
03-04 14:18:31.571  8347  8347 F DEBUG   :     #00 pc 000000000007df47  /system/lib64/libc.so (offset 0x7d000) (tgkill+7)
03-04 14:18:31.571  8347  8347 F DEBUG   :     #01 pc 000000000000374a  /data/app/owasp.mstg.uncrackable3--sI-ddUhqniqfSpkzgbtPQ==/lib/x86_64/libfoo.so (goodbye()+10)
03-04 14:18:31.571  8347  8347 F DEBUG   :     #02 pc 000000000000389a  /data/app/owasp.mstg.uncrackable3--sI-ddUhqniqfSpkzgbtPQ==/lib/x86_64/libfoo.so
03-04 14:18:31.571  8347  8347 F DEBUG   :     #03 pc 000000000009079b  /system/lib64/libc.so (offset 0x7d000) (__pthread_start(void*)+27)
03-04 14:18:31.571  8347  8347 F DEBUG   :     #04 pc 000000000002bdad  /system/lib64/libc.so (offset 0x2a000) (__start_thread+61)
03-04 14:18:25.470  2178  2178 W ContextImpl: Calling a method in the system process without a qualified user: android.app.ContextImpl.startService:1531 android.content.ContextWrapper.startService:664 android.content.ContextWrapper.startService:664 com.android.coreservice.CoreBroadcastReceiver.onReceive:69 android.app.ActivityThread.handleReceiver:3424 
03-04 14:18:31.700  1568  8354 W ActivityManager:   Force finishing activity owasp.mstg.uncrackable3/sg.vantagepoint.uncrackable3.MainActivity
03-04 14:18:31.701  1568  1589 I BootReceiver: Copying /data/tombstones/tombstone_09 to DropBox (SYSTEM_TOMBSTONE)
03-04 14:18:31.722  1568  3539 I ActivityManager: Process owasp.mstg.uncrackable3 (pid 8309) has died: vis  +99TOP 
03-04 14:18:31.722  2178  2178 W ContextImpl: Calling a method in the system process without a qualified user: android.app.ContextImpl.startService:1531 android.content.ContextWrapper.startService:664 android.content.ContextWrapper.startService:664 com.android.coreservice.CoreBroadcastReceiver.onReceive:44 android.app.ActivityThread.handleReceiver:3424 
03-04 14:18:31.722  1568  1862 I WindowManager: WIN DEATH: Window{644fac2 u0 owasp.mstg.uncrackable3/sg.vantagepoint.uncrackable3.MainActivity}
03-04 14:18:31.728  1568  2404 W BroadcastQueue: Background execution not allowed: receiving Intent { act=android.intent.action.DROPBOX_ENTRY_ADDED flg=0x10 (has extras) } to com.google.android.gms/.stats.service.DropBoxEntryAddedReceiver
03-04 14:18:31.728  1568  1583 W BroadcastQueue: Background execution not allowed: receiving Intent { act=android.intent.action.DROPBOX_ENTRY_ADDED flg=0x10 (has extras) } to com.google.android.gms/.stats.service.DropBoxEntryAddedReceiver
03-04 14:18:31.738  2178  2178 W ContextImpl: Calling a method in the system process without a qualified user: android.app.ContextImpl.startService:1531 android.content.ContextWrapper.startService:664 android.content.ContextWrapper.startService:664 com.android.coreservice.CoreBroadcastReceiver.onReceive:69 android.app.ActivityThread.handleReceiver:3424 
03-04 14:18:31.743  1568  1592 W ActivityManager: setHasOverlayUi called on unknown pid: 8309
03-04 14:18:31.744  2178  2178 W ContextImpl: Calling a method in the system process without a qualified user: android.app.ContextImpl.startService:1531 android.content.ContextWrapper.startService:664 android.content.ContextWrapper.startService:664 com.android.coreservice.CoreBroadcastReceiver.onReceive:53 android.app.ActivityThread.handleReceiver:3424 
03-04 14:18:31.756  2178  2178 W ContextImpl: Calling a method in the system process without a qualified user: android.app.ContextImpl.sendBroadcast:1020 android.content.ContextWrapper.sendBroadcast:449 com.android.coreservice.TabManager.notifyClosing:356 com.android.coreservice.TabManager.updateInner:191 com.android.coreservice.TabManager.onUpdate:226 
03-04 14:18:31.757  2178  2178 W ContextImpl: Calling a method in the system process without a qualified user: android.app.ContextImpl.startService:1531 android.content.ContextWrapper.startService:664 android.content.ContextWrapper.startService:664 com.android.coreservice.CoreBroadcastReceiver.onReceive:69 android.app.ActivityThread.handleReceiver:3424 
03-04 14:18:34.587  1568  4590 I ActivityManager: Force stopping owasp.mstg.uncrackable3 appid=10080 user=0: from pid 1568
03-04 14:18:34.588  2178  2178 W ContextImpl: Calling a method in the system process without a qualified user: android.app.ContextImpl.startService:1531 android.content.ContextWrapper.startService:664 android.content.ContextWrapper.startService:664 com.android.coreservice.CoreBroadcastReceiver.onReceive:53 android.app.ActivityThread.handleReceiver:3424 
03-04 14:18:34.590  1568  4590 W ContextImpl: Calling a method in the system process without a qualified user: android.app.ContextImpl.startActivity:887 android.content.ContextWrapper.startActivity:379 <bottom of call stack> <bottom of call stack> <bottom of call stack> 
03-04 14:18:34.590  1568  4590 W ContextImpl: Calling a method in the system process without a qualified user: android.app.ContextImpl.startActivity:899 android.app.ContextImpl.startActivity:888 android.content.ContextWrapper.startActivity:379 <bottom of call stack> <bottom of call stack> 
03-04 14:18:34.590  1568  4590 I ActivityManager: START u0 {act=android.intent.action.MAIN cat=[android.intent.category.LAUNCHER] flg=0x10000000 pkg=owasp.mstg.uncrackable3 cmp=owasp.mstg.uncrackable3/sg.vantagepoint.uncrackable3.MainActivity} from uid 1000
03-04 14:18:34.603  2178  2178 W ContextImpl: Calling a method in the system process without a qualified user: android.app.ContextImpl.startService:1531 android.content.ContextWrapper.startService:664 android.content.ContextWrapper.startService:664 com.android.coreservice.CoreBroadcastReceiver.onReceive:44 android.app.ActivityThread.handleReceiver:3424 
03-04 14:18:34.619  1568  1585 I ActivityManager: Start proc 8362:owasp.mstg.uncrackable3/u0a80 for activity owasp.mstg.uncrackable3/sg.vantagepoint.uncrackable3.MainActivity
03-04 14:18:35.013  2178  2178 W ContextImpl: Calling a method in the system process without a qualified user: android.app.ContextImpl.startService:1531 android.content.ContextWrapper.startService:664 android.content.ContextWrapper.startService:664 com.android.coreservice.CoreBroadcastReceiver.onReceive:53 android.app.ActivityThread.handleReceiver:3424 
03-04 14:18:35.042  2178  2178 W ContextImpl: Calling a method in the system process without a qualified user: android.app.ContextImpl.startService:1531 android.content.ContextWrapper.startService:664 android.content.ContextWrapper.startService:664 com.android.coreservice.CoreBroadcastReceiver.onReceive:53 android.app.ActivityThread.handleReceiver:3424 
03-04 14:18:35.068  2178  2178 W ContextImpl: Calling a method in the system process without a qualified user: android.app.ContextImpl.startService:1531 android.content.ContextWrapper.startService:664 android.content.ContextWrapper.startService:664 com.android.coreservice.CoreBroadcastReceiver.onReceive:69 android.app.ActivityThread.handleReceiver:3424 
03-04 14:18:35.069  2178  2178 W ContextImpl: Calling a method in the system process without a qualified user: android.app.ContextImpl.startService:1531 android.content.ContextWrapper.startService:664 android.content.ContextWrapper.startService:664 com.android.coreservice.CoreBroadcastReceiver.onReceive:69 android.app.ActivityThread.handleReceiver:3424 
03-04 14:18:44.608  1568  1583 W ActivityManager: Launch timeout has expired, giving up wake lock!
03-04 14:18:58.104  1568  1579 I ActivityManager: START u0 {flg=0x10804000 cmp=com.android.systemui/.recents.RecentsActivity} from uid 10027
03-04 14:18:58.121  2178  2178 W ContextImpl: Calling a method in the system process without a qualified user: android.app.ContextImpl.startService:1531 android.content.ContextWrapper.startService:664 android.content.ContextWrapper.startService:664 com.android.coreservice.CoreBroadcastReceiver.onReceive:44 android.app.ActivityThread.handleReceiver:3424 
03-04 14:18:58.121  1568  1590 D AutofillManagerService: Close system dialogs
03-04 14:18:58.140  2178  2178 W ContextImpl: Calling a method in the system process without a qualified user: android.app.ContextImpl.startService:1531 android.content.ContextWrapper.startService:664 android.content.ContextWrapper.startService:664 com.android.coreservice.CoreBroadcastReceiver.onReceive:53 android.app.ActivityThread.handleReceiver:3424 
03-04 14:18:58.158  2178  2178 W ContextImpl: Calling a method in the system process without a qualified user: android.app.ContextImpl.startService:1531 android.content.ContextWrapper.startService:664 android.content.ContextWrapper.startService:664 com.android.coreservice.CoreBroadcastReceiver.onReceive:69 android.app.ActivityThread.handleReceiver:3424 
03-04 14:18:58.158  2178  2178 W ContextImpl: Calling a method in the system process without a qualified user: android.app.ContextImpl.startService:1531 android.content.ContextWrapper.startService:664 android.content.ContextWrapper.startService:664 com.android.coreservice.CoreBroadcastReceiver.onReceive:69 android.app.ActivityThread.handleReceiver:3424 
03-04 14:18:58.616  1568  1583 W ActivityManager: Activity pause timeout for ActivityRecord{48dab07 u0 owasp.mstg.uncrackable3/sg.vantagepoint.uncrackable3.MainActivity t53}
03-04 14:18:59.801  1568  1590 D AutofillManagerService: Close system dialogs
03-04 14:18:59.804  1568  1579 I ActivityManager: Killing 8362:owasp.mstg.uncrackable3/u0a80 (adj 900): remove task
03-04 14:18:59.806  1568  1621 I ActivityManager: START u0 {act=android.intent.action.MAIN cat=[android.intent.category.HOME] flg=0x10200000 cmp=com.ldmnq.launcher3/com.android.launcher3.Launcher} from uid 10027
03-04 14:18:59.810  2178  2178 W ContextImpl: Calling a method in the system process without a qualified user: android.app.ContextImpl.startService:1531 android.content.ContextWrapper.startService:664 android.content.ContextWrapper.startService:664 com.android.coreservice.CoreBroadcastReceiver.onReceive:44 android.app.ActivityThread.handleReceiver:3424 
03-04 14:18:59.820  1568  3507 I WindowManager: WIN DEATH: Window{7f4370b u0 owasp.mstg.uncrackable3/sg.vantagepoint.uncrackable3.MainActivity}
03-04 14:18:59.833  2178  2178 W ContextImpl: Calling a method in the system process without a qualified user: android.app.ContextImpl.startService:1531 android.content.ContextWrapper.startService:664 android.content.ContextWrapper.startService:664 com.android.coreservice.CoreBroadcastReceiver.onReceive:53 android.app.ActivityThread.handleReceiver:3424 
03-04 14:18:59.838  1568  1579 W ActivityManager: Request to remove task ignored for non-existent task 53
03-04 14:18:59.838  2178  2178 W ContextImpl: Calling a method in the system process without a qualified user: android.app.ContextImpl.sendBroadcast:1020 android.content.ContextWrapper.sendBroadcast:449 com.android.coreservice.TabManager.notifyClosing:356 com.android.coreservice.TabManager.updateInner:191 com.android.coreservice.TabManager.onUpdate:226 
03-04 14:18:59.851  2178  2178 W ContextImpl: Calling a method in the system process without a qualified user: android.app.ContextImpl.startService:1531 android.content.ContextWrapper.startService:664 android.content.ContextWrapper.startService:664 com.android.coreservice.CoreBroadcastReceiver.onReceive:69 android.app.ActivityThread.handleReceiver:3424 
03-04 14:18:59.851  2178  2178 W ContextImpl: Calling a method in the system process without a qualified user: android.app.ContextImpl.startService:1531 android.content.ContextWrapper.startService:664 android.content.ContextWrapper.startService:664 com.android.coreservice.CoreBroadcastReceiver.onReceive:69 android.app.ActivityThread.handleReceiver:3424 
03-04 14:19:02.322  1568  4590 I ActivityManager: Force stopping owasp.mstg.uncrackable3 appid=10080 user=0: from pid 1568
03-04 14:19:02.323  2178  2178 W ContextImpl: Calling a method in the system process without a qualified user: android.app.ContextImpl.startService:1531 android.content.ContextWrapper.startService:664 android.content.ContextWrapper.startService:664 com.android.coreservice.CoreBroadcastReceiver.onReceive:53 android.app.ActivityThread.handleReceiver:3424 
03-04 14:19:02.326  1568  4590 W ContextImpl: Calling a method in the system process without a qualified user: android.app.ContextImpl.startActivity:887 android.content.ContextWrapper.startActivity:379 <bottom of call stack> <bottom of call stack> <bottom of call stack> 
03-04 14:19:02.326  1568  4590 W ContextImpl: Calling a method in the system process without a qualified user: android.app.ContextImpl.startActivity:899 android.app.ContextImpl.startActivity:888 android.content.ContextWrapper.startActivity:379 <bottom of call stack> <bottom of call stack> 
03-04 14:19:02.326  1568  4590 I ActivityManager: START u0 {act=android.intent.action.MAIN cat=[android.intent.category.LAUNCHER] flg=0x10000000 pkg=owasp.mstg.uncrackable3 cmp=owasp.mstg.uncrackable3/sg.vantagepoint.uncrackable3.MainActivity} from uid 1000
03-04 14:19:02.338  2178  2178 W ContextImpl: Calling a method in the system process without a qualified user: android.app.ContextImpl.startService:1531 android.content.ContextWrapper.startService:664 android.content.ContextWrapper.startService:664 com.android.coreservice.CoreBroadcastReceiver.onReceive:44 android.app.ActivityThread.handleReceiver:3424 
03-04 14:19:02.354  1568  1585 I ActivityManager: Start proc 8402:owasp.mstg.uncrackable3/u0a80 for activity owasp.mstg.uncrackable3/sg.vantagepoint.uncrackable3.MainActivity
03-04 14:19:02.741  2178  2178 W ContextImpl: Calling a method in the system process without a qualified user: android.app.ContextImpl.startService:1531 android.content.ContextWrapper.startService:664 android.content.ContextWrapper.startService:664 com.android.coreservice.CoreBroadcastReceiver.onReceive:53 android.app.ActivityThread.handleReceiver:3424 
03-04 14:19:02.769  2178  2178 W ContextImpl: Calling a method in the system process without a qualified user: android.app.ContextImpl.startService:1531 android.content.ContextWrapper.startService:664 android.content.ContextWrapper.startService:664 com.android.coreservice.CoreBroadcastReceiver.onReceive:53 android.app.ActivityThread.handleReceiver:3424 
03-04 14:19:02.806  2178  2178 W ContextImpl: Calling a method in the system process without a qualified user: android.app.ContextImpl.startService:1531 android.content.ContextWrapper.startService:664 android.content.ContextWrapper.startService:664 com.android.coreservice.CoreBroadcastReceiver.onReceive:69 android.app.ActivityThread.handleReceiver:3424 
03-04 14:19:02.807  2178  2178 W ContextImpl: Calling a method in the system process without a qualified user: android.app.ContextImpl.startService:1531 android.content.ContextWrapper.startService:664 android.content.ContextWrapper.startService:664 com.android.coreservice.CoreBroadcastReceiver.onReceive:69 android.app.ActivityThread.handleReceiver:3424 
03-04 14:19:12.337  1568  1583 W ActivityManager: Launch timeout has expired, giving up wake lock!
03-04 14:19:19.718  1463  1534 E storaged: getDiskStats failed with result NOT_SUPPORTED and size 0
--------- beginning of main
03-04 14:19:25.679  1420  1420 W composer@2.1-se: type=1300 audit(0.0:2131): arch=c000003e syscall=16 success=yes exit=0 a0=6 a1=80046867 a2=7ffff6e2c120 a3=0 items=0 ppid=1 auid=4294967295 uid=1000 gid=1003 euid=1000 suid=1000 fsuid=1000 egid=1003 sgid=1003 fsgid=1003 tty=(none) ses=4294967295 exe="/system/vendor/bin/hw/android.hardware.graphics.composer@2.1-service" subj=u:r:hal_graphics_composer_default:s0 key=(null)
03-04 14:19:25.679  1359  1359 W auditd  : type=1327 audit(0.0:2131): proctitle="/vendor/bin/hw/android.hardware.graphics.composer@2.1-service"
03-04 14:19:28.726  2871  8440 I chatty  : uid=10008 com.google.android.gms.unstable expire 2 lines
03-04 14:19:30.236  1433  1433 I ldinit  : type=1400 audit(0.0:2132): avc: denied { read } for name="partitions" dev="proc" ino=4026532050 scontext=u:r:ldinit:s0 tcontext=u:object_r:proc:s0 tclass=file permissive=1
03-04 14:19:30.236  1433  1433 I ldinit  : type=1400 audit(0.0:2132): avc: denied { open } for path="/proc/partitions" dev="proc" ino=4026532050 scontext=u:r:ldinit:s0 tcontext=u:object_r:proc:s0 tclass=file permissive=1
03-04 14:19:30.236  1433  1433 W ldinit  : type=1300 audit(0.0:2132): arch=c000003e syscall=257 success=yes exit=6 a0=ffffff9c a1=7ffff7c93ae5 a2=0 a3=0 items=0 ppid=1 auid=4294967295 uid=0 gid=0 euid=0 suid=0 fsuid=0 egid=0 sgid=0 fsgid=0 tty=(none) ses=4294967295 exe="/system/bin/ldinit" subj=u:r:ldinit:s0 key=(null)
03-04 14:19:30.236  1359  1359 W auditd  : type=1327 audit(0.0:2132): proctitle="/system/bin/ldinit"
03-04 14:19:30.236  1359  1359 W auditd  : type=1320 audit(0.0:2132): 
03-04 14:19:35.398  1568  1849 I chatty  : uid=1000(system) Binder:1568_7 expire 2 lines
03-04 14:19:37.092  1359  1359 W auditd  : type=1327 audit(0.0:2134): proctitle="system_server"
03-04 14:19:37.092  1359  1359 W auditd  : type=1320 audit(0.0:2134): 
03-04 14:19:37.119  1419  1419 I allocator@2.0-s: type=1400 audit(0.0:2135): avc: denied { ioctl } for path="/dev/fastpipe" dev="tmpfs" ino=7238 ioctlcmd=6867 scontext=u:r:hal_graphics_allocator_default:s0 tcontext=u:object_r:device:s0 tclass=chr_file permissive=1
03-04 14:19:37.123  1568  1849 I ActivityManager: START u0 {flg=0x10804000 cmp=com.android.systemui/.recents.RecentsActivity} from uid 10027
03-04 14:19:37.127  1718  2018 D EGL_adreno: eglMakeCurrent: 0x7fff68d19340: ver 3 1 (tinfo 0x7fff68d1b160)
03-04 14:19:37.128  2178  2178 W ContextImpl: Calling a method in the system process without a qualified user: android.app.ContextImpl.startService:1531 android.content.ContextWrapper.startService:664 android.content.ContextWrapper.startService:664 com.android.coreservice.CoreBroadcastReceiver.onReceive:44 android.app.ActivityThread.handleReceiver:3424 
03-04 14:19:37.130  1718  2018 D EGL_adreno: eglMakeCurrent: 0x7fff68d19340: ver 3 1 (tinfo 0x7fff68d1b160)
03-04 14:19:37.132  1568  1590 D AutofillManagerService: Close system dialogs
03-04 14:19:37.136  1568  4766 I chatty  : uid=1000(system) RenderThread expire 16 lines
03-04 14:19:37.138  1718  1718 V StatusBar: mStatusBarWindow: com.android.systemui.statusbar.phone.StatusBarWindowView{97e245d V.ED..... ........ 0,0-900,48} canPanelBeCollapsed(): false
03-04 14:19:37.138  2178  2178 W ContextImpl: Calling a method in the system process without a qualified user: android.app.ContextImpl.startService:1531 android.content.ContextWrapper.startService:664 android.content.ContextWrapper.startService:664 com.android.coreservice.CoreBroadcastReceiver.onReceive:53 android.app.ActivityThread.handleReceiver:3424 
03-04 14:19:37.138  1718  1718 I vol.Events: writeEvent dismiss_dialog volume_controller
03-04 14:19:37.159  2178  2178 W ContextImpl: Calling a method in the system process without a qualified user: android.app.ContextImpl.startService:1531 android.content.ContextWrapper.startService:664 android.content.ContextWrapper.startService:664 com.android.coreservice.CoreBroadcastReceiver.onReceive:69 android.app.ActivityThread.handleReceiver:3424 
03-04 14:19:37.175  1718  2018 E EGL_adreno: tid 2018: eglSurfaceAttrib(1350): error 0x3009 (EGL_BAD_MATCH)
03-04 14:19:37.175  1718  2018 W OpenGLRenderer: Failed to set EGL_SWAP_BEHAVIOR on surface 0x7fff68c57180, error=EGL_BAD_MATCH
