03-04 14:12:43.302  7788  7788 F DEBUG   : pid: 7752, tid: 7780, name: tg.uncrackable3  >>> owasp.mstg.uncrackable3 <<<
03-04 14:12:43.302  7788  7788 F DEBUG   : signal 6 (SIGABRT), code -6 (SI_TKILL), fault addr --------
03-04 14:12:43.302  7788  7788 F DEBUG   :     rax 0000000000000000  rbx 00007fff57841280  rcx 00007ffff44bdf47  rdx 0000000000000006
03-04 14:12:43.302  7788  7788 F DEBUG   :     r8  0000000000000031  r9  0000000000000031  r10 0000000000000000  r11 0000000000000202
03-04 14:12:43.302  7788  7788 F DEBUG   :     r12 00007fff57845b62  r13 00007fff57845b68  r14 00007fff57845b50  r15 00007fff57845b60
03-04 14:12:43.302  7788  7788 F DEBUG   :     rdi 0000000000001e48  rsi 0000000000001e64
03-04 14:12:43.302  7788  7788 F DEBUG   :     rbp 00007fff728140b0  rsp 00007fff57841268  rip 00007ffff44bdf47
03-04 14:12:43.302  7788  7788 F DEBUG   : 
03-04 14:12:43.302  7788  7788 F DEBUG   : backtrace:
03-04 14:12:43.302  7788  7788 F DEBUG   :     #00 pc 000000000007df47  /system/lib64/libc.so (offset 0x7d000) (tgkill+7)
03-04 14:12:43.302  7788  7788 F DEBUG   :     #01 pc 000000000000374a  /data/app/owasp.mstg.uncrackable3--sI-ddUhqniqfSpkzgbtPQ==/lib/x86_64/libfoo.so (goodbye()+10)
03-04 14:12:43.302  7788  7788 F DEBUG   :     #02 pc 000000000000389a  /data/app/owasp.mstg.uncrackable3--sI-ddUhqniqfSpkzgbtPQ==/lib/x86_64/libfoo.so
03-04 14:12:43.302  7788  7788 F DEBUG   :     #03 pc 000000000009079b  /system/lib64/libc.so (offset 0x7d000) (__pthread_start(void*)+27)
03-04 14:12:43.302  7788  7788 F DEBUG   :     #04 pc 000000000002bdad  /system/lib64/libc.so (offset 0x2a000) (__start_thread+61)
03-04 14:12:43.421  1568  1589 I BootReceiver: Copying /data/tombstones/tombstone_49 to DropBox (SYSTEM_TOMBSTONE)
03-04 14:12:43.422  1568  7795 W ActivityManager:   Force finishing activity owasp.mstg.uncrackable3/sg.vantagepoint.uncrackable3.MainActivity
03-04 14:12:43.424  1568  1584 I ActivityManager: Showing crash dialog for package owasp.mstg.uncrackable3 u0
03-04 14:12:43.432  1568  1583 W BroadcastQueue: Background execution not allowed: receiving Intent { act=android.intent.action.DROPBOX_ENTRY_ADDED flg=0x10 (has extras) } to com.google.android.gms/.stats.service.DropBoxEntryAddedReceiver
03-04 14:12:43.438  1568  1580 I WindowManager: WIN DEATH: Window{32b27e1 u0 owasp.mstg.uncrackable3/sg.vantagepoint.uncrackable3.MainActivity}
03-04 14:12:43.439  1568  1583 W BroadcastQueue: Background execution not allowed: receiving Intent { act=android.intent.action.DROPBOX_ENTRY_ADDED flg=0x10 (has extras) } to com.google.android.gms/.stats.service.DropBoxEntryAddedReceiver
03-04 14:12:43.446  1568  1621 I ActivityManager: Process owasp.mstg.uncrackable3 (pid 7752) has died: vis  +99TOP 
03-04 14:12:43.452  1568  1592 W ActivityManager: setHasOverlayUi called on unknown pid: 7752
03-04 14:12:43.644  1568  1584 W Looper  : Slow dispatch took 193ms android.ui h=android.view.Choreographer$FrameHandler c=android.view.Choreographer$FrameDisplayEventReceiver@5ed5961 m=0
03-04 14:12:43.646  1568  1584 W Looper  : Slow delivery took 207ms android.ui h=com.android.server.policy.PhoneWindowManager$PolicyHandler c=com.android.server.policy.PhoneWindowManager$19@a5bf2dd m=0
03-04 14:12:43.652  1568  1584 W Looper  : Drained
03-04 14:12:46.012  1568  4590 I ActivityManager: Force stopping owasp.mstg.uncrackable3 appid=10080 user=0: from pid 1568
03-04 14:12:46.016  1568  4590 W ContextImpl: Calling a method in the system process without a qualified user: android.app.ContextImpl.startActivity:887 android.content.ContextWrapper.startActivity:379 <bottom of call stack> <bottom of call stack> <bottom of call stack> 
03-04 14:12:46.017  1568  4590 W ContextImpl: Calling a method in the system process without a qualified user: android.app.ContextImpl.startActivity:899 android.app.ContextImpl.startActivity:888 android.content.ContextWrapper.startActivity:379 <bottom of call stack> <bottom of call stack> 
03-04 14:12:46.017  1568  4590 I ActivityManager: START u0 {act=android.intent.action.MAIN cat=[android.intent.category.LAUNCHER] flg=0x10000000 pkg=owasp.mstg.uncrackable3 cmp=owasp.mstg.uncrackable3/sg.vantagepoint.uncrackable3.MainActivity} from uid 1000
03-04 14:12:46.042  1568  1585 I ActivityManager: Start proc 7802:owasp.mstg.uncrackable3/u0a80 for activity owasp.mstg.uncrackable3/sg.vantagepoint.uncrackable3.MainActivity
03-04 14:12:48.677  1568  7795 W ActivityManager: Ignoring remove of inactive process: ProcessRecord{7a7c1b0 0:owasp.mstg.uncrackable3/u0a80}
03-04 14:12:55.837  7802  7828 F libc    : Fatal signal 6 (SIGABRT), code -6 (SI_TKILL) in tid 7828 (tg.uncrackable3), pid 7802 (tg.uncrackable3)
03-04 14:12:55.855  7836  7836 F DEBUG   : *** *** *** *** *** *** *** *** *** *** *** *** *** *** *** ***
03-04 14:12:55.855  7836  7836 F DEBUG   : Build fingerprint: 'Android/aosp_marlin/marlin:9/PQ3A.190605.04081832/3793265:user/release-keys'
03-04 14:12:55.855  7836  7836 F DEBUG   : Revision: '0'
03-04 14:12:55.855  7836  7836 F DEBUG   : ABI: 'x86_64'
03-04 14:12:55.855  7836  7836 F DEBUG   : pid: 7802, tid: 7828, name: tg.uncrackable3  >>> owasp.mstg.uncrackable3 <<<
03-04 14:12:55.855  7836  7836 F DEBUG   : signal 6 (SIGABRT), code -6 (SI_TKILL), fault addr --------
03-04 14:12:55.855  7836  7836 F DEBUG   :     rax 0000000000000000  rbx 00007fff5784d280  rcx 00007ffff44bdf47  rdx 0000000000000006
03-04 14:12:55.855  7836  7836 F DEBUG   :     r8  0000000000000031  r9  0000000000000031  r10 0000000000000000  r11 0000000000000202
03-04 14:12:55.855  7836  7836 F DEBUG   :     r12 00007fff57851b62  r13 00007fff57851b68  r14 00007fff57851b50  r15 00007fff57851b60
03-04 14:12:55.855  7836  7836 F DEBUG   :     rdi 0000000000001e7a  rsi 0000000000001e94
03-04 14:12:55.855  7836  7836 F DEBUG   :     rbp 00007fff728140b0  rsp 00007fff5784d268  rip 00007ffff44bdf47
03-04 14:12:55.855  7836  7836 F DEBUG   : 
03-04 14:12:55.855  7836  7836 F DEBUG   : backtrace:
03-04 14:12:55.855  7836  7836 F DEBUG   :     #00 pc 000000000007df47  /system/lib64/libc.so (offset 0x7d000) (tgkill+7)
03-04 14:12:55.855  7836  7836 F DEBUG   :     #01 pc 000000000000374a  /data/app/owasp.mstg.uncrackable3--sI-ddUhqniqfSpkzgbtPQ==/lib/x86_64/libfoo.so (offset 0x1000) (goodbye()+10)
03-04 14:12:55.855  7836  7836 F DEBUG   :     #02 pc 000000000000389a  /data/app/owasp.mstg.uncrackable3--sI-ddUhqniqfSpkzgbtPQ==/lib/x86_64/libfoo.so (offset 0x1000)
03-04 14:12:55.855  7836  7836 F DEBUG   :     #03 pc 000000000009079b  /system/lib64/libc.so (offset 0x7d000) (__pthread_start(void*)+27)
03-04 14:12:55.855  7836  7836 F DEBUG   :     #04 pc 000000000002bdad  /system/lib64/libc.so (offset 0x2a000) (__start_thread+61)
03-04 14:12:55.975  1568  1589 I BootReceiver: Copying /data/tombstones/tombstone_00 to DropBox (SYSTEM_TOMBSTONE)
03-04 14:12:55.976  1568  7843 W ActivityManager: Process owasp.mstg.uncrackable3 has crashed too many times: killing!
03-04 14:12:55.976  1568  7843 W ActivityManager:   Force finishing activity owasp.mstg.uncrackable3/sg.vantagepoint.uncrackable3.MainActivity
03-04 14:12:55.980  1568  7843 I ActivityManager: Killing 7802:owasp.mstg.uncrackable3/u0a80 (adj 199): crash
03-04 14:12:55.986  2178  2178 I chatty  : uid=1000(system) com.android.coreservice expire 11 lines
03-04 14:12:55.995  1568  2030 I WindowManager: WIN DEATH: Window{20d42fe u0 owasp.mstg.uncrackable3/sg.vantagepoint.uncrackable3.MainActivity}
03-04 14:12:56.001  1568  3970 W BroadcastQueue: Background execution not allowed: receiving Intent { act=android.intent.action.DROPBOX_ENTRY_ADDED flg=0x10 (has extras) } to com.google.android.gms/.stats.service.DropBoxEntryAddedReceiver
03-04 14:12:56.001  1568  1583 W BroadcastQueue: Background execution not allowed: receiving Intent { act=android.intent.action.DROPBOX_ENTRY_ADDED flg=0x10 (has extras) } to com.google.android.gms/.stats.service.DropBoxEntryAddedReceiver
03-04 14:12:56.107  1568  1592 W ActivityManager: setHasOverlayUi called on unknown pid: 7802
03-04 14:12:58.965  1568  4590 I ActivityManager: Force stopping owasp.mstg.uncrackable3 appid=10080 user=0: from pid 1568
03-04 14:12:58.970  1568  4590 W ContextImpl: Calling a method in the system process without a qualified user: android.app.ContextImpl.startActivity:887 android.content.ContextWrapper.startActivity:379 <bottom of call stack> <bottom of call stack> <bottom of call stack> 
03-04 14:12:58.970  1568  4590 W ContextImpl: Calling a method in the system process without a qualified user: android.app.ContextImpl.startActivity:899 android.app.ContextImpl.startActivity:888 android.content.ContextWrapper.startActivity:379 <bottom of call stack> <bottom of call stack> 
03-04 14:12:58.970  1568  4590 I ActivityManager: START u0 {act=android.intent.action.MAIN cat=[android.intent.category.LAUNCHER] flg=0x10000000 pkg=owasp.mstg.uncrackable3 cmp=owasp.mstg.uncrackable3/sg.vantagepoint.uncrackable3.MainActivity} from uid 1000
03-04 14:12:58.991  1568  1585 I ActivityManager: Start proc 7850:owasp.mstg.uncrackable3/u0a80 for activity owasp.mstg.uncrackable3/sg.vantagepoint.uncrackable3.MainActivity
03-04 14:13:16.472  7850  7880 F libc    : Fatal signal 6 (SIGABRT), code -6 (SI_TKILL) in tid 7880 (tg.uncrackable3), pid 7850 (tg.uncrackable3)
03-04 14:13:16.483  7890  7890 F DEBUG   : *** *** *** *** *** *** *** *** *** *** *** *** *** *** *** ***
03-04 14:13:16.483  7890  7890 F DEBUG   : Build fingerprint: 'Android/aosp_marlin/marlin:9/PQ3A.190605.04081832/3793265:user/release-keys'
03-04 14:13:16.483  7890  7890 F DEBUG   : Revision: '0'
03-04 14:13:16.483  7890  7890 F DEBUG   : ABI: 'x86_64'
03-04 14:13:16.483  7890  7890 F DEBUG   : pid: 7850, tid: 7880, name: tg.uncrackable3  >>> owasp.mstg.uncrackable3 <<<
03-04 14:13:16.483  7890  7890 F DEBUG   : signal 6 (SIGABRT), code -6 (SI_TKILL), fault addr --------
03-04 14:13:16.483  7890  7890 F DEBUG   :     rax 0000000000000000  rbx 00007fff57870280  rcx 00007ffff44bdf47  rdx 0000000000000006
03-04 14:13:16.483  7890  7890 F DEBUG   :     r8  0000000000000031  r9  0000000000000031  r10 0000000000000000  r11 0000000000000202
03-04 14:13:16.483  7890  7890 F DEBUG   :     r12 00007fff57874b62  r13 00007fff57874b68  r14 00007fff57874b50  r15 00007fff57874b60
03-04 14:13:16.483  7890  7890 F DEBUG   :     rdi 0000000000001eaa  rsi 0000000000001ec8
03-04 14:13:16.483  7890  7890 F DEBUG   :     rbp 00007fff728140b0  rsp 00007fff57870268  rip 00007ffff44bdf47
03-04 14:13:16.483  7890  7890 F DEBUG   : 
03-04 14:13:16.483  7890  7890 F DEBUG   : backtrace:
03-04 14:13:16.484  7890  7890 F DEBUG   :     #00 pc 000000000007df47  /system/lib64/libc.so (offset 0x7d000) (tgkill+7)
03-04 14:13:16.484  7890  7890 F DEBUG   :     #01 pc 000000000000374a  /data/app/owasp.mstg.uncrackable3--sI-ddUhqniqfSpkzgbtPQ==/lib/x86_64/libfoo.so (offset 0x1000) (goodbye()+10)
03-04 14:13:16.484  7890  7890 F DEBUG   :     #02 pc 000000000000389a  /data/app/owasp.mstg.uncrackable3--sI-ddUhqniqfSpkzgbtPQ==/lib/x86_64/libfoo.so (offset 0x1000)
03-04 14:13:16.484  7890  7890 F DEBUG   :     #03 pc 000000000009079b  /system/lib64/libc.so (offset 0x7d000) (__pthread_start(void*)+27)
03-04 14:13:16.484  7890  7890 F DEBUG   :     #04 pc 000000000002bdad  /system/lib64/libc.so (offset 0x2a000) (__start_thread+61)
03-04 14:13:16.615  1568  7897 W ActivityManager:   Force finishing activity owasp.mstg.uncrackable3/sg.vantagepoint.uncrackable3.MainActivity
03-04 14:13:16.623  1568  7897 W ActivityManager: Exception thrown during pause
03-04 14:13:16.623  1568  7897 W ActivityManager: android.os.DeadObjectException
03-04 14:13:16.623  1568  7897 W ActivityManager: 	at android.os.BinderProxy.transactNative(Native Method)
03-04 14:13:16.623  1568  7897 W ActivityManager: 	at android.os.BinderProxy.transact(Binder.java:1127)
03-04 14:13:16.623  1568  7897 W ActivityManager: 	at android.app.IApplicationThread$Stub$Proxy.scheduleTransaction(IApplicationThread.java:1777)
03-04 14:13:16.623  1568  7897 W ActivityManager: 	at android.app.servertransaction.ClientTransaction.schedule(ClientTransaction.java:129)
03-04 14:13:16.623  1568  7897 W ActivityManager: 	at com.android.server.am.ClientLifecycleManager.scheduleTransaction(ClientLifecycleManager.java:47)
03-04 14:13:16.623  1568  7897 W ActivityManager: 	at com.android.server.am.ClientLifecycleManager.scheduleTransaction(ClientLifecycleManager.java:69)
03-04 14:13:16.623  1568  7897 W ActivityManager: 	at com.android.server.am.ActivityStack.startPausingLocked(ActivityStack.java:1463)
03-04 14:13:16.623  1568  7897 W ActivityManager: 	at com.android.server.am.ActivityStack.finishActivityLocked(ActivityStack.java:3754)
03-04 14:13:16.623  1568  7897 W ActivityManager: 	at com.android.server.am.ActivityStack.finishActivityLocked(ActivityStack.java:3696)
03-04 14:13:16.623  1568  7897 W ActivityManager: 	at com.android.server.am.ActivityStack.finishTopCrashedActivityLocked(ActivityStack.java:3579)
03-04 14:13:16.623  1568  7897 W ActivityManager: 	at com.android.server.am.ActivityStackSupervisor.finishTopCrashedActivitiesLocked(ActivityStackSupervisor.java:2259)
03-04 14:13:16.623  1568  7897 W ActivityManager: 	at com.android.server.am.AppErrors.handleAppCrashLocked(AppErrors.java:748)
03-04 14:13:16.623  1568  7897 W ActivityManager: 	at com.android.server.am.AppErrors.makeAppCrashingLocked(AppErrors.java:580)
03-04 14:13:16.623  1568  7897 W ActivityManager: 	at com.android.server.am.AppErrors.crashApplicationInner(AppErrors.java:447)
03-04 14:13:16.623  1568  7897 W ActivityManager: 	at com.android.server.am.AppErrors.crashApplication(AppErrors.java:392)
03-04 14:13:16.623  1568  7897 W ActivityManager: 	at com.android.server.am.ActivityManagerService.handleApplicationCrashInner(ActivityManagerService.java:15657)
03-04 14:13:16.623  1568  7897 W ActivityManager: 	at com.android.server.am.NativeCrashListener$NativeCrashReporter.run(NativeCrashListener.java:85)
03-04 14:13:16.624  1568  1589 I BootReceiver: Copying /data/tombstones/tombstone_01 to DropBox (SYSTEM_TOMBSTONE)
03-04 14:13:16.629  2178  2178 I chatty  : uid=1000(system) com.android.coreservice expire 10 lines
03-04 14:13:16.629  1568  1584 I ActivityManager: Showing crash dialog for package owasp.mstg.uncrackable3 u0
03-04 14:13:16.640  1568  1580 I WindowManager: WIN DEATH: Window{f3e83a0 u0 owasp.mstg.uncrackable3/sg.vantagepoint.uncrackable3.MainActivity}
03-04 14:13:16.651  1568  3507 W BroadcastQueue: Background execution not allowed: receiving Intent { act=android.intent.action.DROPBOX_ENTRY_ADDED flg=0x10 (has extras) } to com.google.android.gms/.stats.service.DropBoxEntryAddedReceiver
03-04 14:13:16.652  1568  1622 I ActivityManager: Process owasp.mstg.uncrackable3 (pid 7850) has died: vis  +99TOP 
03-04 14:13:16.659  1568  1583 W BroadcastQueue: Background execution not allowed: receiving Intent { act=android.intent.action.DROPBOX_ENTRY_ADDED flg=0x10 (has extras) } to com.google.android.gms/.stats.service.DropBoxEntryAddedReceiver
03-04 14:13:16.659  1568  1592 W ActivityManager: setHasOverlayUi called on unknown pid: 7850
03-04 14:13:16.818  1568  1584 W Looper  : Slow dispatch took 136ms android.ui h=android.view.Choreographer$FrameHandler c=android.view.Choreographer$FrameDisplayEventReceiver@5ed5961 m=0
03-04 14:13:19.368  1568  4590 I ActivityManager: Force stopping owasp.mstg.uncrackable3 appid=10080 user=0: from pid 1568
03-04 14:13:19.372  1568  4590 W ContextImpl: Calling a method in the system process without a qualified user: android.app.ContextImpl.startActivity:887 android.content.ContextWrapper.startActivity:379 <bottom of call stack> <bottom of call stack> <bottom of call stack> 
03-04 14:13:19.372  1568  4590 W ContextImpl: Calling a method in the system process without a qualified user: android.app.ContextImpl.startActivity:899 android.app.ContextImpl.startActivity:888 android.content.ContextWrapper.startActivity:379 <bottom of call stack> <bottom of call stack> 
03-04 14:13:19.372  1568  4590 I ActivityManager: START u0 {act=android.intent.action.MAIN cat=[android.intent.category.LAUNCHER] flg=0x10000000 pkg=owasp.mstg.uncrackable3 cmp=owasp.mstg.uncrackable3/sg.vantagepoint.uncrackable3.MainActivity} from uid 1000
03-04 14:13:19.393  1568  1585 I ActivityManager: Start proc 7906:owasp.mstg.uncrackable3/u0a80 for activity owasp.mstg.uncrackable3/sg.vantagepoint.uncrackable3.MainActivity
03-04 14:13:19.677  1463  1534 E storaged: getDiskStats failed with result NOT_SUPPORTED and size 0
03-04 14:13:21.463  1568  7897 W ActivityManager: Ignoring remove of inactive process: ProcessRecord{b194795 0:owasp.mstg.uncrackable3/u0a80}
03-04 14:13:27.824  7906  7934 F libc    : Fatal signal 6 (SIGABRT), code -6 (SI_TKILL) in tid 7934 (tg.uncrackable3), pid 7906 (tg.uncrackable3)
03-04 14:13:27.842  7942  7942 F DEBUG   : *** *** *** *** *** *** *** *** *** *** *** *** *** *** *** ***
03-04 14:13:27.842  7942  7942 F DEBUG   : Build fingerprint: 'Android/aosp_marlin/marlin:9/PQ3A.190605.04081832/3793265:user/release-keys'
03-04 14:13:27.842  7942  7942 F DEBUG   : Revision: '0'
03-04 14:13:27.842  7942  7942 F DEBUG   : ABI: 'x86_64'
03-04 14:13:27.842  7942  7942 F DEBUG   : pid: 7906, tid: 7934, name: tg.uncrackable3  >>> owasp.mstg.uncrackable3 <<<
03-04 14:13:27.842  7942  7942 F DEBUG   : signal 6 (SIGABRT), code -6 (SI_TKILL), fault addr --------
03-04 14:13:27.842  7942  7942 F DEBUG   :     rax 0000000000000000  rbx 00007fff57867280  rcx 00007ffff44bdf47  rdx 0000000000000006
03-04 14:13:27.842  7942  7942 F DEBUG   :     r8  0000000000000031  r9  0000000000000031  r10 0000000000000000  r11 0000000000000202
03-04 14:13:27.842  7942  7942 F DEBUG   :     r12 00007fff5786bb62  r13 00007fff5786bb68  r14 00007fff5786bb50  r15 00007fff5786bb60
03-04 14:13:27.842  7942  7942 F DEBUG   :     rdi 0000000000001ee2  rsi 0000000000001efe
03-04 14:13:27.842  7942  7942 F DEBUG   :     rbp 00007fff728140b0  rsp 00007fff57867268  rip 00007ffff44bdf47
03-04 14:13:27.843  7942  7942 F DEBUG   : 
03-04 14:13:27.843  7942  7942 F DEBUG   : backtrace:
03-04 14:13:27.843  7942  7942 F DEBUG   :     #00 pc 000000000007df47  /system/lib64/libc.so (offset 0x7d000) (tgkill+7)
03-04 14:13:27.843  7942  7942 F DEBUG   :     #01 pc 000000000000374a  /data/app/owasp.mstg.uncrackable3--sI-ddUhqniqfSpkzgbtPQ==/lib/x86_64/libfoo.so (offset 0x1000) (goodbye()+10)
03-04 14:13:27.843  7942  7942 F DEBUG   :     #02 pc 000000000000389a  /data/app/owasp.mstg.uncrackable3--sI-ddUhqniqfSpkzgbtPQ==/lib/x86_64/libfoo.so (offset 0x1000)
03-04 14:13:27.843  7942  7942 F DEBUG   :     #03 pc 000000000009079b  /system/lib64/libc.so (offset 0x7d000) (__pthread_start(void*)+27)
03-04 14:13:27.843  7942  7942 F DEBUG   :     #04 pc 000000000002bdad  /system/lib64/libc.so (offset 0x2a000) (__start_thread+61)
03-04 14:13:27.976  1568  7949 W ActivityManager: Process owasp.mstg.uncrackable3 has crashed too many times: killing!
03-04 14:13:27.976  1568  7949 W ActivityManager:   Force finishing activity owasp.mstg.uncrackable3/sg.vantagepoint.uncrackable3.MainActivity
03-04 14:13:27.980  1568  1589 I BootReceiver: Copying /data/tombstones/tombstone_02 to DropBox (SYSTEM_TOMBSTONE)
03-04 14:13:27.985  1568  7949 I ActivityManager: Killing 7906:owasp.mstg.uncrackable3/u0a80 (adj 199): crash
03-04 14:13:27.999  1568  3970 I WindowManager: WIN DEATH: Window{9b174fa u0 owasp.mstg.uncrackable3/sg.vantagepoint.uncrackable3.MainActivity}
03-04 14:13:28.015  1568  3507 W BroadcastQueue: Background execution not allowed: receiving Intent { act=android.intent.action.DROPBOX_ENTRY_ADDED flg=0x10 (has extras) } to com.google.android.gms/.stats.service.DropBoxEntryAddedReceiver
03-04 14:13:28.018  1568  1583 W BroadcastQueue: Background execution not allowed: receiving Intent { act=android.intent.action.DROPBOX_ENTRY_ADDED flg=0x10 (has extras) } to com.google.android.gms/.stats.service.DropBoxEntryAddedReceiver
03-04 14:13:28.018  2178  2178 I chatty  : uid=1000(system) com.android.coreservice expire 4 lines
03-04 14:13:28.125  1568  1592 W ActivityManager: setHasOverlayUi called on unknown pid: 7906
03-04 14:13:34.041  1568  4590 I ActivityManager: Force stopping owasp.mstg.uncrackable3 appid=10080 user=0: from pid 1568
03-04 14:13:34.042  2178  2178 W ContextImpl: Calling a method in the system process without a qualified user: android.app.ContextImpl.startService:1531 android.content.ContextWrapper.startService:664 android.content.ContextWrapper.startService:664 com.android.coreservice.CoreBroadcastReceiver.onReceive:53 android.app.ActivityThread.handleReceiver:3424 
03-04 14:13:34.045  1568  4590 W ContextImpl: Calling a method in the system process without a qualified user: android.app.ContextImpl.startActivity:887 android.content.ContextWrapper.startActivity:379 <bottom of call stack> <bottom of call stack> <bottom of call stack> 
03-04 14:13:34.045  1568  4590 W ContextImpl: Calling a method in the system process without a qualified user: android.app.ContextImpl.startActivity:899 android.app.ContextImpl.startActivity:888 android.content.ContextWrapper.startActivity:379 <bottom of call stack> <bottom of call stack> 
03-04 14:13:34.045  1568  4590 I ActivityManager: START u0 {act=android.intent.action.MAIN cat=[android.intent.category.LAUNCHER] flg=0x10000000 pkg=owasp.mstg.uncrackable3 cmp=owasp.mstg.uncrackable3/sg.vantagepoint.uncrackable3.MainActivity} from uid 1000
03-04 14:13:34.048  2178  2178 W ContextImpl: Calling a method in the system process without a qualified user: android.app.ContextImpl.startService:1531 android.content.ContextWrapper.startService:664 android.content.ContextWrapper.startService:664 com.android.coreservice.CoreBroadcastReceiver.onReceive:44 android.app.ActivityThread.handleReceiver:3424 
03-04 14:13:34.068  1568  1585 I ActivityManager: Start proc 7958:owasp.mstg.uncrackable3/u0a80 for activity owasp.mstg.uncrackable3/sg.vantagepoint.uncrackable3.MainActivity
03-04 14:13:34.477  2178  2178 W ContextImpl: Calling a method in the system process without a qualified user: android.app.ContextImpl.startService:1531 android.content.ContextWrapper.startService:664 android.content.ContextWrapper.startService:664 com.android.coreservice.CoreBroadcastReceiver.onReceive:53 android.app.ActivityThread.handleReceiver:3424 
03-04 14:13:34.508  2178  2178 W ContextImpl: Calling a method in the system process without a qualified user: android.app.ContextImpl.startService:1531 android.content.ContextWrapper.startService:664 android.content.ContextWrapper.startService:664 com.android.coreservice.CoreBroadcastReceiver.onReceive:53 android.app.ActivityThread.handleReceiver:3424 
03-04 14:13:34.546  2178  2178 W ContextImpl: Calling a method in the system process without a qualified user: android.app.ContextImpl.startService:1531 android.content.ContextWrapper.startService:664 android.content.ContextWrapper.startService:664 com.android.coreservice.CoreBroadcastReceiver.onReceive:69 android.app.ActivityThread.handleReceiver:3424 
03-04 14:14:03.355  7958  7986 F libc    : Fatal signal 6 (SIGABRT), code -6 (SI_TKILL) in tid 7986 (tg.uncrackable3), pid 7958 (tg.uncrackable3)
03-04 14:14:03.384  7996  7996 F DEBUG   : *** *** *** *** *** *** *** *** *** *** *** *** *** *** *** ***
03-04 14:14:03.384  7996  7996 F DEBUG   : Build fingerprint: 'Android/aosp_marlin/marlin:9/PQ3A.190605.04081832/3793265:user/release-keys'
03-04 14:14:03.384  7996  7996 F DEBUG   : Revision: '0'
03-04 14:14:03.384  7996  7996 F DEBUG   : ABI: 'x86_64'
03-04 14:14:03.384  7996  7996 F DEBUG   : pid: 7958, tid: 7986, name: tg.uncrackable3  >>> owasp.mstg.uncrackable3 <<<
03-04 14:14:03.384  7996  7996 F DEBUG   : signal 6 (SIGABRT), code -6 (SI_TKILL), fault addr --------
03-04 14:14:03.384  7996  7996 F DEBUG   :     rax 0000000000000000  rbx 00007fff57803280  rcx 00007ffff44bdf47  rdx 0000000000000006
03-04 14:14:03.384  7996  7996 F DEBUG   :     r8  0000000000000031  r9  0000000000000031  r10 0000000000000000  r11 0000000000000202
03-04 14:14:03.384  7996  7996 F DEBUG   :     r12 00007fff57807b62  r13 00007fff57807b68  r14 00007fff57807b50  r15 00007fff57807b60
03-04 14:14:03.384  7996  7996 F DEBUG   :     rdi 0000000000001f16  rsi 0000000000001f32
03-04 14:14:03.384  7996  7996 F DEBUG   :     rbp 00007fff728140b0  rsp 00007fff57803268  rip 00007ffff44bdf47
03-04 14:14:03.385  7996  7996 F DEBUG   : 
03-04 14:14:03.385  7996  7996 F DEBUG   : backtrace:
03-04 14:14:03.385  7996  7996 F DEBUG   :     #00 pc 000000000007df47  /system/lib64/libc.so (offset 0x7d000) (tgkill+7)
03-04 14:14:03.385  7996  7996 F DEBUG   :     #01 pc 000000000000374a  /data/app/owasp.mstg.uncrackable3--sI-ddUhqniqfSpkzgbtPQ==/lib/x86_64/libfoo.so (offset 0x1000) (goodbye()+10)
03-04 14:14:03.385  7996  7996 F DEBUG   :     #02 pc 000000000000389a  /data/app/owasp.mstg.uncrackable3--sI-ddUhqniqfSpkzgbtPQ==/lib/x86_64/libfoo.so (offset 0x1000)
03-04 14:14:03.385  7996  7996 F DEBUG   :     #03 pc 000000000009079b  /system/lib64/libc.so (offset 0x7d000) (__pthread_start(void*)+27)
03-04 14:14:03.385  7996  7996 F DEBUG   :     #04 pc 000000000002bdad  /system/lib64/libc.so (offset 0x2a000) (__start_thread+61)
03-04 14:13:34.547  2178  2178 W ContextImpl: Calling a method in the system process without a qualified user: android.app.ContextImpl.startService:1531 android.content.ContextWrapper.startService:664 android.content.ContextWrapper.startService:664 com.android.coreservice.CoreBroadcastReceiver.onReceive:69 android.app.ActivityThread.handleReceiver:3424 
03-04 14:14:03.517  1568  1589 I BootReceiver: Copying /data/tombstones/tombstone_03 to DropBox (SYSTEM_TOMBSTONE)
03-04 14:14:03.520  1568  8003 W ActivityManager:   Force finishing activity owasp.mstg.uncrackable3/sg.vantagepoint.uncrackable3.MainActivity
03-04 14:14:03.522  1568  1584 I ActivityManager: Showing crash dialog for package owasp.mstg.uncrackable3 u0
03-04 14:14:03.527  1568  1583 W BroadcastQueue: Background execution not allowed: receiving Intent { act=android.intent.action.DROPBOX_ENTRY_ADDED flg=0x10 (has extras) } to com.google.android.gms/.stats.service.DropBoxEntryAddedReceiver
03-04 14:14:03.543  1568  1583 W BroadcastQueue: Background execution not allowed: receiving Intent { act=android.intent.action.DROPBOX_ENTRY_ADDED flg=0x10 (has extras) } to com.google.android.gms/.stats.service.DropBoxEntryAddedReceiver
03-04 14:14:03.546  1568  3507 I ActivityManager: Process owasp.mstg.uncrackable3 (pid 7958) has died: vis  +99TOP 
03-04 14:14:03.547  1568  3489 I WindowManager: WIN DEATH: Window{99a0609 u0 owasp.mstg.uncrackable3/sg.vantagepoint.uncrackable3.MainActivity}
03-04 14:14:03.558  1568  1592 W ActivityManager: setHasOverlayUi called on unknown pid: 7958
03-04 14:14:03.574  2178  2178 W ContextImpl: Calling a method in the system process without a qualified user: android.app.ContextImpl.startService:1531 android.content.ContextWrapper.startService:664 android.content.ContextWrapper.startService:664 com.android.coreservice.CoreBroadcastReceiver.onReceive:44 android.app.ActivityThread.handleReceiver:3424 
03-04 14:14:03.585  2178  2178 W ContextImpl: Calling a method in the system process without a qualified user: android.app.ContextImpl.startService:1531 android.content.ContextWrapper.startService:664 android.content.ContextWrapper.startService:664 com.android.coreservice.CoreBroadcastReceiver.onReceive:69 android.app.ActivityThread.handleReceiver:3424 
03-04 14:14:03.594  2178  2178 W ContextImpl: Calling a method in the system process without a qualified user: android.app.ContextImpl.startService:1531 android.content.ContextWrapper.startService:664 android.content.ContextWrapper.startService:664 com.android.coreservice.CoreBroadcastReceiver.onReceive:53 android.app.ActivityThread.handleReceiver:3424 
03-04 14:14:03.602  2178  2178 W ContextImpl: Calling a method in the system process without a qualified user: android.app.ContextImpl.sendBroadcast:1020 android.content.ContextWrapper.sendBroadcast:449 com.android.coreservice.TabManager.notifyClosing:356 com.android.coreservice.TabManager.updateInner:191 com.android.coreservice.TabManager.onUpdate:226 
03-04 14:14:03.692  1568  1584 W Looper  : Slow dispatch took 133ms android.ui h=android.view.Choreographer$FrameHandler c=android.view.Choreographer$FrameDisplayEventReceiver@5ed5961 m=0
03-04 14:14:05.967  1568  8003 W ActivityManager: Ignoring remove of inactive process: ProcessRecord{dcdfbfb 0:owasp.mstg.uncrackable3/u0a80}
03-04 14:14:05.982  2178  2178 W ContextImpl: Calling a method in the system process without a qualified user: android.app.ContextImpl.startService:1531 android.content.ContextWrapper.startService:664 android.content.ContextWrapper.startService:664 com.android.coreservice.CoreBroadcastReceiver.onReceive:69 android.app.ActivityThread.handleReceiver:3424 
03-04 14:14:08.447  1568  4590 I ActivityManager: Force stopping owasp.mstg.uncrackable3 appid=10080 user=0: from pid 1568
03-04 14:14:08.448  2178  2178 W ContextImpl: Calling a method in the system process without a qualified user: android.app.ContextImpl.startService:1531 android.content.ContextWrapper.startService:664 android.content.ContextWrapper.startService:664 com.android.coreservice.CoreBroadcastReceiver.onReceive:53 android.app.ActivityThread.handleReceiver:3424 
03-04 14:14:08.450  1568  4590 W ContextImpl: Calling a method in the system process without a qualified user: android.app.ContextImpl.startActivity:887 android.content.ContextWrapper.startActivity:379 <bottom of call stack> <bottom of call stack> <bottom of call stack> 
03-04 14:14:08.450  1568  4590 W ContextImpl: Calling a method in the system process without a qualified user: android.app.ContextImpl.startActivity:899 android.app.ContextImpl.startActivity:888 android.content.ContextWrapper.startActivity:379 <bottom of call stack> <bottom of call stack> 
03-04 14:14:08.450  1568  4590 I ActivityManager: START u0 {act=android.intent.action.MAIN cat=[android.intent.category.LAUNCHER] flg=0x10000000 pkg=owasp.mstg.uncrackable3 cmp=owasp.mstg.uncrackable3/sg.vantagepoint.uncrackable3.MainActivity} from uid 1000
03-04 14:14:08.453  2178  2178 W ContextImpl: Calling a method in the system process without a qualified user: android.app.ContextImpl.startService:1531 android.content.ContextWrapper.startService:664 android.content.ContextWrapper.startService:664 com.android.coreservice.CoreBroadcastReceiver.onReceive:44 android.app.ActivityThread.handleReceiver:3424 
03-04 14:14:08.468  1568  1585 I ActivityManager: Start proc 8012:owasp.mstg.uncrackable3/u0a80 for activity owasp.mstg.uncrackable3/sg.vantagepoint.uncrackable3.MainActivity
03-04 14:14:08.850  2178  2178 W ContextImpl: Calling a method in the system process without a qualified user: android.app.ContextImpl.startService:1531 android.content.ContextWrapper.startService:664 android.content.ContextWrapper.startService:664 com.android.coreservice.CoreBroadcastReceiver.onReceive:53 android.app.ActivityThread.handleReceiver:3424 
03-04 14:14:08.886  2178  2178 W ContextImpl: Calling a method in the system process without a qualified user: android.app.ContextImpl.startService:1531 android.content.ContextWrapper.startService:664 android.content.ContextWrapper.startService:664 com.android.coreservice.CoreBroadcastReceiver.onReceive:53 android.app.ActivityThread.handleReceiver:3424 
03-04 14:14:08.920  2178  2178 W ContextImpl: Calling a method in the system process without a qualified user: android.app.ContextImpl.startService:1531 android.content.ContextWrapper.startService:664 android.content.ContextWrapper.startService:664 com.android.coreservice.CoreBroadcastReceiver.onReceive:69 android.app.ActivityThread.handleReceiver:3424 
03-04 14:14:14.142  8012  8040 F libc    : Fatal signal 6 (SIGABRT), code -6 (SI_TKILL) in tid 8040 (tg.uncrackable3), pid 8012 (tg.uncrackable3)
03-04 14:14:14.155  8049  8049 F DEBUG   : *** *** *** *** *** *** *** *** *** *** *** *** *** *** *** ***
03-04 14:14:14.155  8049  8049 F DEBUG   : Build fingerprint: 'Android/aosp_marlin/marlin:9/PQ3A.190605.04081832/3793265:user/release-keys'
03-04 14:14:14.155  8049  8049 F DEBUG   : Revision: '0'
03-04 14:14:14.155  8049  8049 F DEBUG   : ABI: 'x86_64'
03-04 14:14:14.155  8049  8049 F DEBUG   : pid: 8012, tid: 8040, name: tg.uncrackable3  >>> owasp.mstg.uncrackable3 <<<
03-04 14:14:14.155  8049  8049 F DEBUG   : signal 6 (SIGABRT), code -6 (SI_TKILL), fault addr --------
03-04 14:14:14.155  8049  8049 F DEBUG   :     rax 0000000000000000  rbx 00007fff57830280  rcx 00007ffff44bdf47  rdx 0000000000000006
03-04 14:14:14.155  8049  8049 F DEBUG   :     r8  0000000000000031  r9  0000000000000031  r10 0000000000000000  r11 0000000000000202
03-04 14:14:14.155  8049  8049 F DEBUG   :     r12 00007fff57834b62  r13 00007fff57834b68  r14 00007fff57834b50  r15 00007fff57834b60
03-04 14:14:14.155  8049  8049 F DEBUG   :     rdi 0000000000001f4c  rsi 0000000000001f68
03-04 14:14:14.155  8049  8049 F DEBUG   :     rbp 00007fff728140b0  rsp 00007fff57830268  rip 00007ffff44bdf47
03-04 14:14:14.156  8049  8049 F DEBUG   : 
03-04 14:14:14.156  8049  8049 F DEBUG   : backtrace:
03-04 14:14:14.156  8049  8049 F DEBUG   :     #00 pc 000000000007df47  /system/lib64/libc.so (offset 0x7d000) (tgkill+7)
03-04 14:14:14.156  8049  8049 F DEBUG   :     #01 pc 000000000000374a  /data/app/owasp.mstg.uncrackable3--sI-ddUhqniqfSpkzgbtPQ==/lib/x86_64/libfoo.so (goodbye()+10)
03-04 14:14:14.156  8049  8049 F DEBUG   :     #02 pc 000000000000389a  /data/app/owasp.mstg.uncrackable3--sI-ddUhqniqfSpkzgbtPQ==/lib/x86_64/libfoo.so
03-04 14:14:14.156  8049  8049 F DEBUG   :     #03 pc 000000000009079b  /system/lib64/libc.so (offset 0x7d000) (__pthread_start(void*)+27)
03-04 14:14:14.156  8049  8049 F DEBUG   :     #04 pc 000000000002bdad  /system/lib64/libc.so (offset 0x2a000) (__start_thread+61)
03-04 14:14:08.921  2178  2178 W ContextImpl: Calling a method in the system process without a qualified user: android.app.ContextImpl.startService:1531 android.content.ContextWrapper.startService:664 android.content.ContextWrapper.startService:664 com.android.coreservice.CoreBroadcastReceiver.onReceive:69 android.app.ActivityThread.handleReceiver:3424 
03-04 14:14:14.276  1568  1589 I BootReceiver: Copying /data/tombstones/tombstone_04 to DropBox (SYSTEM_TOMBSTONE)
03-04 14:14:14.278  1568  8056 W ActivityManager:   Force finishing activity owasp.mstg.uncrackable3/sg.vantagepoint.uncrackable3.MainActivity
03-04 14:14:14.289  1568  1584 I ActivityManager: Showing crash dialog for package owasp.mstg.uncrackable3 u0
03-04 14:14:14.294  1568  1583 W BroadcastQueue: Background execution not allowed: receiving Intent { act=android.intent.action.DROPBOX_ENTRY_ADDED flg=0x10 (has extras) } to com.google.android.gms/.stats.service.DropBoxEntryAddedReceiver
03-04 14:14:14.298  1568  1583 W BroadcastQueue: Background execution not allowed: receiving Intent { act=android.intent.action.DROPBOX_ENTRY_ADDED flg=0x10 (has extras) } to com.google.android.gms/.stats.service.DropBoxEntryAddedReceiver
03-04 14:14:14.299  1568  3483 I WindowManager: WIN DEATH: Window{c1cfc9a u0 owasp.mstg.uncrackable3/sg.vantagepoint.uncrackable3.MainActivity}
03-04 14:14:14.300  1568  2030 I ActivityManager: Process owasp.mstg.uncrackable3 (pid 8012) has died: vis  +99TOP 
03-04 14:14:14.304  1568  1592 W ActivityManager: setHasOverlayUi called on unknown pid: 8012
03-04 14:14:14.304  2178  2178 W ContextImpl: Calling a method in the system process without a qualified user: android.app.ContextImpl.startService:1531 android.content.ContextWrapper.startService:664 android.content.ContextWrapper.startService:664 com.android.coreservice.CoreBroadcastReceiver.onReceive:69 android.app.ActivityThread.handleReceiver:3424 
03-04 14:14:14.305  2178  2178 W ContextImpl: Calling a method in the system process without a qualified user: android.app.ContextImpl.startService:1531 android.content.ContextWrapper.startService:664 android.content.ContextWrapper.startService:664 com.android.coreservice.CoreBroadcastReceiver.onReceive:44 android.app.ActivityThread.handleReceiver:3424 
03-04 14:14:14.348  2178  2178 W ContextImpl: Calling a method in the system process without a qualified user: android.app.ContextImpl.startService:1531 android.content.ContextWrapper.startService:664 android.content.ContextWrapper.startService:664 com.android.coreservice.CoreBroadcastReceiver.onReceive:53 android.app.ActivityThread.handleReceiver:3424 
03-04 14:14:14.362  2178  2178 W ContextImpl: Calling a method in the system process without a qualified user: android.app.ContextImpl.sendBroadcast:1020 android.content.ContextWrapper.sendBroadcast:449 com.android.coreservice.TabManager.notifyClosing:356 com.android.coreservice.TabManager.updateInner:191 com.android.coreservice.TabManager.onUpdate:226 
03-04 14:14:14.453  1568  1584 W Looper  : Slow dispatch took 121ms android.ui h=android.view.Choreographer$FrameHandler c=android.view.Choreographer$FrameDisplayEventReceiver@5ed5961 m=0
03-04 14:14:17.130  1568  4590 I ActivityManager: Force stopping owasp.mstg.uncrackable3 appid=10080 user=0: from pid 1568
03-04 14:14:17.131  2178  2178 W ContextImpl: Calling a method in the system process without a qualified user: android.app.ContextImpl.startService:1531 android.content.ContextWrapper.startService:664 android.content.ContextWrapper.startService:664 com.android.coreservice.CoreBroadcastReceiver.onReceive:53 android.app.ActivityThread.handleReceiver:3424 
03-04 14:14:17.133  1568  4590 W ContextImpl: Calling a method in the system process without a qualified user: android.app.ContextImpl.startActivity:887 android.content.ContextWrapper.startActivity:379 <bottom of call stack> <bottom of call stack> <bottom of call stack> 
03-04 14:14:17.133  1568  4590 W ContextImpl: Calling a method in the system process without a qualified user: android.app.ContextImpl.startActivity:899 android.app.ContextImpl.startActivity:888 android.content.ContextWrapper.startActivity:379 <bottom of call stack> <bottom of call stack> 
03-04 14:14:17.133  1568  4590 I ActivityManager: START u0 {act=android.intent.action.MAIN cat=[android.intent.category.LAUNCHER] flg=0x10000000 pkg=owasp.mstg.uncrackable3 cmp=owasp.mstg.uncrackable3/sg.vantagepoint.uncrackable3.MainActivity} from uid 1000
03-04 14:14:17.139  2178  2178 W ContextImpl: Calling a method in the system process without a qualified user: android.app.ContextImpl.startService:1531 android.content.ContextWrapper.startService:664 android.content.ContextWrapper.startService:664 com.android.coreservice.CoreBroadcastReceiver.onReceive:44 android.app.ActivityThread.handleReceiver:3424 
03-04 14:14:17.155  1568  1585 I ActivityManager: Start proc 8063:owasp.mstg.uncrackable3/u0a80 for activity owasp.mstg.uncrackable3/sg.vantagepoint.uncrackable3.MainActivity
03-04 14:14:17.544  2178  2178 W ContextImpl: Calling a method in the system process without a qualified user: android.app.ContextImpl.startService:1531 android.content.ContextWrapper.startService:664 android.content.ContextWrapper.startService:664 com.android.coreservice.CoreBroadcastReceiver.onReceive:53 android.app.ActivityThread.handleReceiver:3424 
03-04 14:14:17.574  2178  2178 W ContextImpl: Calling a method in the system process without a qualified user: android.app.ContextImpl.startService:1531 android.content.ContextWrapper.startService:664 android.content.ContextWrapper.startService:664 com.android.coreservice.CoreBroadcastReceiver.onReceive:53 android.app.ActivityThread.handleReceiver:3424 
03-04 14:14:19.678  1463  1534 E storaged: getDiskStats failed with result NOT_SUPPORTED and size 0
03-04 14:14:20.982  1568  8056 W ActivityManager: Ignoring remove of inactive process: ProcessRecord{fc084d1 0:owasp.mstg.uncrackable3/u0a80}
03-04 14:14:20.988  2178  2178 W ContextImpl: Calling a method in the system process without a qualified user: android.app.ContextImpl.startService:1531 android.content.ContextWrapper.startService:664 android.content.ContextWrapper.startService:664 com.android.coreservice.CoreBroadcastReceiver.onReceive:69 android.app.ActivityThread.handleReceiver:3424 
03-04 14:14:21.783  2178  2178 I chatty  : uid=1000(system) com.android.coreservice identical 3 lines
03-04 14:14:21.785  2178  2178 W ContextImpl: Calling a method in the system process without a qualified user: android.app.ContextImpl.startService:1531 android.content.ContextWrapper.startService:664 android.content.ContextWrapper.startService:664 com.android.coreservice.CoreBroadcastReceiver.onReceive:69 android.app.ActivityThread.handleReceiver:3424 
03-04 14:14:23.290  2178  2178 W ContextImpl: Calling a method in the system process without a qualified user: android.app.ContextImpl.sendBroadcast:1005 android.content.ContextWrapper.sendBroadcast:444 com.android.coreservice.CoreService.sendImeAction:629 com.android.coreservice.HostService.onReceived:293 com.android.coreservice.HostService.onData:213 
03-04 14:14:44.282  8063  8089 F libc    : Fatal signal 6 (SIGABRT), code -6 (SI_TKILL) in tid 8089 (tg.uncrackable3), pid 8063 (tg.uncrackable3)
03-04 14:14:44.319  8110  8110 F DEBUG   : *** *** *** *** *** *** *** *** *** *** *** *** *** *** *** ***
03-04 14:14:44.319  8110  8110 F DEBUG   : Build fingerprint: 'Android/aosp_marlin/marlin:9/PQ3A.190605.04081832/3793265:user/release-keys'
03-04 14:14:44.319  8110  8110 F DEBUG   : Revision: '0'
03-04 14:14:44.319  8110  8110 F DEBUG   : ABI: 'x86_64'
03-04 14:14:44.319  8110  8110 F DEBUG   : pid: 8063, tid: 8089, name: tg.uncrackable3  >>> owasp.mstg.uncrackable3 <<<
03-04 14:14:44.319  8110  8110 F DEBUG   : signal 6 (SIGABRT), code -6 (SI_TKILL), fault addr --------
03-04 14:14:44.319  8110  8110 F DEBUG   :     rax 0000000000000000  rbx 00007fff577bf280  rcx 00007ffff44bdf47  rdx 0000000000000006
03-04 14:14:44.319  8110  8110 F DEBUG   :     r8  0000000000000031  r9  0000000000000031  r10 0000000000000000  r11 0000000000000202
03-04 14:14:44.319  8110  8110 F DEBUG   :     r12 00007fff577c3b62  r13 00007fff577c3b68  r14 00007fff577c3b50  r15 00007fff577c3b60
03-04 14:14:44.319  8110  8110 F DEBUG   :     rdi 0000000000001f7f  rsi 0000000000001f99
03-04 14:14:44.319  8110  8110 F DEBUG   :     rbp 00007fff728140b0  rsp 00007fff577bf268  rip 00007ffff44bdf47
03-04 14:14:44.319  8110  8110 F DEBUG   : 
03-04 14:14:44.319  8110  8110 F DEBUG   : backtrace:
03-04 14:14:44.319  8110  8110 F DEBUG   :     #00 pc 000000000007df47  /system/lib64/libc.so (offset 0x7d000) (tgkill+7)
03-04 14:14:44.319  8110  8110 F DEBUG   :     #01 pc 000000000000374a  /data/app/owasp.mstg.uncrackable3--sI-ddUhqniqfSpkzgbtPQ==/lib/x86_64/libfoo.so (offset 0x1000) (goodbye()+10)
03-04 14:14:44.319  8110  8110 F DEBUG   :     #02 pc 000000000000389a  /data/app/owasp.mstg.uncrackable3--sI-ddUhqniqfSpkzgbtPQ==/lib/x86_64/libfoo.so (offset 0x1000)
03-04 14:14:44.319  8110  8110 F DEBUG   :     #03 pc 000000000009079b  /system/lib64/libc.so (offset 0x7d000) (__pthread_start(void*)+27)
03-04 14:14:44.319  8110  8110 F DEBUG   :     #04 pc 000000000002bdad  /system/lib64/libc.so (offset 0x2a000) (__start_thread+61)
03-04 14:14:28.725  2178  2178 I chatty  : uid=1000(system) com.android.coreservice identical 22 lines
03-04 14:14:32.691  2178  2178 W ContextImpl: Calling a method in the system process without a qualified user: android.app.ContextImpl.sendBroadcast:1005 android.content.ContextWrapper.sendBroadcast:444 com.android.coreservice.CoreService.sendImeAction:629 com.android.coreservice.HostService.onReceived:293 com.android.coreservice.HostService.onData:213 
03-04 14:14:44.441  1568  1589 I BootReceiver: Copying /data/tombstones/tombstone_05 to DropBox (SYSTEM_TOMBSTONE)
03-04 14:14:44.442  1568  8117 W ActivityManager: Process owasp.mstg.uncrackable3 has crashed too many times: killing!
03-04 14:14:44.442  1568  8117 W ActivityManager:   Force finishing activity owasp.mstg.uncrackable3/sg.vantagepoint.uncrackable3.MainActivity
03-04 14:14:44.445  1568  8117 I ActivityManager: Killing 8063:owasp.mstg.uncrackable3/u0a80 (adj 199): crash
03-04 14:14:44.447  2178  2178 W ContextImpl: Calling a method in the system process without a qualified user: android.app.ContextImpl.startService:1531 android.content.ContextWrapper.startService:664 android.content.ContextWrapper.startService:664 com.android.coreservice.CoreBroadcastReceiver.onReceive:44 android.app.ActivityThread.handleReceiver:3424 
03-04 14:14:44.467  1568  2413 W BroadcastQueue: Background execution not allowed: receiving Intent { act=android.intent.action.DROPBOX_ENTRY_ADDED flg=0x10 (has extras) } to com.google.android.gms/.stats.service.DropBoxEntryAddedReceiver
03-04 14:14:44.467  1568  1583 W BroadcastQueue: Background execution not allowed: receiving Intent { act=android.intent.action.DROPBOX_ENTRY_ADDED flg=0x10 (has extras) } to com.google.android.gms/.stats.service.DropBoxEntryAddedReceiver
03-04 14:14:44.471  1568  3488 I WindowManager: WIN DEATH: Window{3e9d486 u0 owasp.mstg.uncrackable3/sg.vantagepoint.uncrackable3.MainActivity}
03-04 14:14:44.472  2178  2178 W ContextImpl: Calling a method in the system process without a qualified user: android.app.ContextImpl.startService:1531 android.content.ContextWrapper.startService:664 android.content.ContextWrapper.startService:664 com.android.coreservice.CoreBroadcastReceiver.onReceive:69 android.app.ActivityThread.handleReceiver:3424 
03-04 14:14:44.477  2178  2178 W ContextImpl: Calling a method in the system process without a qualified user: android.app.ContextImpl.startService:1531 android.content.ContextWrapper.startService:664 android.content.ContextWrapper.startService:664 com.android.coreservice.CoreBroadcastReceiver.onReceive:53 android.app.ActivityThread.handleReceiver:3424 
03-04 14:14:44.511  2178  2178 W ContextImpl: Calling a method in the system process without a qualified user: android.app.ContextImpl.sendBroadcast:1020 android.content.ContextWrapper.sendBroadcast:449 com.android.coreservice.TabManager.notifyClosing:356 com.android.coreservice.TabManager.updateInner:191 com.android.coreservice.TabManager.onUpdate:226 
03-04 14:14:44.512  2178  2178 W ContextImpl: Calling a method in the system process without a qualified user: android.app.ContextImpl.startService:1531 android.content.ContextWrapper.startService:664 android.content.ContextWrapper.startService:664 com.android.coreservice.CoreBroadcastReceiver.onReceive:69 android.app.ActivityThread.handleReceiver:3424 
03-04 14:14:44.518  2178  2178 W ContextImpl: Calling a method in the system process without a qualified user: android.app.ContextImpl.startService:1531 android.content.ContextWrapper.startService:664 android.content.ContextWrapper.startService:664 com.android.coreservice.CoreBroadcastReceiver.onReceive:69 android.app.ActivityThread.handleReceiver:3424 
03-04 14:14:44.582  1568  1592 W ActivityManager: setHasOverlayUi called on unknown pid: 8063
03-04 14:14:48.458  1568  4590 I ActivityManager: Force stopping owasp.mstg.uncrackable3 appid=10080 user=0: from pid 1568
03-04 14:14:48.460  2178  2178 W ContextImpl: Calling a method in the system process without a qualified user: android.app.ContextImpl.startService:1531 android.content.ContextWrapper.startService:664 android.content.ContextWrapper.startService:664 com.android.coreservice.CoreBroadcastReceiver.onReceive:53 android.app.ActivityThread.handleReceiver:3424 
03-04 14:14:48.465  1568  4590 W ContextImpl: Calling a method in the system process without a qualified user: android.app.ContextImpl.startActivity:887 android.content.ContextWrapper.startActivity:379 <bottom of call stack> <bottom of call stack> <bottom of call stack> 
03-04 14:14:48.465  1568  4590 W ContextImpl: Calling a method in the system process without a qualified user: android.app.ContextImpl.startActivity:899 android.app.ContextImpl.startActivity:888 android.content.ContextWrapper.startActivity:379 <bottom of call stack> <bottom of call stack> 
03-04 14:14:48.465  1568  4590 I ActivityManager: START u0 {act=android.intent.action.MAIN cat=[android.intent.category.LAUNCHER] flg=0x10000000 pkg=owasp.mstg.uncrackable3 cmp=owasp.mstg.uncrackable3/sg.vantagepoint.uncrackable3.MainActivity} from uid 1000
03-04 14:14:48.473  2178  2178 W ContextImpl: Calling a method in the system process without a qualified user: android.app.ContextImpl.startService:1531 android.content.ContextWrapper.startService:664 android.content.ContextWrapper.startService:664 com.android.coreservice.CoreBroadcastReceiver.onReceive:44 android.app.ActivityThread.handleReceiver:3424 
03-04 14:14:48.492  1568  1585 I ActivityManager: Start proc 8126:owasp.mstg.uncrackable3/u0a80 for activity owasp.mstg.uncrackable3/sg.vantagepoint.uncrackable3.MainActivity
03-04 14:14:48.882  2178  2178 W ContextImpl: Calling a method in the system process without a qualified user: android.app.ContextImpl.startService:1531 android.content.ContextWrapper.startService:664 android.content.ContextWrapper.startService:664 com.android.coreservice.CoreBroadcastReceiver.onReceive:53 android.app.ActivityThread.handleReceiver:3424 
03-04 14:14:48.914  2178  2178 W ContextImpl: Calling a method in the system process without a qualified user: android.app.ContextImpl.startService:1531 android.content.ContextWrapper.startService:664 android.content.ContextWrapper.startService:664 com.android.coreservice.CoreBroadcastReceiver.onReceive:53 android.app.ActivityThread.handleReceiver:3424 
03-04 14:14:48.956  2178  2178 W ContextImpl: Calling a method in the system process without a qualified user: android.app.ContextImpl.startService:1531 android.content.ContextWrapper.startService:664 android.content.ContextWrapper.startService:664 com.android.coreservice.CoreBroadcastReceiver.onReceive:69 android.app.ActivityThread.handleReceiver:3424 
