03-04 10:31:32.803  4955  4955 F DEBUG   :     r12 00007fff57876b62  r13 00007fff57876b68  r14 00007fff57876b50  r15 00007fff57876b60
03-04 10:31:32.803  4955  4955 F DEBUG   :     rdi 0000000000001339  rsi 0000000000001355
03-04 10:31:32.803  4955  4955 F DEBUG   :     rbp 00007fff728140b0  rsp 00007fff57872268  rip 00007ffff44bdf47
03-04 10:31:32.804  4955  4955 F DEBUG   : 
03-04 10:31:32.804  4955  4955 F DEBUG   : backtrace:
03-04 10:31:32.804  4955  4955 F DEBUG   :     #00 pc 000000000007df47  /system/lib64/libc.so (offset 0x7d000) (tgkill+7)
03-04 10:31:32.804  4955  4955 F DEBUG   :     #01 pc 000000000000374a  /data/app/owasp.mstg.uncrackable3--sI-ddUhqniqfSpkzgbtPQ==/lib/x86_64/libfoo.so (goodbye()+10)
03-04 10:31:32.804  4955  4955 F DEBUG   :     #02 pc 000000000000389a  /data/app/owasp.mstg.uncrackable3--sI-ddUhqniqfSpkzgbtPQ==/lib/x86_64/libfoo.so
03-04 10:31:32.804  4955  4955 F DEBUG   :     #03 pc 000000000009079b  /system/lib64/libc.so (offset 0x7d000) (__pthread_start(void*)+27)
03-04 10:31:32.804  4955  4955 F DEBUG   :     #04 pc 000000000002bdad  /system/lib64/libc.so (offset 0x2a000) (__start_thread+61)
03-04 10:31:32.911  1568  4964 I chatty  : uid=1000 system_server expire 2 lines
03-04 10:31:32.934  1568  3483 I chatty  : uid=1000(system) Binder:1568_14 expire 4 lines
03-04 10:32:07.387  1464  1464 W wificond: Scan already started
03-04 10:32:16.585  1463  1534 E storaged: getDiskStats failed with result NOT_SUPPORTED and size 0
03-04 10:33:16.593  1463  1534 E storaged: getDiskStats failed with result NOT_SUPPORTED and size 0
03-04 10:34:16.593  1463  1534 E storaged: getDiskStats failed with result NOT_SUPPORTED and size 0
03-04 10:35:16.594  1463  1534 E storaged: getDiskStats failed with result NOT_SUPPORTED and size 0
03-04 10:35:50.728  5006  5034 F libc    : Fatal signal 6 (SIGABRT), code -6 (SI_TKILL) in tid 5034 (tg.uncrackable3), pid 5006 (tg.uncrackable3)
03-04 10:35:50.747  5040  5040 F DEBUG   : *** *** *** *** *** *** *** *** *** *** *** *** *** *** *** ***
03-04 10:35:50.747  5040  5040 F DEBUG   : Build fingerprint: 'Android/aosp_marlin/marlin:9/PQ3A.190605.04081832/3793265:user/release-keys'
03-04 10:35:50.747  5040  5040 F DEBUG   : Revision: '0'
03-04 10:35:50.747  5040  5040 F DEBUG   : ABI: 'x86_64'
03-04 10:35:50.747  5040  5040 F DEBUG   : pid: 5006, tid: 5034, name: tg.uncrackable3  >>> owasp.mstg.uncrackable3 <<<
03-04 10:35:50.747  5040  5040 F DEBUG   : signal 6 (SIGABRT), code -6 (SI_TKILL), fault addr --------
03-04 10:35:50.747  5040  5040 F DEBUG   :     rax 0000000000000000  rbx 00007fff5871f280  rcx 00007ffff44bdf47  rdx 0000000000000006
03-04 10:35:50.747  5040  5040 F DEBUG   :     r8  0000000000000031  r9  0000000000000031  r10 0000000000000000  r11 0000000000000202
03-04 10:35:50.747  5040  5040 F DEBUG   :     r12 00007fff5942eb62  r13 00007fff5942eb68  r14 00007fff5942eb50  r15 00007fff5942eb60
03-04 10:35:50.747  5040  5040 F DEBUG   :     rdi 000000000000138e  rsi 00000000000013aa
03-04 10:35:50.747  5040  5040 F DEBUG   :     rbp 00007fff728140b0  rsp 00007fff5871f268  rip 00007ffff44bdf47
03-04 10:35:50.748  5040  5040 F DEBUG   : 
03-04 10:35:50.748  5040  5040 F DEBUG   : backtrace:
03-04 10:35:50.748  5040  5040 F DEBUG   :     #00 pc 000000000007df47  /system/lib64/libc.so (offset 0x7d000) (tgkill+7)
03-04 10:35:50.748  5040  5040 F DEBUG   :     #01 pc 000000000000374a  /data/app/owasp.mstg.uncrackable3--sI-ddUhqniqfSpkzgbtPQ==/lib/x86_64/libfoo.so (goodbye()+10)
03-04 10:35:50.748  5040  5040 F DEBUG   :     #02 pc 000000000000389a  /data/app/owasp.mstg.uncrackable3--sI-ddUhqniqfSpkzgbtPQ==/lib/x86_64/libfoo.so
03-04 10:35:50.748  5040  5040 F DEBUG   :     #03 pc 000000000009079b  /system/lib64/libc.so (offset 0x7d000) (__pthread_start(void*)+27)
03-04 10:35:50.748  5040  5040 F DEBUG   :     #04 pc 000000000002bdad  /system/lib64/libc.so (offset 0x2a000) (__start_thread+61)
03-04 10:35:50.826  1568  5049 I chatty  : uid=1000 system_server expire 2 lines
03-04 10:35:50.845  1568  2413 I chatty  : uid=1000(system) Binder:1568_10 expire 2 lines
03-04 10:35:50.845  2178  2178 I chatty  : uid=1000(system) com.android.coreservice expire 10 lines
03-04 10:35:50.847  1568  1580 I chatty  : uid=1000(system) Binder:1568_2 expire 2 lines
03-04 10:36:04.273  1464  1464 W wificond: Scan already started
03-04 10:36:16.595  1463  1534 E storaged: getDiskStats failed with result NOT_SUPPORTED and size 0
03-04 10:36:27.670  1568  1592 I chatty  : uid=1000(system) android.display expire 10 lines
03-04 10:36:29.960  1568  4590 I chatty  : uid=1000(system) Thread-19 expire 12 lines
03-04 10:36:29.961  2178  2178 I chatty  : uid=1000(system) com.android.coreservice expire 11 lines
03-04 10:36:32.066  5111  5138 F libc    : Fatal signal 6 (SIGABRT), code -6 (SI_TKILL) in tid 5138 (tg.uncrackable3), pid 5111 (tg.uncrackable3)
03-04 10:36:32.077  5144  5144 F DEBUG   : *** *** *** *** *** *** *** *** *** *** *** *** *** *** *** ***
03-04 10:36:32.077  5144  5144 F DEBUG   : Build fingerprint: 'Android/aosp_marlin/marlin:9/PQ3A.190605.04081832/3793265:user/release-keys'
03-04 10:36:32.077  5144  5144 F DEBUG   : Revision: '0'
03-04 10:36:32.077  5144  5144 F DEBUG   : ABI: 'x86_64'
03-04 10:36:32.077  5144  5144 F DEBUG   : pid: 5111, tid: 5138, name: tg.uncrackable3  >>> owasp.mstg.uncrackable3 <<<
03-04 10:36:32.077  5144  5144 F DEBUG   : signal 6 (SIGABRT), code -6 (SI_TKILL), fault addr --------
03-04 10:36:32.077  5144  5144 F DEBUG   :     rax 0000000000000000  rbx 00007fff51c53280  rcx 00007ffff44bdf47  rdx 0000000000000006
03-04 10:36:32.077  5144  5144 F DEBUG   :     r8  0000000000000031  r9  0000000000000031  r10 0000000000000000  r11 0000000000000202
03-04 10:36:32.077  5144  5144 F DEBUG   :     r12 00007fff51d6fb62  r13 00007fff51d6fb68  r14 00007fff51d6fb50  r15 00007fff51d6fb60
03-04 10:36:32.077  5144  5144 F DEBUG   :     rdi 00000000000013f7  rsi 0000000000001412
03-04 10:36:32.077  5144  5144 F DEBUG   :     rbp 00007fff728140b0  rsp 00007fff51c53268  rip 00007ffff44bdf47
03-04 10:36:32.077  5144  5144 F DEBUG   : 
03-04 10:36:32.077  5144  5144 F DEBUG   : backtrace:
03-04 10:36:32.077  5144  5144 F DEBUG   :     #00 pc 000000000007df47  /system/lib64/libc.so (offset 0x7d000) (tgkill+7)
03-04 10:36:32.077  5144  5144 F DEBUG   :     #01 pc 000000000000374a  /data/app/owasp.mstg.uncrackable3--sI-ddUhqniqfSpkzgbtPQ==/lib/x86_64/libfoo.so (goodbye()+10)
03-04 10:36:32.077  5144  5144 F DEBUG   :     #02 pc 000000000000389a  /data/app/owasp.mstg.uncrackable3--sI-ddUhqniqfSpkzgbtPQ==/lib/x86_64/libfoo.so
03-04 10:36:32.077  5144  5144 F DEBUG   :     #03 pc 000000000009079b  /system/lib64/libc.so (offset 0x7d000) (__pthread_start(void*)+27)
03-04 10:36:32.077  5144  5144 F DEBUG   :     #04 pc 000000000002bdad  /system/lib64/libc.so (offset 0x2a000) (__start_thread+61)
03-04 10:36:32.175  1568  5153 I chatty  : uid=1000 system_server expire 3 lines
03-04 10:36:41.727  1464  1464 W wificond: Scan already started
03-04 10:37:16.522  1568  1585 I chatty  : uid=1000(system) ActivityManager expire 11 lines
03-04 10:37:16.596  1463  1534 E storaged: getDiskStats failed with result NOT_SUPPORTED and size 0
03-04 10:37:16.867  5167  5195 F libc    : Fatal signal 6 (SIGABRT), code -6 (SI_TKILL) in tid 5195 (tg.uncrackable3), pid 5167 (tg.uncrackable3)
03-04 10:37:16.895  5201  5201 F DEBUG   : *** *** *** *** *** *** *** *** *** *** *** *** *** *** *** ***
03-04 10:37:16.895  5201  5201 F DEBUG   : Build fingerprint: 'Android/aosp_marlin/marlin:9/PQ3A.190605.04081832/3793265:user/release-keys'
03-04 10:37:16.895  5201  5201 F DEBUG   : Revision: '0'
03-04 10:37:16.895  5201  5201 F DEBUG   : ABI: 'x86_64'
03-04 10:37:16.895  5201  5201 F DEBUG   : pid: 5167, tid: 5195, name: tg.uncrackable3  >>> owasp.mstg.uncrackable3 <<<
03-04 10:37:16.895  5201  5201 F DEBUG   : signal 6 (SIGABRT), code -6 (SI_TKILL), fault addr --------
03-04 10:37:16.895  5201  5201 F DEBUG   :     rax 0000000000000000  rbx 00007fff51fc5280  rcx 00007ffff44bdf47  rdx 0000000000000006
03-04 10:37:16.895  5201  5201 F DEBUG   :     r8  0000000000000031  r9  0000000000000031  r10 0000000000000000  r11 0000000000000202
03-04 10:37:16.895  5201  5201 F DEBUG   :     r12 00007fff51fc9b62  r13 00007fff51fc9b68  r14 00007fff51fc9b50  r15 00007fff51fc9b60
03-04 10:37:16.895  5201  5201 F DEBUG   :     rdi 000000000000142f  rsi 000000000000144b
03-04 10:37:16.895  5201  5201 F DEBUG   :     rbp 00007fff728140b0  rsp 00007fff51fc5268  rip 00007ffff44bdf47
03-04 10:37:16.896  5201  5201 F DEBUG   : 
03-04 10:37:16.896  5201  5201 F DEBUG   : backtrace:
03-04 10:37:16.896  5201  5201 F DEBUG   :     #00 pc 000000000007df47  /system/lib64/libc.so (offset 0x7d000) (tgkill+7)
03-04 10:37:16.896  5201  5201 F DEBUG   :     #01 pc 000000000000374a  /data/app/owasp.mstg.uncrackable3--sI-ddUhqniqfSpkzgbtPQ==/lib/x86_64/libfoo.so (goodbye()+10)
03-04 10:37:16.896  5201  5201 F DEBUG   :     #02 pc 000000000000389a  /data/app/owasp.mstg.uncrackable3--sI-ddUhqniqfSpkzgbtPQ==/lib/x86_64/libfoo.so
03-04 10:37:16.896  5201  5201 F DEBUG   :     #03 pc 000000000009079b  /system/lib64/libc.so (offset 0x7d000) (__pthread_start(void*)+27)
03-04 10:37:16.896  5201  5201 F DEBUG   :     #04 pc 000000000002bdad  /system/lib64/libc.so (offset 0x2a000) (__start_thread+61)
03-04 10:37:16.985  1568  5210 I chatty  : uid=1000 system_server expire 2 lines
03-04 10:37:17.031  2178  2178 I chatty  : uid=1000(system) com.android.coreservice expire 10 lines
03-04 10:37:17.050  1568  2399 I chatty  : uid=1000(system) Binder:1568_D expire 2 lines
03-04 10:38:16.598  1463  1534 E storaged: getDiskStats failed with result NOT_SUPPORTED and size 0
03-04 10:39:16.602  1463  1534 E storaged: getDiskStats failed with result NOT_SUPPORTED and size 0
03-04 10:39:57.049  5239  5269 F libc    : Fatal signal 6 (SIGABRT), code -6 (SI_TKILL) in tid 5269 (tg.uncrackable3), pid 5239 (tg.uncrackable3)
03-04 10:39:57.068  5275  5275 F DEBUG   : *** *** *** *** *** *** *** *** *** *** *** *** *** *** *** ***
03-04 10:39:57.068  5275  5275 F DEBUG   : Build fingerprint: 'Android/aosp_marlin/marlin:9/PQ3A.190605.04081832/3793265:user/release-keys'
03-04 10:39:57.068  5275  5275 F DEBUG   : Revision: '0'
03-04 10:39:57.068  5275  5275 F DEBUG   : ABI: 'x86_64'
03-04 10:39:57.068  5275  5275 F DEBUG   : pid: 5239, tid: 5269, name: tg.uncrackable3  >>> owasp.mstg.uncrackable3 <<<
03-04 10:39:57.068  5275  5275 F DEBUG   : signal 6 (SIGABRT), code -6 (SI_TKILL), fault addr --------
03-04 10:39:57.068  5275  5275 F DEBUG   :     rax 0000000000000000  rbx 00007fff5871a280  rcx 00007ffff44bdf47  rdx 0000000000000006
03-04 10:39:57.068  5275  5275 F DEBUG   :     r8  0000000000000031  r9  0000000000000031  r10 0000000000000000  r11 0000000000000202
03-04 10:39:57.068  5275  5275 F DEBUG   :     r12 00007fff5942bb62  r13 00007fff5942bb68  r14 00007fff5942bb50  r15 00007fff5942bb60
03-04 10:39:57.068  5275  5275 F DEBUG   :     rdi 0000000000001477  rsi 0000000000001495
03-04 10:39:57.068  5275  5275 F DEBUG   :     rbp 00007fff728140b0  rsp 00007fff5871a268  rip 00007ffff44bdf47
03-04 10:39:57.068  5275  5275 F DEBUG   : 
03-04 10:39:57.068  5275  5275 F DEBUG   : backtrace:
03-04 10:39:57.068  5275  5275 F DEBUG   :     #00 pc 000000000007df47  /system/lib64/libc.so (offset 0x7d000) (tgkill+7)
03-04 10:39:57.068  5275  5275 F DEBUG   :     #01 pc 000000000000374a  /data/app/owasp.mstg.uncrackable3--sI-ddUhqniqfSpkzgbtPQ==/lib/x86_64/libfoo.so (goodbye()+10)
03-04 10:39:57.068  5275  5275 F DEBUG   :     #02 pc 000000000000389a  /data/app/owasp.mstg.uncrackable3--sI-ddUhqniqfSpkzgbtPQ==/lib/x86_64/libfoo.so
03-04 10:39:57.068  5275  5275 F DEBUG   :     #03 pc 000000000009079b  /system/lib64/libc.so (offset 0x7d000) (__pthread_start(void*)+27)
03-04 10:39:57.068  5275  5275 F DEBUG   :     #04 pc 000000000002bdad  /system/lib64/libc.so (offset 0x2a000) (__start_thread+61)
03-04 10:39:57.147  1568  5284 I chatty  : uid=1000 system_server expire 2 lines
03-04 10:40:01.150  1464  1464 W wificond: Scan already started
03-04 10:40:16.603  1463  1534 E storaged: getDiskStats failed with result NOT_SUPPORTED and size 0
03-04 10:40:58.878  1568  4590 I chatty  : uid=1000(system) Thread-19 expire 20 lines
03-04 10:40:58.879  2178  2178 I chatty  : uid=1000(system) com.android.coreservice expire 11 lines
03-04 10:40:59.298  5299  5326 F libc    : Fatal signal 6 (SIGABRT), code -6 (SI_TKILL) in tid 5326 (tg.uncrackable3), pid 5299 (tg.uncrackable3)
03-04 10:40:59.320  5332  5332 F DEBUG   : *** *** *** *** *** *** *** *** *** *** *** *** *** *** *** ***
03-04 10:40:59.320  5332  5332 F DEBUG   : Build fingerprint: 'Android/aosp_marlin/marlin:9/PQ3A.190605.04081832/3793265:user/release-keys'
03-04 10:40:59.320  5332  5332 F DEBUG   : Revision: '0'
03-04 10:40:59.320  5332  5332 F DEBUG   : ABI: 'x86_64'
03-04 10:40:59.320  5332  5332 F DEBUG   : pid: 5299, tid: 5326, name: tg.uncrackable3  >>> owasp.mstg.uncrackable3 <<<
03-04 10:40:59.320  5332  5332 F DEBUG   : signal 6 (SIGABRT), code -6 (SI_TKILL), fault addr --------
03-04 10:40:59.320  5332  5332 F DEBUG   :     rax 0000000000000000  rbx 00007fff51ff1280  rcx 00007ffff44bdf47  rdx 0000000000000006
03-04 10:40:59.320  5332  5332 F DEBUG   :     r8  0000000000000031  r9  0000000000000031  r10 0000000000000000  r11 0000000000000202
03-04 10:40:59.320  5332  5332 F DEBUG   :     r12 00007fff51ff5b62  r13 00007fff51ff5b68  r14 00007fff51ff5b50  r15 00007fff51ff5b60
03-04 10:40:59.320  5332  5332 F DEBUG   :     rdi 00000000000014b3  rsi 00000000000014ce
03-04 10:40:59.320  5332  5332 F DEBUG   :     rbp 00007fff728140b0  rsp 00007fff51ff1268  rip 00007ffff44bdf47
03-04 10:40:59.320  5332  5332 F DEBUG   : 
03-04 10:40:59.320  5332  5332 F DEBUG   : backtrace:
03-04 10:40:59.320  5332  5332 F DEBUG   :     #00 pc 000000000007df47  /system/lib64/libc.so (offset 0x7d000) (tgkill+7)
03-04 10:40:59.320  5332  5332 F DEBUG   :     #01 pc 000000000000374a  /data/app/owasp.mstg.uncrackable3--sI-ddUhqniqfSpkzgbtPQ==/lib/x86_64/libfoo.so (goodbye()+10)
03-04 10:40:59.320  5332  5332 F DEBUG   :     #02 pc 000000000000389a  /data/app/owasp.mstg.uncrackable3--sI-ddUhqniqfSpkzgbtPQ==/lib/x86_64/libfoo.so
03-04 10:40:59.320  5332  5332 F DEBUG   :     #03 pc 000000000009079b  /system/lib64/libc.so (offset 0x7d000) (__pthread_start(void*)+27)
03-04 10:40:59.320  5332  5332 F DEBUG   :     #04 pc 000000000002bdad  /system/lib64/libc.so (offset 0x2a000) (__start_thread+61)
03-04 10:40:59.396  1568  1589 I chatty  : uid=1000(system) FileObserver expire 9 lines
03-04 10:40:59.402  1568  5341 I chatty  : uid=1000 system_server expire 2 lines
03-04 10:41:16.655  1463  1534 E storaged: getDiskStats failed with result NOT_SUPPORTED and size 0
03-04 10:41:19.699  5352  5378 F libc    : Fatal signal 6 (SIGABRT), code -6 (SI_TKILL) in tid 5378 (tg.uncrackable3), pid 5352 (tg.uncrackable3)
03-04 10:41:19.723  5384  5384 F DEBUG   : *** *** *** *** *** *** *** *** *** *** *** *** *** *** *** ***
03-04 10:41:19.723  5384  5384 F DEBUG   : Build fingerprint: 'Android/aosp_marlin/marlin:9/PQ3A.190605.04081832/3793265:user/release-keys'
03-04 10:41:19.723  5384  5384 F DEBUG   : Revision: '0'
03-04 10:41:19.723  5384  5384 F DEBUG   : ABI: 'x86_64'
03-04 10:41:19.723  5384  5384 F DEBUG   : pid: 5352, tid: 5378, name: tg.uncrackable3  >>> owasp.mstg.uncrackable3 <<<
03-04 10:41:19.723  5384  5384 F DEBUG   : signal 6 (SIGABRT), code -6 (SI_TKILL), fault addr --------
03-04 10:41:19.723  5384  5384 F DEBUG   :     rax 0000000000000000  rbx 00007fff51f44280  rcx 00007ffff44bdf47  rdx 0000000000000006
03-04 10:41:19.723  5384  5384 F DEBUG   :     r8  0000000000000031  r9  0000000000000031  r10 0000000000000000  r11 0000000000000202
03-04 10:41:19.723  5384  5384 F DEBUG   :     r12 00007fff51f48b62  r13 00007fff51f48b68  r14 00007fff51f48b50  r15 00007fff51f48b60
03-04 10:41:19.723  5384  5384 F DEBUG   :     rdi 00000000000014e8  rsi 0000000000001502
03-04 10:41:19.723  5384  5384 F DEBUG   :     rbp 00007fff728140b0  rsp 00007fff51f44268  rip 00007ffff44bdf47
03-04 10:41:19.723  5384  5384 F DEBUG   : 
03-04 10:41:19.723  5384  5384 F DEBUG   : backtrace:
03-04 10:41:19.723  5384  5384 F DEBUG   :     #00 pc 000000000007df47  /system/lib64/libc.so (offset 0x7d000) (tgkill+7)
03-04 10:41:19.723  5384  5384 F DEBUG   :     #01 pc 000000000000374a  /data/app/owasp.mstg.uncrackable3--sI-ddUhqniqfSpkzgbtPQ==/lib/x86_64/libfoo.so (goodbye()+10)
03-04 10:41:19.723  5384  5384 F DEBUG   :     #02 pc 000000000000389a  /data/app/owasp.mstg.uncrackable3--sI-ddUhqniqfSpkzgbtPQ==/lib/x86_64/libfoo.so
03-04 10:41:19.723  5384  5384 F DEBUG   :     #03 pc 000000000009079b  /system/lib64/libc.so (offset 0x7e000) (__pthread_start(void*)+27)
03-04 10:41:19.723  5384  5384 F DEBUG   :     #04 pc 000000000002bdad  /system/lib64/libc.so (offset 0x2a000) (__start_thread+61)
03-04 10:41:19.802  1568  1849 I chatty  : uid=1000(system) Binder:1568_7 expire 6 lines
03-04 10:41:19.803  1568  5393 I chatty  : uid=1000 system_server expire 2 lines
03-04 10:41:19.810  1568  1583 I chatty  : uid=1000(system) ActivityManager expire 11 lines
03-04 10:41:19.834  2178  2178 I chatty  : uid=1000(system) com.android.coreservice expire 31 lines
03-04 10:41:42.670  5404  5430 F libc    : Fatal signal 6 (SIGABRT), code -6 (SI_TKILL) in tid 5430 (tg.uncrackable3), pid 5404 (tg.uncrackable3)
03-04 10:41:42.690  5436  5436 F DEBUG   : *** *** *** *** *** *** *** *** *** *** *** *** *** *** *** ***
03-04 10:41:42.690  5436  5436 F DEBUG   : Build fingerprint: 'Android/aosp_marlin/marlin:9/PQ3A.190605.04081832/3793265:user/release-keys'
03-04 10:41:42.690  5436  5436 F DEBUG   : Revision: '0'
03-04 10:41:42.690  5436  5436 F DEBUG   : ABI: 'x86_64'
03-04 10:41:42.690  5436  5436 F DEBUG   : pid: 5404, tid: 5430, name: tg.uncrackable3  >>> owasp.mstg.uncrackable3 <<<
03-04 10:41:42.690  5436  5436 F DEBUG   : signal 6 (SIGABRT), code -6 (SI_TKILL), fault addr --------
03-04 10:41:42.690  5436  5436 F DEBUG   :     rax 0000000000000000  rbx 00007fff51fed280  rcx 00007ffff44bdf47  rdx 0000000000000006
03-04 10:41:42.690  5436  5436 F DEBUG   :     r8  0000000000000031  r9  0000000000000031  r10 0000000000000000  r11 0000000000000202
03-04 10:41:42.690  5436  5436 F DEBUG   :     r12 00007fff51ff1b62  r13 00007fff51ff1b68  r14 00007fff51ff1b50  r15 00007fff51ff1b60
03-04 10:41:42.690  5436  5436 F DEBUG   :     rdi 000000000000151c  rsi 0000000000001536
03-04 10:41:42.690  5436  5436 F DEBUG   :     rbp 00007fff728140b0  rsp 00007fff51fed268  rip 00007ffff44bdf47
03-04 10:41:42.690  5436  5436 F DEBUG   : 
03-04 10:41:42.690  5436  5436 F DEBUG   : backtrace:
03-04 10:41:42.690  5436  5436 F DEBUG   :     #00 pc 000000000007df47  /system/lib64/libc.so (offset 0x7d000) (tgkill+7)
03-04 10:41:42.690  5436  5436 F DEBUG   :     #01 pc 000000000000374a  /data/app/owasp.mstg.uncrackable3--sI-ddUhqniqfSpkzgbtPQ==/lib/x86_64/libfoo.so (goodbye()+10)
03-04 10:41:42.690  5436  5436 F DEBUG   :     #02 pc 000000000000389a  /data/app/owasp.mstg.uncrackable3--sI-ddUhqniqfSpkzgbtPQ==/lib/x86_64/libfoo.so
03-04 10:41:42.690  5436  5436 F DEBUG   :     #03 pc 000000000009079b  /system/lib64/libc.so (offset 0x7d000) (__pthread_start(void*)+27)
03-04 10:41:42.690  5436  5436 F DEBUG   :     #04 pc 000000000002bdad  /system/lib64/libc.so (offset 0x2a000) (__start_thread+61)
03-04 10:41:42.765  1568  5445 I chatty  : uid=1000 system_server expire 2 lines
03-04 10:41:52.581  5453  5479 F libc    : Fatal signal 6 (SIGABRT), code -6 (SI_TKILL) in tid 5479 (tg.uncrackable3), pid 5453 (tg.uncrackable3)
03-04 10:41:52.594  5482  5482 F DEBUG   : *** *** *** *** *** *** *** *** *** *** *** *** *** *** *** ***
03-04 10:41:52.594  5482  5482 F DEBUG   : Build fingerprint: 'Android/aosp_marlin/marlin:9/PQ3A.190605.04081832/3793265:user/release-keys'
03-04 10:41:52.594  5482  5482 F DEBUG   : Revision: '0'
03-04 10:41:52.594  5482  5482 F DEBUG   : ABI: 'x86_64'
03-04 10:41:52.594  5482  5482 F DEBUG   : pid: 5453, tid: 5479, name: tg.uncrackable3  >>> owasp.mstg.uncrackable3 <<<
03-04 10:41:52.594  5482  5482 F DEBUG   : signal 6 (SIGABRT), code -6 (SI_TKILL), fault addr --------
03-04 10:41:52.594  5482  5482 F DEBUG   :     rax 0000000000000000  rbx 00007fff51acd280  rcx 00007ffff44bdf47  rdx 0000000000000006
03-04 10:41:52.594  5482  5482 F DEBUG   :     r8  0000000000000031  r9  0000000000000031  r10 0000000000000000  r11 0000000000000202
03-04 10:41:52.594  5482  5482 F DEBUG   :     r12 00007fff51ad1b62  r13 00007fff51ad1b68  r14 00007fff51ad1b50  r15 00007fff51ad1b60
03-04 10:41:52.594  5482  5482 F DEBUG   :     rdi 000000000000154d  rsi 0000000000001567
03-04 10:41:52.594  5482  5482 F DEBUG   :     rbp 00007fff728140b0  rsp 00007fff51acd268  rip 00007ffff44bdf47
03-04 10:41:52.595  5482  5482 F DEBUG   : 
03-04 10:41:52.595  5482  5482 F DEBUG   : backtrace:
03-04 10:41:52.595  5482  5482 F DEBUG   :     #00 pc 000000000007df47  /system/lib64/libc.so (offset 0x7d000) (tgkill+7)
03-04 10:41:52.595  5482  5482 F DEBUG   :     #01 pc 000000000000374a  /data/app/owasp.mstg.uncrackable3--sI-ddUhqniqfSpkzgbtPQ==/lib/x86_64/libfoo.so (goodbye()+10)
03-04 10:41:52.595  5482  5482 F DEBUG   :     #02 pc 000000000000389a  /data/app/owasp.mstg.uncrackable3--sI-ddUhqniqfSpkzgbtPQ==/lib/x86_64/libfoo.so
03-04 10:41:52.595  5482  5482 F DEBUG   :     #03 pc 000000000009079b  /system/lib64/libc.so (offset 0x8f000) (__pthread_start(void*)+27)
03-04 10:41:52.595  5482  5482 F DEBUG   :     #04 pc 000000000002bdad  /system/lib64/libc.so (offset 0x2a000) (__start_thread+61)
03-04 10:41:52.688  1568  5495 I chatty  : uid=1000 system_server expire 2 lines
03-04 10:42:02.822  5502  5530 F libc    : Fatal signal 6 (SIGABRT), code -6 (SI_TKILL) in tid 5530 (tg.uncrackable3), pid 5502 (tg.uncrackable3)
03-04 10:42:02.841  5536  5536 F DEBUG   : *** *** *** *** *** *** *** *** *** *** *** *** *** *** *** ***
03-04 10:42:02.841  5536  5536 F DEBUG   : Build fingerprint: 'Android/aosp_marlin/marlin:9/PQ3A.190605.04081832/3793265:user/release-keys'
03-04 10:42:02.841  5536  5536 F DEBUG   : Revision: '0'
03-04 10:42:02.841  5536  5536 F DEBUG   : ABI: 'x86_64'
03-04 10:42:02.841  5536  5536 F DEBUG   : pid: 5502, tid: 5530, name: tg.uncrackable3  >>> owasp.mstg.uncrackable3 <<<
03-04 10:42:02.841  5536  5536 F DEBUG   : signal 6 (SIGABRT), code -6 (SI_TKILL), fault addr --------
03-04 10:42:02.841  5536  5536 F DEBUG   :     rax 0000000000000000  rbx 00007fff51ab6280  rcx 00007ffff44bdf47  rdx 0000000000000006
03-04 10:42:02.841  5536  5536 F DEBUG   :     r8  0000000000000031  r9  0000000000000031  r10 0000000000000000  r11 0000000000000202
03-04 10:42:02.841  5536  5536 F DEBUG   :     r12 00007fff51abab62  r13 00007fff51abab68  r14 00007fff51abab50  r15 00007fff51abab60
03-04 10:42:02.841  5536  5536 F DEBUG   :     rdi 000000000000157e  rsi 000000000000159a
03-04 10:42:02.841  5536  5536 F DEBUG   :     rbp 00007fff728140b0  rsp 00007fff51ab6268  rip 00007ffff44bdf47
03-04 10:42:02.842  5536  5536 F DEBUG   : 
03-04 10:42:02.842  5536  5536 F DEBUG   : backtrace:
03-04 10:42:02.842  5536  5536 F DEBUG   :     #00 pc 000000000007df47  /system/lib64/libc.so (offset 0x7d000) (tgkill+7)
03-04 10:42:02.842  5536  5536 F DEBUG   :     #01 pc 000000000000374a  /data/app/owasp.mstg.uncrackable3--sI-ddUhqniqfSpkzgbtPQ==/lib/x86_64/libfoo.so (goodbye()+10)
03-04 10:42:02.842  5536  5536 F DEBUG   :     #02 pc 000000000000389a  /data/app/owasp.mstg.uncrackable3--sI-ddUhqniqfSpkzgbtPQ==/lib/x86_64/libfoo.so
03-04 10:42:02.842  5536  5536 F DEBUG   :     #03 pc 000000000009079b  /system/lib64/libc.so (offset 0x8f000) (__pthread_start(void*)+27)
03-04 10:42:02.842  5536  5536 F DEBUG   :     #04 pc 000000000002bdad  /system/lib64/libc.so (offset 0x2a000) (__start_thread+61)
03-04 10:42:02.930  1568  5545 I chatty  : uid=1000 system_server expire 3 lines
03-04 10:42:16.656  1463  1534 E storaged: getDiskStats failed with result NOT_SUPPORTED and size 0
03-04 10:42:54.092  1568  4590 I chatty  : uid=1000(system) Thread-19 expire 14 lines
03-04 10:42:54.504  5558  5588 F libc    : Fatal signal 6 (SIGABRT), code -6 (SI_TKILL) in tid 5588 (tg.uncrackable3), pid 5558 (tg.uncrackable3)
03-04 10:42:54.521  5594  5594 F DEBUG   : *** *** *** *** *** *** *** *** *** *** *** *** *** *** *** ***
03-04 10:42:54.521  5594  5594 F DEBUG   : Build fingerprint: 'Android/aosp_marlin/marlin:9/PQ3A.190605.04081832/3793265:user/release-keys'
03-04 10:42:54.521  5594  5594 F DEBUG   : Revision: '0'
03-04 10:42:54.521  5594  5594 F DEBUG   : ABI: 'x86_64'
03-04 10:42:54.521  5594  5594 F DEBUG   : pid: 5558, tid: 5588, name: tg.uncrackable3  >>> owasp.mstg.uncrackable3 <<<
03-04 10:42:54.521  5594  5594 F DEBUG   : signal 6 (SIGABRT), code -6 (SI_TKILL), fault addr --------
03-04 10:42:54.521  5594  5594 F DEBUG   :     rax 0000000000000000  rbx 00007fff51dc1280  rcx 00007ffff44bdf47  rdx 0000000000000006
03-04 10:42:54.521  5594  5594 F DEBUG   :     r8  0000000000000031  r9  0000000000000031  r10 0000000000000000  r11 0000000000000202
03-04 10:42:54.521  5594  5594 F DEBUG   :     r12 00007fff51dc5b62  r13 00007fff51dc5b68  r14 00007fff51dc5b50  r15 00007fff51dc5b60
03-04 10:42:54.521  5594  5594 F DEBUG   :     rdi 00000000000015b6  rsi 00000000000015d4
03-04 10:42:54.521  5594  5594 F DEBUG   :     rbp 00007fff728140b0  rsp 00007fff51dc1268  rip 00007ffff44bdf47
03-04 10:42:54.522  5594  5594 F DEBUG   : 
03-04 10:42:54.522  5594  5594 F DEBUG   : backtrace:
03-04 10:42:54.522  5594  5594 F DEBUG   :     #00 pc 000000000007df47  /system/lib64/libc.so (offset 0x7d000) (tgkill+7)
03-04 10:42:54.522  5594  5594 F DEBUG   :     #01 pc 0000000000001412  <anonymous:00007ffff439a000>
03-04 10:42:54.599  1568  5603 I chatty  : uid=1000 system_server expire 2 lines
03-04 10:42:54.601  1568  1584 I chatty  : uid=1000(system) android.ui expire 1 line
03-04 10:43:16.657  1463  1534 E storaged: getDiskStats failed with result NOT_SUPPORTED and size 0
03-04 10:43:58.003  1464  1464 W wificond: Scan already started
03-04 10:44:11.194  2178  2178 I chatty  : uid=1000(system) com.android.coreservice expire 10 lines
03-04 10:44:11.584  5621  5648 F libc    : Fatal signal 6 (SIGABRT), code -6 (SI_TKILL) in tid 5648 (tg.uncrackable3), pid 5621 (tg.uncrackable3)
03-04 10:44:11.600  5653  5653 F DEBUG   : *** *** *** *** *** *** *** *** *** *** *** *** *** *** *** ***
03-04 10:44:11.601  5653  5653 F DEBUG   : Build fingerprint: 'Android/aosp_marlin/marlin:9/PQ3A.190605.04081832/3793265:user/release-keys'
03-04 10:44:11.601  5653  5653 F DEBUG   : Revision: '0'
03-04 10:44:11.601  5653  5653 F DEBUG   : ABI: 'x86_64'
03-04 10:44:11.601  5653  5653 F DEBUG   : pid: 5621, tid: 5648, name: tg.uncrackable3  >>> owasp.mstg.uncrackable3 <<<
03-04 10:44:11.601  5653  5653 F DEBUG   : signal 6 (SIGABRT), code -6 (SI_TKILL), fault addr --------
03-04 10:44:11.601  5653  5653 F DEBUG   :     rax 0000000000000000  rbx 00007fff51fdf280  rcx 00007ffff44bdf47  rdx 0000000000000006
03-04 10:44:11.601  5653  5653 F DEBUG   :     r8  0000000000000031  r9  0000000000000031  r10 0000000000000000  r11 0000000000000202
03-04 10:44:11.601  5653  5653 F DEBUG   :     r12 00007fff51fe3b62  r13 00007fff51fe3b68  r14 00007fff51fe3b50  r15 00007fff51fe3b60
03-04 10:44:11.601  5653  5653 F DEBUG   :     rdi 00000000000015f5  rsi 0000000000001610
03-04 10:44:11.601  5653  5653 F DEBUG   :     rbp 00007fff728140b0  rsp 00007fff51fdf268  rip 00007ffff44bdf47
03-04 10:44:11.601  5653  5653 F DEBUG   : 
03-04 10:44:11.601  5653  5653 F DEBUG   : backtrace:
03-04 10:44:11.601  5653  5653 F DEBUG   :     #00 pc 000000000007df47  /system/lib64/libc.so (offset 0x7d000) (tgkill+7)
03-04 10:44:11.601  5653  5653 F DEBUG   :     #01 pc 000000000000374a  /data/app/owasp.mstg.uncrackable3--sI-ddUhqniqfSpkzgbtPQ==/lib/x86_64/libfoo.so (goodbye()+10)
03-04 10:44:11.601  5653  5653 F DEBUG   :     #02 pc 000000000000389a  /data/app/owasp.mstg.uncrackable3--sI-ddUhqniqfSpkzgbtPQ==/lib/x86_64/libfoo.so
03-04 10:44:11.601  5653  5653 F DEBUG   :     #03 pc 000000000009079b  /system/lib64/libc.so (offset 0x7d000) (__pthread_start(void*)+27)
03-04 10:44:11.601  5653  5653 F DEBUG   :     #04 pc 000000000002bdad  /system/lib64/libc.so (offset 0x2a000) (__start_thread+61)
03-04 10:44:11.685  1568  5663 I chatty  : uid=1000 system_server expire 1 line
03-04 10:44:11.693  1568  1583 I chatty  : uid=1000(system) ActivityManager expire 10 lines
03-04 10:44:11.713  1568  1592 I chatty  : uid=1000(system) android.display expire 5 lines
03-04 10:44:16.657  1463  1534 E storaged: getDiskStats failed with result NOT_SUPPORTED and size 0
03-04 10:45:16.725  1463  1534 E storaged: getDiskStats failed with result NOT_SUPPORTED and size 0
03-04 10:46:16.726  1463  1534 E storaged: getDiskStats failed with result NOT_SUPPORTED and size 0
03-04 10:46:41.712  1464  1464 W wificond: Scan already started
03-04 10:47:16.727  1463  1534 E storaged: getDiskStats failed with result NOT_SUPPORTED and size 0
03-04 10:48:16.735  1463  1534 E storaged: getDiskStats failed with result NOT_SUPPORTED and size 0
03-04 10:49:16.739  1463  1534 E storaged: getDiskStats failed with result NOT_SUPPORTED and size 0
03-04 10:49:21.711  1464  1464 W wificond: Scan already started
03-04 10:50:16.759  1463  1534 E storaged: getDiskStats failed with result NOT_SUPPORTED and size 0
03-04 10:51:16.760  1463  1534 E storaged: getDiskStats failed with result NOT_SUPPORTED and size 0
03-04 10:52:01.711  1464  1464 W wificond: Scan already started
03-04 10:52:16.780  1463  1534 E storaged: getDiskStats failed with result NOT_SUPPORTED and size 0
03-04 10:53:16.781  1463  1534 E storaged: getDiskStats failed with result NOT_SUPPORTED and size 0
03-04 10:54:16.789  1463  1534 E storaged: getDiskStats failed with result NOT_SUPPORTED and size 0
03-04 10:55:16.790  1463  1534 E storaged: getDiskStats failed with result NOT_SUPPORTED and size 0
03-04 10:55:58.577  1464  1464 W wificond: Scan already started
03-04 10:56:16.791  1463  1534 E storaged: getDiskStats failed with result NOT_SUPPORTED and size 0
03-04 10:56:41.776  1464  1464 W wificond: Scan already started
03-04 10:57:16.791  1463  1534 E storaged: getDiskStats failed with result NOT_SUPPORTED and size 0
03-04 10:58:16.792  1463  1534 E storaged: getDiskStats failed with result NOT_SUPPORTED and size 0
03-04 10:59:14.473  1568  1587 I chatty  : uid=1000(system) batterystats-wo expire 8 lines
03-04 10:59:16.808  1463  1534 E storaged: getDiskStats failed with result NOT_SUPPORTED and size 0
03-04 10:59:55.408  1464  1464 W wificond: Scan already started
03-04 11:00:16.934  1463  1534 E storaged: getDiskStats failed with result NOT_SUPPORTED and size 0
03-04 11:01:16.935  1463  1534 E storaged: getDiskStats failed with result NOT_SUPPORTED and size 0
03-04 11:02:16.935  1463  1534 E storaged: getDiskStats failed with result NOT_SUPPORTED and size 0
03-04 11:03:16.935  1463  1534 E storaged: getDiskStats failed with result NOT_SUPPORTED and size 0
03-04 11:04:08.485  1464  1464 W wificond: Scan already started
03-04 11:04:08.540  2178  2178 I chatty  : uid=1000(system) com.android.coreservice expire 10 lines
03-04 11:04:16.939  1463  1534 E storaged: getDiskStats failed with result NOT_SUPPORTED and size 0
03-04 11:05:16.940  1463  1534 E storaged: getDiskStats failed with result NOT_SUPPORTED and size 0
03-04 11:06:16.941  1463  1534 E storaged: getDiskStats failed with result NOT_SUPPORTED and size 0
03-04 11:06:48.481  1464  1464 W wificond: Scan already started
03-04 11:07:16.942  1463  1534 E storaged: getDiskStats failed with result NOT_SUPPORTED and size 0
03-04 11:08:16.945  1463  1534 E storaged: getDiskStats failed with result NOT_SUPPORTED and size 0
03-04 11:09:16.946  1463  1534 E storaged: getDiskStats failed with result NOT_SUPPORTED and size 0
03-04 11:09:28.481  1464  1464 W wificond: Scan already started
03-04 11:10:12.982  1568  1585 I chatty  : uid=1000(system) ActivityManager expire 3 lines
03-04 11:10:13.410  5924  5960 F libc    : Fatal signal 6 (SIGABRT), code -6 (SI_TKILL) in tid 5960 (tg.uncrackable3), pid 5924 (tg.uncrackable3)
03-04 11:10:13.429  5966  5966 F DEBUG   : *** *** *** *** *** *** *** *** *** *** *** *** *** *** *** ***
03-04 11:10:13.429  5966  5966 F DEBUG   : Build fingerprint: 'Android/aosp_marlin/marlin:9/PQ3A.190605.04081832/3793265:user/release-keys'
03-04 11:10:13.429  5966  5966 F DEBUG   : Revision: '0'
03-04 11:10:13.429  5966  5966 F DEBUG   : ABI: 'x86_64'
03-04 11:10:13.429  5966  5966 F DEBUG   : pid: 5924, tid: 5960, name: tg.uncrackable3  >>> owasp.mstg.uncrackable3 <<<
03-04 11:10:13.429  5966  5966 F DEBUG   : signal 6 (SIGABRT), code -6 (SI_TKILL), fault addr --------
03-04 11:10:13.429  5966  5966 F DEBUG   :     rax 0000000000000000  rbx 00007fff57848280  rcx 00007ffff44bdf47  rdx 0000000000000006
03-04 11:10:13.429  5966  5966 F DEBUG   :     r8  0000000000000031  r9  0000000000000031  r10 0000000000000003  r11 0000000000000202
03-04 11:10:13.429  5966  5966 F DEBUG   :     r12 00007fff5784cb62  r13 00007fff5784cb68  r14 00007fff5784cb50  r15 00007fff5784cb60
03-04 11:10:13.429  5966  5966 F DEBUG   :     rdi 0000000000001724  rsi 0000000000001748
03-04 11:10:13.429  5966  5966 F DEBUG   :     rbp 00007fff728140b0  rsp 00007fff57848268  rip 00007ffff44bdf47
03-04 11:10:13.430  5966  5966 F DEBUG   : 
03-04 11:10:13.430  5966  5966 F DEBUG   : backtrace:
03-04 11:10:13.430  5966  5966 F DEBUG   :     #00 pc 000000000007df47  /system/lib64/libc.so (offset 0x7d000) (tgkill+7)
03-04 11:10:13.430  5966  5966 F DEBUG   :     #01 pc 000000000000374a  /data/app/owasp.mstg.uncrackable3--sI-ddUhqniqfSpkzgbtPQ==/lib/x86_64/libfoo.so (goodbye()+10)
03-04 11:10:13.430  5966  5966 F DEBUG   :     #02 pc 000000000000389a  /data/app/owasp.mstg.uncrackable3--sI-ddUhqniqfSpkzgbtPQ==/lib/x86_64/libfoo.so
03-04 11:10:13.430  5966  5966 F DEBUG   :     #03 pc 000000000009079b  /system/lib64/libc.so (offset 0x7d000) (__pthread_start(void*)+27)
03-04 11:10:13.430  5966  5966 F DEBUG   :     #04 pc 000000000002bdad  /system/lib64/libc.so (offset 0x2a000) (__start_thread+61)
03-04 11:10:13.586  1568  5975 I chatty  : uid=1000 system_server expire 2 lines
03-04 11:10:13.629  2178  2178 I chatty  : uid=1000(system) com.android.coreservice expire 22 lines
03-04 11:10:16.946  1463  1534 E storaged: getDiskStats failed with result NOT_SUPPORTED and size 0
03-04 11:11:14.374  1568  4590 I chatty  : uid=1000(system) Thread-19 expire 8 lines
03-04 11:11:14.806  5989  6017 F libc    : Fatal signal 6 (SIGABRT), code -6 (SI_TKILL) in tid 6017 (tg.uncrackable3), pid 5989 (tg.uncrackable3)
03-04 11:11:14.824  6023  6023 F DEBUG   : *** *** *** *** *** *** *** *** *** *** *** *** *** *** *** ***
03-04 11:11:14.824  6023  6023 F DEBUG   : Build fingerprint: 'Android/aosp_marlin/marlin:9/PQ3A.190605.04081832/3793265:user/release-keys'
03-04 11:11:14.824  6023  6023 F DEBUG   : Revision: '0'
03-04 11:11:14.824  6023  6023 F DEBUG   : ABI: 'x86_64'
03-04 11:11:14.824  6023  6023 F DEBUG   : pid: 5989, tid: 6017, name: tg.uncrackable3  >>> owasp.mstg.uncrackable3 <<<
03-04 11:11:14.824  6023  6023 F DEBUG   : signal 6 (SIGABRT), code -6 (SI_TKILL), fault addr --------
03-04 11:11:14.824  6023  6023 F DEBUG   :     rax 0000000000000000  rbx 00007fff57803280  rcx 00007ffff44bdf47  rdx 0000000000000006
03-04 11:11:14.824  6023  6023 F DEBUG   :     r8  0000000000000031  r9  0000000000000031  r10 0000000000000003  r11 0000000000000202
03-04 11:11:14.824  6023  6023 F DEBUG   :     r12 00007fff57807b62  r13 00007fff57807b68  r14 00007fff57807b50  r15 00007fff57807b60
03-04 11:11:14.824  6023  6023 F DEBUG   :     rdi 0000000000001765  rsi 0000000000001781
03-04 11:11:14.824  6023  6023 F DEBUG   :     rbp 00007fff728140b0  rsp 00007fff57803268  rip 00007ffff44bdf47
03-04 11:11:14.824  6023  6023 F DEBUG   : 
03-04 11:11:14.824  6023  6023 F DEBUG   : backtrace:
03-04 11:11:14.824  6023  6023 F DEBUG   :     #00 pc 000000000007df47  /system/lib64/libc.so (offset 0x7d000) (tgkill+7)
03-04 11:11:14.824  6023  6023 F DEBUG   :     #01 pc 000000000000374a  /data/app/owasp.mstg.uncrackable3--sI-ddUhqniqfSpkzgbtPQ==/lib/x86_64/libfoo.so (goodbye()+10)
03-04 11:11:14.824  6023  6023 F DEBUG   :     #02 pc 000000000000389a  /data/app/owasp.mstg.uncrackable3--sI-ddUhqniqfSpkzgbtPQ==/lib/x86_64/libfoo.so
03-04 11:11:14.824  6023  6023 F DEBUG   :     #03 pc 000000000009079b  /system/lib64/libc.so (offset 0x7d000) (__pthread_start(void*)+27)
03-04 11:11:14.824  6023  6023 F DEBUG   :     #04 pc 000000000002bdad  /system/lib64/libc.so (offset 0x2a000) (__start_thread+61)
03-04 11:11:14.911  1568  6032 I chatty  : uid=1000 system_server expire 1 line
03-04 11:11:14.914  1568  1583 I chatty  : uid=1000(system) ActivityManager expire 2 lines
03-04 11:11:16.955  1463  1534 E storaged: getDiskStats failed with result NOT_SUPPORTED and size 0
03-04 11:12:08.483  1464  1464 W wificond: Scan already started
03-04 11:12:16.963  1463  1534 E storaged: getDiskStats failed with result NOT_SUPPORTED and size 0
03-04 11:13:16.964  1463  1534 E storaged: getDiskStats failed with result NOT_SUPPORTED and size 0
03-04 11:14:05.012  1568  1590 I chatty  : uid=1000(system) android.fg expire 1 line
03-04 11:14:05.016  2178  2178 I chatty  : uid=1000(system) com.android.coreservice expire 15 lines
03-04 11:14:06.969  1568  1590 D AutofillManagerService: Close system dialogs
03-04 11:14:08.075  1568  1590 D AutofillManagerService: Close system dialogs
03-04 11:14:08.080  1568  2310 I ActivityManager: Killing 6051:owasp.mstg.uncrackable3/u0a80 (adj 900): remove task
03-04 11:14:08.081  1568  2404 I ActivityManager: START u0 {act=android.intent.action.MAIN cat=[android.intent.category.HOME] flg=0x10200000 cmp=com.ldmnq.launcher3/com.android.launcher3.Launcher} from uid 10027
03-04 11:14:08.111  1568  3841 I WindowManager: WIN DEATH: Window{c6aee2a u0 owasp.mstg.uncrackable3/sg.vantagepoint.uncrackable3.MainActivity}
03-04 11:14:08.116  1568  1592 W ActivityManager: setHasOverlayUi called on unknown pid: 6051
03-04 11:14:16.965  1463  1534 E storaged: getDiskStats failed with result NOT_SUPPORTED and size 0
03-04 11:15:16.966  1463  1534 E storaged: getDiskStats failed with result NOT_SUPPORTED and size 0
03-04 11:15:22.780  1568  4590 I ActivityManager: Force stopping owasp.mstg.uncrackable3 appid=10080 user=0: from pid 1568
03-04 11:15:22.780  2178  2178 I chatty  : uid=1000(system) com.android.coreservice expire 11 lines
03-04 11:15:22.784  1568  4590 W ContextImpl: Calling a method in the system process without a qualified user: android.app.ContextImpl.startActivity:887 android.content.ContextWrapper.startActivity:379 <bottom of call stack> <bottom of call stack> <bottom of call stack> 
03-04 11:15:22.784  1568  4590 W ContextImpl: Calling a method in the system process without a qualified user: android.app.ContextImpl.startActivity:899 android.app.ContextImpl.startActivity:888 android.content.ContextWrapper.startActivity:379 <bottom of call stack> <bottom of call stack> 
03-04 11:15:22.784  1568  4590 I ActivityManager: START u0 {act=android.intent.action.MAIN cat=[android.intent.category.LAUNCHER] flg=0x10000000 pkg=owasp.mstg.uncrackable3 cmp=owasp.mstg.uncrackable3/sg.vantagepoint.uncrackable3.MainActivity} from uid 1000
03-04 11:15:22.809  1568  1585 I ActivityManager: Start proc 6117:owasp.mstg.uncrackable3/u0a80 for activity owasp.mstg.uncrackable3/sg.vantagepoint.uncrackable3.MainActivity
03-04 11:15:42.574  6117  6146 F libc    : Fatal signal 6 (SIGABRT), code -6 (SI_TKILL) in tid 6146 (tg.uncrackable3), pid 6117 (tg.uncrackable3)
03-04 11:15:42.588  6157  6157 F DEBUG   : *** *** *** *** *** *** *** *** *** *** *** *** *** *** *** ***
03-04 11:15:42.588  6157  6157 F DEBUG   : Build fingerprint: 'Android/aosp_marlin/marlin:9/PQ3A.190605.04081832/3793265:user/release-keys'
03-04 11:15:42.588  6157  6157 F DEBUG   : Revision: '0'
03-04 11:15:42.588  6157  6157 F DEBUG   : ABI: 'x86_64'
03-04 11:15:42.588  6157  6157 F DEBUG   : pid: 6117, tid: 6146, name: tg.uncrackable3  >>> owasp.mstg.uncrackable3 <<<
03-04 11:15:42.588  6157  6157 F DEBUG   : signal 6 (SIGABRT), code -6 (SI_TKILL), fault addr --------
03-04 11:15:42.588  6157  6157 F DEBUG   :     rax 0000000000000000  rbx 00007fff57858280  rcx 00007ffff44bdf47  rdx 0000000000000006
03-04 11:15:42.588  6157  6157 F DEBUG   :     r8  0000000000000031  r9  0000000000000031  r10 0000000000000000  r11 0000000000000202
03-04 11:15:42.588  6157  6157 F DEBUG   :     r12 00007fff5785cb62  r13 00007fff5785cb68  r14 00007fff5785cb50  r15 00007fff5785cb60
03-04 11:15:42.588  6157  6157 F DEBUG   :     rdi 00000000000017e5  rsi 0000000000001802
03-04 11:15:42.588  6157  6157 F DEBUG   :     rbp 00007fff728140b0  rsp 00007fff57858268  rip 00007ffff44bdf47
03-04 11:15:42.589  6157  6157 F DEBUG   : 
03-04 11:15:42.589  6157  6157 F DEBUG   : backtrace:
03-04 11:15:42.589  6157  6157 F DEBUG   :     #00 pc 000000000007df47  /system/lib64/libc.so (offset 0x7d000) (tgkill+7)
03-04 11:15:42.589  6157  6157 F DEBUG   :     #01 pc 000000000000374a  /data/app/owasp.mstg.uncrackable3--sI-ddUhqniqfSpkzgbtPQ==/lib/x86_64/libfoo.so (goodbye()+10)
03-04 11:15:42.589  6157  6157 F DEBUG   :     #02 pc 000000000000389a  /data/app/owasp.mstg.uncrackable3--sI-ddUhqniqfSpkzgbtPQ==/lib/x86_64/libfoo.so
03-04 11:15:42.589  6157  6157 F DEBUG   :     #03 pc 000000000009079b  /system/lib64/libc.so (offset 0x7d000) (__pthread_start(void*)+27)
03-04 11:15:42.589  6157  6157 F DEBUG   :     #04 pc 000000000002bdad  /system/lib64/libc.so (offset 0x2a000) (__start_thread+61)
03-04 11:15:42.717  1568  6164 W ActivityManager:   Force finishing activity owasp.mstg.uncrackable3/sg.vantagepoint.uncrackable3.MainActivity
03-04 11:15:42.718  1568  1589 I BootReceiver: Copying /data/tombstones/tombstone_33 to DropBox (SYSTEM_TOMBSTONE)
03-04 11:15:42.735  1568  1583 W BroadcastQueue: Background execution not allowed: receiving Intent { act=android.intent.action.DROPBOX_ENTRY_ADDED flg=0x10 (has extras) } to com.google.android.gms/.stats.service.DropBoxEntryAddedReceiver
03-04 11:15:42.739  1568  1583 W BroadcastQueue: Background execution not allowed: receiving Intent { act=android.intent.action.DROPBOX_ENTRY_ADDED flg=0x10 (has extras) } to com.google.android.gms/.stats.service.DropBoxEntryAddedReceiver
03-04 11:15:42.746  1568  3483 I WindowManager: WIN DEATH: Window{f86c629 u0 owasp.mstg.uncrackable3/sg.vantagepoint.uncrackable3.MainActivity}
03-04 11:15:42.747  1568  3484 I ActivityManager: Process owasp.mstg.uncrackable3 (pid 6117) has died: vis  +99TOP 
03-04 11:15:42.750  1568  1592 W ActivityManager: setHasOverlayUi called on unknown pid: 6117
03-04 11:15:53.381  1568  4590 I ActivityManager: Force stopping owasp.mstg.uncrackable3 appid=10080 user=0: from pid 1568
03-04 11:15:53.381  2178  2178 I chatty  : uid=1000(system) com.android.coreservice expire 30 lines
03-04 11:15:53.385  1568  4590 W ContextImpl: Calling a method in the system process without a qualified user: android.app.ContextImpl.startActivity:887 android.content.ContextWrapper.startActivity:379 <bottom of call stack> <bottom of call stack> <bottom of call stack> 
03-04 11:15:53.385  1568  4590 W ContextImpl: Calling a method in the system process without a qualified user: android.app.ContextImpl.startActivity:899 android.app.ContextImpl.startActivity:888 android.content.ContextWrapper.startActivity:379 <bottom of call stack> <bottom of call stack> 
03-04 11:15:53.385  1568  4590 I ActivityManager: START u0 {act=android.intent.action.MAIN cat=[android.intent.category.LAUNCHER] flg=0x10000000 pkg=owasp.mstg.uncrackable3 cmp=owasp.mstg.uncrackable3/sg.vantagepoint.uncrackable3.MainActivity} from uid 1000
03-04 11:15:53.405  1568  1585 I ActivityManager: Start proc 6175:owasp.mstg.uncrackable3/u0a80 for activity owasp.mstg.uncrackable3/sg.vantagepoint.uncrackable3.MainActivity
03-04 11:16:02.473  6175  6202 F libc    : Fatal signal 6 (SIGABRT), code -6 (SI_TKILL) in tid 6202 (tg.uncrackable3), pid 6175 (tg.uncrackable3)
03-04 11:16:02.484  6218  6218 F DEBUG   : *** *** *** *** *** *** *** *** *** *** *** *** *** *** *** ***
03-04 11:16:02.484  6218  6218 F DEBUG   : Build fingerprint: 'Android/aosp_marlin/marlin:9/PQ3A.190605.04081832/3793265:user/release-keys'
03-04 11:16:02.484  6218  6218 F DEBUG   : Revision: '0'
03-04 11:16:02.484  6218  6218 F DEBUG   : ABI: 'x86_64'
03-04 11:16:02.484  6218  6218 F DEBUG   : pid: 6175, tid: 6202, name: tg.uncrackable3  >>> owasp.mstg.uncrackable3 <<<
03-04 11:16:02.484  6218  6218 F DEBUG   : signal 6 (SIGABRT), code -6 (SI_TKILL), fault addr --------
03-04 11:16:02.484  6218  6218 F DEBUG   :     rax 0000000000000000  rbx 00007fff5788a280  rcx 00007ffff44bdf47  rdx 0000000000000006
03-04 11:16:02.484  6218  6218 F DEBUG   :     r8  0000000000000031  r9  0000000000000031  r10 0000000000000000  r11 0000000000000202
03-04 11:16:02.484  6218  6218 F DEBUG   :     r12 00007fff5788eb62  r13 00007fff5788eb68  r14 00007fff5788eb50  r15 00007fff5788eb60
03-04 11:16:02.484  6218  6218 F DEBUG   :     rdi 000000000000181f  rsi 000000000000183a
03-04 11:16:02.484  6218  6218 F DEBUG   :     rbp 00007fff728140b0  rsp 00007fff5788a268  rip 00007ffff44bdf47
03-04 11:16:02.485  6218  6218 F DEBUG   : 
03-04 11:16:02.485  6218  6218 F DEBUG   : backtrace:
03-04 11:16:02.485  6218  6218 F DEBUG   :     #00 pc 000000000007df47  /system/lib64/libc.so (offset 0x7d000) (tgkill+7)
03-04 11:16:02.485  6218  6218 F DEBUG   :     #01 pc 000000000000374a  /data/app/owasp.mstg.uncrackable3--sI-ddUhqniqfSpkzgbtPQ==/lib/x86_64/libfoo.so (goodbye()+10)
03-04 11:16:02.485  6218  6218 F DEBUG   :     #02 pc 000000000000389a  /data/app/owasp.mstg.uncrackable3--sI-ddUhqniqfSpkzgbtPQ==/lib/x86_64/libfoo.so
03-04 11:16:02.485  6218  6218 F DEBUG   :     #03 pc 000000000009079b  /system/lib64/libc.so (offset 0x7d000) (__pthread_start(void*)+27)
03-04 11:16:02.485  6218  6218 F DEBUG   :     #04 pc 000000000002bdad  /system/lib64/libc.so (offset 0x2a000) (__start_thread+61)
03-04 11:16:02.605  1568  6225 W ActivityManager:   Force finishing activity owasp.mstg.uncrackable3/sg.vantagepoint.uncrackable3.MainActivity
03-04 11:16:02.605  1568  1589 I BootReceiver: Copying /data/tombstones/tombstone_34 to DropBox (SYSTEM_TOMBSTONE)
03-04 11:16:02.606  1568  6225 W ActivityManager: Exception thrown during pause
03-04 11:16:02.606  1568  6225 W ActivityManager: android.os.DeadObjectException
03-04 11:16:02.606  1568  6225 W ActivityManager: 	at android.os.BinderProxy.transactNative(Native Method)
03-04 11:16:02.606  1568  6225 W ActivityManager: 	at android.os.BinderProxy.transact(Binder.java:1127)
03-04 11:16:02.606  1568  6225 W ActivityManager: 	at android.app.IApplicationThread$Stub$Proxy.scheduleTransaction(IApplicationThread.java:1777)
03-04 11:16:02.606  1568  6225 W ActivityManager: 	at android.app.servertransaction.ClientTransaction.schedule(ClientTransaction.java:129)
03-04 11:16:02.606  1568  6225 W ActivityManager: 	at com.android.server.am.ClientLifecycleManager.scheduleTransaction(ClientLifecycleManager.java:47)
03-04 11:16:02.606  1568  6225 W ActivityManager: 	at com.android.server.am.ClientLifecycleManager.scheduleTransaction(ClientLifecycleManager.java:69)
03-04 11:16:02.606  1568  6225 W ActivityManager: 	at com.android.server.am.ActivityStack.startPausingLocked(ActivityStack.java:1463)
03-04 11:16:02.606  1568  6225 W ActivityManager: 	at com.android.server.am.ActivityStack.finishActivityLocked(ActivityStack.java:3754)
03-04 11:16:02.606  1568  6225 W ActivityManager: 	at com.android.server.am.ActivityStack.finishActivityLocked(ActivityStack.java:3696)
03-04 11:16:02.606  1568  6225 W ActivityManager: 	at com.android.server.am.ActivityStack.finishTopCrashedActivityLocked(ActivityStack.java:3579)
03-04 11:16:02.606  1568  6225 W ActivityManager: 	at com.android.server.am.ActivityStackSupervisor.finishTopCrashedActivitiesLocked(ActivityStackSupervisor.java:2259)
03-04 11:16:02.606  1568  6225 W ActivityManager: 	at com.android.server.am.AppErrors.handleAppCrashLocked(AppErrors.java:748)
03-04 11:16:02.606  1568  6225 W ActivityManager: 	at com.android.server.am.AppErrors.makeAppCrashingLocked(AppErrors.java:580)
03-04 11:16:02.606  1568  6225 W ActivityManager: 	at com.android.server.am.AppErrors.crashApplicationInner(AppErrors.java:447)
03-04 11:16:02.606  1568  6225 W ActivityManager: 	at com.android.server.am.AppErrors.crashApplication(AppErrors.java:392)
03-04 11:16:02.606  1568  6225 W ActivityManager: 	at com.android.server.am.ActivityManagerService.handleApplicationCrashInner(ActivityManagerService.java:15657)
03-04 11:16:02.606  1568  6225 W ActivityManager: 	at com.android.server.am.NativeCrashListener$NativeCrashReporter.run(NativeCrashListener.java:85)
03-04 11:16:02.623  1568  1846 I WindowManager: WIN DEATH: Window{c89e31b u0 owasp.mstg.uncrackable3/sg.vantagepoint.uncrackable3.MainActivity}
03-04 11:16:02.630  1568  3489 W BroadcastQueue: Background execution not allowed: receiving Intent { act=android.intent.action.DROPBOX_ENTRY_ADDED flg=0x10 (has extras) } to com.google.android.gms/.stats.service.DropBoxEntryAddedReceiver
03-04 11:16:02.630  1568  1622 I ActivityManager: Process owasp.mstg.uncrackable3 (pid 6175) has died: vis  +99TOP 
03-04 11:16:02.633  1568  1584 I ActivityManager: Showing crash dialog for package owasp.mstg.uncrackable3 u0
03-04 11:16:02.635  1568  1592 W ActivityManager: setHasOverlayUi called on unknown pid: 6175
03-04 11:16:02.645  1568  1583 W BroadcastQueue: Background execution not allowed: receiving Intent { act=android.intent.action.DROPBOX_ENTRY_ADDED flg=0x10 (has extras) } to com.google.android.gms/.stats.service.DropBoxEntryAddedReceiver
