03-04 14:19:37.175  1718  2018 D EGL_adreno: eglMakeCurrent: 0x7fff68d19340: ver 3 1 (tinfo 0x7fff68d1b160)
03-04 14:19:37.241  1718  2018 I chatty  : uid=10027(com.android.systemui) RenderThread identical 10 lines
03-04 14:19:37.242  1718  2018 D EGL_adreno: eglMakeCurrent: 0x7fff68d19340: ver 3 1 (tinfo 0x7fff68d1b160)
03-04 14:19:37.317  1718  8199 I HostConnection: HostConnection::HostConnection: pid=1718, tid=8199, this=0x7fff6c0481e0
03-04 14:19:37.318  1718  8199 I         : fastpipe: Connect success
03-04 14:19:37.318  1718  8199 D HostConnection: HostRPC::connect sucess: app=com.android.systemui, pid=1718, tid=8199, this=0x7fff6c106340
03-04 14:19:37.319  1718  8199 D HostConnection: queryAndSetGLESMaxVersion select gles-version: 3.1 hostGLVersion:46 process:com.android.systemui
03-04 14:19:37.378  1568  1576 I chatty  : uid=1000(system) FinalizerDaemon expire 97 lines
03-04 14:19:37.160  2178  2178 W ContextImpl: Calling a method in the system process without a qualified user: android.app.ContextImpl.startService:1531 android.content.ContextWrapper.startService:664 android.content.ContextWrapper.startService:664 com.android.coreservice.CoreBroadcastReceiver.onReceive:69 android.app.ActivityThread.handleReceiver:3424 
03-04 14:19:37.627  1568  1583 W ActivityManager: Activity pause timeout for ActivityRecord{b475fb7 u0 owasp.mstg.uncrackable3/sg.vantagepoint.uncrackable3.MainActivity t54}
03-04 14:19:41.052  1568  1590 D AutofillManagerService: Close system dialogs
03-04 14:19:41.056  1568  1621 I ActivityManager: Killing 8402:owasp.mstg.uncrackable3/u0a80 (adj 900): remove task
03-04 14:19:41.057  1568  2310 I ActivityManager: START u0 {act=android.intent.action.MAIN cat=[android.intent.category.HOME] flg=0x10200000 cmp=com.ldmnq.launcher3/com.android.launcher3.Launcher} from uid 10027
03-04 14:19:41.061  2178  2178 W ContextImpl: Calling a method in the system process without a qualified user: android.app.ContextImpl.startService:1531 android.content.ContextWrapper.startService:664 android.content.ContextWrapper.startService:664 com.android.coreservice.CoreBroadcastReceiver.onReceive:44 android.app.ActivityThread.handleReceiver:3424 
03-04 14:19:41.066  1718  1718 V StatusBar: mStatusBarWindow: com.android.systemui.statusbar.phone.StatusBarWindowView{97e245d V.ED..... ........ 0,0-900,48} canPanelBeCollapsed(): false
03-04 14:19:41.066  1718  1718 I vol.Events: writeEvent dismiss_dialog volume_controller
03-04 14:19:41.068  1718  2018 D EGL_adreno: eglMakeCurrent: 0x7fff68d19340: ver 3 1 (tinfo 0x7fff68d1b160)
03-04 14:19:41.080  1718  6099 I ndroid.systemu: Explicit concurrent copying GC freed 2412(264KB) AllocSpace objects, 0(0B) LOS objects, 49% free, 4MB/8MB, paused 8us total 11.357ms
03-04 14:19:41.082  2178  2178 W ContextImpl: Calling a method in the system process without a qualified user: android.app.ContextImpl.startService:1531 android.content.ContextWrapper.startService:664 android.content.ContextWrapper.startService:664 com.android.coreservice.CoreBroadcastReceiver.onReceive:53 android.app.ActivityThread.handleReceiver:3424 
03-04 14:19:41.084  1403  1403 I Zygote  : Process 8402 exited due to signal (9)
03-04 14:19:41.085  1568  2399 I WindowManager: WIN DEATH: Window{bd23931 u0 owasp.mstg.uncrackable3/sg.vantagepoint.uncrackable3.MainActivity}
03-04 14:19:41.085  1568  2399 I chatty  : uid=1000(system) Binder:1568_D expire 3 lines
03-04 14:19:41.096  1568  1592 W ActivityManager: setHasOverlayUi called on unknown pid: 8402
03-04 14:19:41.101  2178  2178 W ContextImpl: Calling a method in the system process without a qualified user: android.app.ContextImpl.sendBroadcast:1020 android.content.ContextWrapper.sendBroadcast:449 com.android.coreservice.TabManager.notifyClosing:356 com.android.coreservice.TabManager.updateInner:191 com.android.coreservice.TabManager.onUpdate:226 
03-04 14:19:41.101  1568  1849 W ActivityManager: Request to remove task ignored for non-existent task 54
03-04 14:19:41.101  2178  2178 I CoreService: notifyClosing notify tab closed taskPackageName:owasp.mstg.uncrackable3
03-04 14:19:41.108  2214  2436 E EGL_adreno: tid 2436: eglSurfaceAttrib(1350): error 0x3009 (EGL_BAD_MATCH)
03-04 14:19:41.108  2214  2436 W OpenGLRenderer: Failed to set EGL_SWAP_BEHAVIOR on surface 0x7fff58424080, error=EGL_BAD_MATCH
03-04 14:19:41.116  2214  2436 D EGL_adreno: eglMakeCurrent: 0x7fff68d41520: ver 3 1 (tinfo 0x7fff6a6478c0)
03-04 14:19:41.136  2178  2178 W ContextImpl: Calling a method in the system process without a qualified user: android.app.ContextImpl.startService:1531 android.content.ContextWrapper.startService:664 android.content.ContextWrapper.startService:664 com.android.coreservice.CoreBroadcastReceiver.onReceive:69 android.app.ActivityThread.handleReceiver:3424 
03-04 14:19:41.206  1568  1568 I chatty  : uid=1000 system_server expire 12 lines
03-04 14:19:41.206  1359  1359 W auditd  : type=1327 audit(0.0:2138): proctitle="system_server"
03-04 14:19:41.206  1359  1359 W auditd  : type=1320 audit(0.0:2138): 
03-04 14:19:37.606  1426  1426 W sensors@1.0-ser: type=1300 audit(0.0:2137): arch=c000003e syscall=16 success=yes exit=0 a0=7 a1=80046865 a2=7ffff6c0f000 a3=7ffff7427288 items=0 ppid=1 auid=4294967295 uid=1000 gid=1000 euid=1000 suid=1000 fsuid=1000 egid=1000 sgid=1000 fsgid=1000 tty=(none) ses=4294967295 exe="/system/vendor/bin/hw/android.hardware.sensors@1.0-service" subj=u:r:hal_sensors_default:s0 key=(null)
03-04 14:19:41.699  2214  2436 W OpenGLRenderer: Incorrectly called buildLayer on View: ShortcutAndWidgetContainer, destroying layer...
03-04 14:19:41.139  2178  2178 W ContextImpl: Calling a method in the system process without a qualified user: android.app.ContextImpl.startService:1531 android.content.ContextWrapper.startService:664 android.content.ContextWrapper.startService:664 com.android.coreservice.CoreBroadcastReceiver.onReceive:69 android.app.ActivityThread.handleReceiver:3424 
03-04 14:19:43.607  1568  4590 I ActivityManager: Force stopping owasp.mstg.uncrackable3 appid=10080 user=0: from pid 1568
03-04 14:19:43.607  2178  2178 W ContextImpl: Calling a method in the system process without a qualified user: android.app.ContextImpl.startService:1531 android.content.ContextWrapper.startService:664 android.content.ContextWrapper.startService:664 com.android.coreservice.CoreBroadcastReceiver.onReceive:53 android.app.ActivityThread.handleReceiver:3424 
03-04 14:19:43.609  1904  1904 D CarrierSvcBindHelper: No carrier app for: 0
03-04 14:19:43.620  1568  4590 W ContextImpl: Calling a method in the system process without a qualified user: android.app.ContextImpl.startActivity:887 android.content.ContextWrapper.startActivity:379 <bottom of call stack> <bottom of call stack> <bottom of call stack> 
03-04 14:19:43.620  1568  4590 W ContextImpl: Calling a method in the system process without a qualified user: android.app.ContextImpl.startActivity:899 android.app.ContextImpl.startActivity:888 android.content.ContextWrapper.startActivity:379 <bottom of call stack> <bottom of call stack> 
03-04 14:19:43.620  1568  4590 I ActivityManager: START u0 {act=android.intent.action.MAIN cat=[android.intent.category.LAUNCHER] flg=0x10000000 pkg=owasp.mstg.uncrackable3 cmp=owasp.mstg.uncrackable3/sg.vantagepoint.uncrackable3.MainActivity} from uid 1000
03-04 14:19:43.629  2178  2178 W ContextImpl: Calling a method in the system process without a qualified user: android.app.ContextImpl.startService:1531 android.content.ContextWrapper.startService:664 android.content.ContextWrapper.startService:664 com.android.coreservice.CoreBroadcastReceiver.onReceive:44 android.app.ActivityThread.handleReceiver:3424 
03-04 14:19:43.639  1568  1585 I ActivityManager: Start proc 8449:owasp.mstg.uncrackable3/u0a80 for activity owasp.mstg.uncrackable3/sg.vantagepoint.uncrackable3.MainActivity
03-04 14:19:43.641  2032  8458 I chatty  : uid=10008 com.google.android.gms.persistent expire 1 line
03-04 14:19:43.645  8449  8449 I Zygote  : seccomp disabled by setenforce 0
03-04 14:19:43.645  8449  8449 I chatty  : uid=10080(owasp.mstg.uncrackable3) identical 10 lines
03-04 14:19:43.642  1359  1359 W auditd  : type=1327 audit(0.0:2139): proctitle="owasp.mstg.uncrackable3"
03-04 14:19:43.642  1359  1359 W auditd  : type=1320 audit(0.0:2139): 
03-04 14:19:44.031  2178  2178 W ContextImpl: Calling a method in the system process without a qualified user: android.app.ContextImpl.startService:1531 android.content.ContextWrapper.startService:664 android.content.ContextWrapper.startService:664 com.android.coreservice.CoreBroadcastReceiver.onReceive:53 android.app.ActivityThread.handleReceiver:3424 
03-04 14:19:44.099  8449  8482 I chatty  : uid=10080(owasp.mstg.uncrackable3) expire 40 lines
03-04 14:19:44.059  2178  2178 W ContextImpl: Calling a method in the system process without a qualified user: android.app.ContextImpl.startService:1531 android.content.ContextWrapper.startService:664 android.content.ContextWrapper.startService:664 com.android.coreservice.CoreBroadcastReceiver.onReceive:53 android.app.ActivityThread.handleReceiver:3424 
03-04 14:19:44.102  2178  2178 W ContextImpl: Calling a method in the system process without a qualified user: android.app.ContextImpl.startService:1531 android.content.ContextWrapper.startService:664 android.content.ContextWrapper.startService:664 com.android.coreservice.CoreBroadcastReceiver.onReceive:69 android.app.ActivityThread.handleReceiver:3424 
03-04 14:19:44.111  8449  8464 I chatty  : uid=10080(owasp.mstg.uncrackable3) expire 1 line
03-04 14:19:44.127  1718  2018 D EGL_adreno: eglMakeCurrent: 0x7fff68d19340: ver 3 1 (tinfo 0x7fff68d1b160)
03-04 14:19:44.128  2214  2436 D EGL_adreno: eglMakeCurrent: 0x7fff68d41520: ver 3 1 (tinfo 0x7fff6a6478c0)
03-04 14:19:45.633  2214  8445 I FA      : Application backgrounded at: timestamp_millis: 1741072783633
03-04 14:19:44.102  2178  2178 W ContextImpl: Calling a method in the system process without a qualified user: android.app.ContextImpl.startService:1531 android.content.ContextWrapper.startService:664 android.content.ContextWrapper.startService:664 com.android.coreservice.CoreBroadcastReceiver.onReceive:69 android.app.ActivityThread.handleReceiver:3424 
03-04 14:19:53.624  1568  1583 W ActivityManager: Launch timeout has expired, giving up wake lock!
03-04 14:19:54.016  1359  1359 W auditd  : type=1327 audit(0.0:2143): proctitle="system_server"
03-04 14:19:54.016  1359  1359 W auditd  : type=1320 audit(0.0:2143): 
03-04 14:19:58.641  1706  1767 D BluetoothAdapterService: getAdapterService() - returning com.android.bluetooth.btservice.AdapterService@beb6a61
03-04 14:19:58.644  1410  1973 I dual_mode_controller: Command opcode: 0x2018, OGF: 0x0008, OCF: 0x0018
03-04 14:19:58.645  1410  1973 I dual_mode_controller: Command opcode: 0x2006, OGF: 0x0008, OCF: 0x0006
03-04 14:19:58.645  1410  1973 I dual_mode_controller: Controller performing command: LE SetAdvertisingParameters
03-04 14:19:58.645  1410  1973 I dual_mode_controller: Command opcode: 0x2005, OGF: 0x0008, OCF: 0x0005
03-04 14:19:58.645  1410  1973 I dual_mode_controller: Controller performing command: LE SetRandomAddress
03-04 14:19:58.645  1410  1973 I dual_mode_controller: Command opcode: 0x2008, OGF: 0x0008, OCF: 0x0008
03-04 14:19:58.645  1410  1973 I dual_mode_controller: Controller performing command: LE SetAdvertisingData
03-04 14:19:58.645  1410  1973 I dual_mode_controller: Command opcode: 0x2009, OGF: 0x0008, OCF: 0x0009
03-04 14:19:58.645  1706  1970 E bt_stack: [ERROR:btm_ble_multi_adv.cc(520)] setting scan response data failed, status: 1
03-04 14:19:58.639  1706  1706 I hci_thread: type=1400 audit(0.0:2144): avc: denied { call } for scontext=u:r:bluetooth:s0 tcontext=u:r:init:s0 tclass=binder permissive=1
03-04 14:19:58.639  1706  1706 W hci_thread: type=1300 audit(0.0:2144): arch=c000003e syscall=16 success=yes exit=0 a0=49 a1=c0306201 a2=7fff591c31f0 a3=1 items=0 ppid=1403 auid=4294967295 uid=1002 gid=1002 euid=1002 suid=1002 fsuid=1002 egid=1002 sgid=1002 fsgid=1002 tty=(none) ses=4294967295 exe="/system/bin/app_process64" subj=u:r:bluetooth:s0 key=(null)
03-04 14:19:58.639  1359  1359 W auditd  : type=1327 audit(0.0:2144): proctitle="com.android.bluetooth"
03-04 14:19:58.639  1359  1359 W auditd  : type=1320 audit(0.0:2144): 
03-04 14:19:58.639  1410  1410 I bluetooth@1.0-s: type=1400 audit(0.0:2145): avc: denied { call } for scontext=u:r:init:s0 tcontext=u:r:bluetooth:s0 tclass=binder permissive=1
03-04 14:19:58.639  1410  1410 W bluetooth@1.0-s: type=1300 audit(0.0:2145): arch=c000003e syscall=16 success=yes exit=0 a0=4 a1=c0306201 a2=7ffff6ffeee0 a3=1 items=0 ppid=1 auid=4294967295 uid=1002 gid=1002 euid=1002 suid=1002 fsuid=1002 egid=1002 sgid=1002 fsgid=1002 tty=(none) ses=4294967295 exe="/system/vendor/bin/hw/android.hardware.bluetooth@1.0-service-qti" subj=u:r:init:s0 key=(null)
03-04 14:19:58.674  2032  2032 I chatty  : uid=10008 com.google.android.gms.persistent expire 10 lines
03-04 14:19:58.696  1568  1576 I chatty  : uid=1000(system) FinalizerDaemon expire 53 lines
03-04 14:20:00.042  1568  1582 I UsageStatsService: User[0] Flushing usage stats to disk
03-04 14:20:05.015  1420  1471 D hwcomposer: hw_composer sent 48 syncs in 63s
03-04 14:20:14.516  1464  1464 W wificond: Scan already started
03-04 14:20:14.538  1426  1426 D sensor_hal: sensor_device_default_flush handle=0
03-04 14:20:15.186  1421  1421 I health@2.0-serv: type=1400 audit(0.0:2147): avc: denied { read } for name="present" dev="sysfs" ino=6604 scontext=u:r:init:s0 tcontext=u:object_r:sysfs:s0 tclass=file permissive=1
03-04 14:20:15.186  1421  1421 I health@2.0-serv: type=1400 audit(0.0:2147): avc: denied { open } for path="/sys/devices/LNXSYSTM:00/LNXSYBUS:00/PNP0A03:00/PNP0C0A:00/power_supply/BAT0/present" dev="sysfs" ino=6604 scontext=u:r:init:s0 tcontext=u:object_r:sysfs:s0 tclass=file permissive=1
03-04 14:20:15.186  1421  1421 W health@2.0-serv: type=1300 audit(0.0:2147): arch=c000003e syscall=257 success=yes exit=9 a0=ffffff9c a1=7ffff72283f0 a2=a0000 a3=0 items=0 ppid=1 auid=4294967295 uid=1000 gid=1000 euid=1000 suid=1000 fsuid=1000 egid=1000 sgid=1000 fsgid=1000 tty=(none) ses=4294967295 exe="/system/vendor/bin/hw/android.hardware.health@2.0-service.default" subj=u:r:init:s0 key=(null)
03-04 14:20:15.186  1359  1359 W auditd  : type=1327 audit(0.0:2147): proctitle="/vendor/bin/hw/android.hardware.health@2.0-service.default"
03-04 14:20:15.186  1359  1359 W auditd  : type=1320 audit(0.0:2147): 
03-04 14:20:15.529  2032  3463 I chatty  : uid=10008(com.google.android.gms) GoogleLocationS expire 8 lines
03-04 14:20:16.079  1426  1426 D sensor_hal: cb_setDelay handle=0 delay-ns=200000000
03-04 14:20:16.120  1568  1576 I chatty  : uid=1000(system) FinalizerDaemon expire 50 lines
03-04 14:20:19.716  1463  1463 I storaged: type=1400 audit(0.0:2150): avc: denied { call } for scontext=u:r:storaged:s0 tcontext=u:r:init:s0 tclass=binder permissive=1
03-04 14:20:19.718  1463  1534 E storaged: getDiskStats failed with result NOT_SUPPORTED and size 0
03-04 14:20:19.716  1463  1463 W storaged: type=1300 audit(0.0:2150): arch=c000003e syscall=16 success=yes exit=0 a0=4 a1=c0306201 a2=7ffff7383e40 a3=7ffff6e27308 items=0 ppid=1 auid=4294967295 uid=0 gid=1032 euid=0 suid=0 fsuid=0 egid=1032 sgid=1032 fsgid=1032 tty=(none) ses=4294967295 exe="/system/bin/storaged" subj=u:r:storaged:s0 key=(null)
03-04 14:20:19.716  1359  1359 W auditd  : type=1327 audit(0.0:2150): proctitle="/system/bin/storaged"
03-04 14:20:19.716  1359  1359 W auditd  : type=1320 audit(0.0:2150): 
03-04 14:20:26.133  2988  3014 I Finsky  : [134] myo.run(353): Stats for Executor: BlockingExecutor ozi@f96e68d[Running, pool size = 0, active threads = 0, queued tasks = 0, completed tasks = 142]
03-04 14:20:26.134  2988  3014 I Finsky  : [134] myo.run(353): Stats for Executor: LightweightExecutor ozi@b8d5042[Running, pool size = 3, active threads = 0, queued tasks = 0, completed tasks = 929]
03-04 14:20:26.134  2988  3014 I Finsky  : [134] myo.run(353): Stats for Executor: bgExecutor ozi@eab7853[Running, pool size = 4, active threads = 0, queued tasks = 0, completed tasks = 1566]
03-04 14:20:27.024  3180  3202 I Finsky:background: [151] myo.run(353): Stats for Executor: bgExecutor ozi@b4662a1[Running, pool size = 4, active threads = 0, queued tasks = 0, completed tasks = 150]
03-04 14:20:27.024  3180  3202 I Finsky:background: [151] myo.run(353): Stats for Executor: LightweightExecutor ozi@88b3cc6[Running, pool size = 3, active threads = 0, queued tasks = 0, completed tasks = 56]
03-04 14:20:27.024  3180  3202 I Finsky:background: [151] myo.run(353): Stats for Executor: BlockingExecutor ozi@6f16487[Running, pool size = 0, active threads = 0, queued tasks = 0, completed tasks = 17]
03-04 14:21:15.199  1420  1471 D hwcomposer: hw_composer sent 18 syncs in 70s
03-04 14:21:15.219  1359  1359 W auditd  : type=1327 audit(0.0:2151): proctitle="system_server"
03-04 14:21:15.219  1359  1359 W auditd  : type=1320 audit(0.0:2151): 
03-04 14:21:15.324  1718  2018 D EGL_adreno: eglMakeCurrent: 0x7fff68d19340: ver 3 1 (tinfo 0x7fff68d1b160)
03-04 14:21:15.325  1568  1849 I ActivityManager: START u0 {flg=0x10804000 cmp=com.android.systemui/.recents.RecentsActivity} from uid 10027
03-04 14:21:15.346  2178  2178 W ContextImpl: Calling a method in the system process without a qualified user: android.app.ContextImpl.startService:1531 android.content.ContextWrapper.startService:664 android.content.ContextWrapper.startService:664 com.android.coreservice.CoreBroadcastReceiver.onReceive:44 android.app.ActivityThread.handleReceiver:3424 
03-04 14:21:15.346  1568  1590 D AutofillManagerService: Close system dialogs
03-04 14:21:15.327  1718  2018 D EGL_adreno: eglMakeCurrent: 0x7fff68d19340: ver 3 1 (tinfo 0x7fff68d1b160)
03-04 14:21:15.347  1568  4766 I chatty  : uid=1000(system) RenderThread expire 23 lines
03-04 14:21:15.352  2178  2178 W ContextImpl: Calling a method in the system process without a qualified user: android.app.ContextImpl.startService:1531 android.content.ContextWrapper.startService:664 android.content.ContextWrapper.startService:664 com.android.coreservice.CoreBroadcastReceiver.onReceive:53 android.app.ActivityThread.handleReceiver:3424 
03-04 14:21:15.358  1568  1576 I chatty  : uid=1000(system) FinalizerDaemon expire 150 lines
03-04 14:21:15.359  1718  1718 V StatusBar: mStatusBarWindow: com.android.systemui.statusbar.phone.StatusBarWindowView{97e245d V.ED..... ........ 0,0-900,48} canPanelBeCollapsed(): false
03-04 14:21:15.359  1718  1718 I vol.Events: writeEvent dismiss_dialog volume_controller
03-04 14:21:15.363  2178  2178 W ContextImpl: Calling a method in the system process without a qualified user: android.app.ContextImpl.startService:1531 android.content.ContextWrapper.startService:664 android.content.ContextWrapper.startService:664 com.android.coreservice.CoreBroadcastReceiver.onReceive:69 android.app.ActivityThread.handleReceiver:3424 
03-04 14:21:15.383  1718  2018 E EGL_adreno: tid 2018: eglSurfaceAttrib(1350): error 0x3009 (EGL_BAD_MATCH)
03-04 14:21:15.383  1718  2018 W OpenGLRenderer: Failed to set EGL_SWAP_BEHAVIOR on surface 0x7fff68c57e00, error=EGL_BAD_MATCH
03-04 14:21:15.396  1718  2018 D EGL_adreno: eglMakeCurrent: 0x7fff68d19340: ver 3 1 (tinfo 0x7fff68d1b160)
03-04 14:21:15.396  1419  1419 D gralloc_default: gralloc_alloc: Creating ashmem region of size 5763072, ignore more log...
03-04 14:21:15.447  1718  2018 D EGL_adreno: eglMakeCurrent: 0x7fff68d19340: ver 3 1 (tinfo 0x7fff68d1b160)
03-04 14:21:15.474  1718  2018 D EGL_adreno: eglMakeCurrent: 0x7fff68d19340: ver 3 1 (tinfo 0x7fff68d1b160)
03-04 14:21:15.523  1718  7311 I HostConnection: HostConnection::HostConnection: pid=1718, tid=7311, this=0x7fff6a624840
03-04 14:21:15.519  1718  1718 I Binder:1718_A: type=1400 audit(0.0:2152): avc: denied { read write } for name="fastpipe" dev="tmpfs" ino=7238 scontext=u:r:platform_app:s0:c512,c768 tcontext=u:object_r:device:s0 tclass=chr_file permissive=1
03-04 14:21:15.519  1718  1718 I Binder:1718_A: type=1400 audit(0.0:2152): avc: denied { open } for path="/dev/fastpipe" dev="tmpfs" ino=7238 scontext=u:r:platform_app:s0:c512,c768 tcontext=u:object_r:device:s0 tclass=chr_file permissive=1
03-04 14:21:15.526  1718  7311 I         : fastpipe: Connect success
03-04 14:21:15.526  1718  7311 D HostConnection: HostRPC::connect sucess: app=com.android.systemui, pid=1718, tid=7311, this=0x7fff58a7a840
03-04 14:21:15.526  1718  7311 D HostConnection: queryAndSetGLESMaxVersion select gles-version: 3.1 hostGLVersion:46 process:com.android.systemui
03-04 14:21:15.533  1436  1881 I chatty  : uid=1000(system) Binder:1436_3 expire 12 lines
03-04 14:21:15.365  2178  2178 W ContextImpl: Calling a method in the system process without a qualified user: android.app.ContextImpl.startService:1531 android.content.ContextWrapper.startService:664 android.content.ContextWrapper.startService:664 com.android.coreservice.CoreBroadcastReceiver.onReceive:69 android.app.ActivityThread.handleReceiver:3424 
03-04 14:21:15.843  1568  1583 W ActivityManager: Activity pause timeout for ActivityRecord{be8d9fe u0 owasp.mstg.uncrackable3/sg.vantagepoint.uncrackable3.MainActivity t55}
03-04 14:21:16.319  1568  1590 D AutofillManagerService: Close system dialogs
03-04 14:21:16.322  1568  1579 I ActivityManager: Killing 8449:owasp.mstg.uncrackable3/u0a80 (adj 900): remove task
03-04 14:21:16.335  1568  1579 I ActivityManager: START u0 {act=android.intent.action.MAIN cat=[android.intent.category.HOME] flg=0x10200000 cmp=com.ldmnq.launcher3/com.android.launcher3.Launcher} from uid 10027
03-04 14:21:16.340  2178  2178 W ContextImpl: Calling a method in the system process without a qualified user: android.app.ContextImpl.startService:1531 android.content.ContextWrapper.startService:664 android.content.ContextWrapper.startService:664 com.android.coreservice.CoreBroadcastReceiver.onReceive:44 android.app.ActivityThread.handleReceiver:3424 
03-04 14:21:16.341  1718  1718 V StatusBar: mStatusBarWindow: com.android.systemui.statusbar.phone.StatusBarWindowView{97e245d V.ED..... ........ 0,0-900,48} canPanelBeCollapsed(): false
03-04 14:21:16.342  1718  1718 I vol.Events: writeEvent dismiss_dialog volume_controller
03-04 14:21:16.343  1403  1403 I Zygote  : Process 8449 exited due to signal (9)
03-04 14:21:16.343  1568  2309 I WindowManager: WIN DEATH: Window{5b875e0 u0 owasp.mstg.uncrackable3/sg.vantagepoint.uncrackable3.MainActivity}
03-04 14:21:16.343  1568  2309 I chatty  : uid=1000(system) Binder:1568_B expire 1 line
03-04 14:21:16.346  1568  1592 W ActivityManager: setHasOverlayUi called on unknown pid: 8449
03-04 14:21:16.359  2178  2178 W ContextImpl: Calling a method in the system process without a qualified user: android.app.ContextImpl.startService:1531 android.content.ContextWrapper.startService:664 android.content.ContextWrapper.startService:664 com.android.coreservice.CoreBroadcastReceiver.onReceive:53 android.app.ActivityThread.handleReceiver:3424 
03-04 14:21:16.363  2178  2178 W ContextImpl: Calling a method in the system process without a qualified user: android.app.ContextImpl.sendBroadcast:1020 android.content.ContextWrapper.sendBroadcast:449 com.android.coreservice.TabManager.notifyClosing:356 com.android.coreservice.TabManager.updateInner:191 com.android.coreservice.TabManager.onUpdate:226 
03-04 14:21:16.364  1568  1621 W ActivityManager: Request to remove task ignored for non-existent task 55
03-04 14:21:16.364  2178  2178 I CoreService: notifyClosing notify tab closed taskPackageName:owasp.mstg.uncrackable3
03-04 14:21:16.369  1419  1419 I allocator@2.0-s: type=1400 audit(0.0:2155): avc: denied { ioctl } for path="/dev/fastpipe" dev="tmpfs" ino=7238 ioctlcmd=6869 scontext=u:r:hal_graphics_allocator_default:s0 tcontext=u:object_r:device:s0 tclass=chr_file permissive=1
03-04 14:21:16.369  1419  1419 W allocator@2.0-s: type=1300 audit(0.0:2155): arch=c000003e syscall=16 success=yes exit=0 a0=5 a1=80046869 a2=7ffff722c120 a3=1 items=0 ppid=1 auid=4294967295 uid=1000 gid=1003 euid=1000 suid=1000 fsuid=1000 egid=1003 sgid=1003 fsgid=1003 tty=(none) ses=4294967295 exe="/system/vendor/bin/hw/android.hardware.graphics.allocator@2.0-service" subj=u:r:hal_graphics_allocator_default:s0 key=(null)
03-04 14:21:16.375  2178  2178 W ContextImpl: Calling a method in the system process without a qualified user: android.app.ContextImpl.startService:1531 android.content.ContextWrapper.startService:664 android.content.ContextWrapper.startService:664 com.android.coreservice.CoreBroadcastReceiver.onReceive:69 android.app.ActivityThread.handleReceiver:3424 
03-04 14:21:16.369  1359  1359 W auditd  : type=1327 audit(0.0:2155): proctitle="/vendor/bin/hw/android.hardware.graphics.allocator@2.0-service"
03-04 14:21:16.369  1359  1359 W auditd  : type=1320 audit(0.0:2155): 
03-04 14:21:16.379  2214  2436 E EGL_adreno: tid 2436: eglSurfaceAttrib(1350): error 0x3009 (EGL_BAD_MATCH)
03-04 14:21:16.379  2214  2436 W OpenGLRenderer: Failed to set EGL_SWAP_BEHAVIOR on surface 0x7fff58424080, error=EGL_BAD_MATCH
03-04 14:21:16.382  2214  2436 D EGL_adreno: eglMakeCurrent: 0x7fff68d41520: ver 3 1 (tinfo 0x7fff6a6478c0)
03-04 14:21:16.386  1718  2018 D EGL_adreno: eglMakeCurrent: 0x7fff68d19340: ver 3 1 (tinfo 0x7fff68d1b160)
03-04 14:21:16.396  1718  6099 I ndroid.systemu: Explicit concurrent copying GC freed 2047(232KB) AllocSpace objects, 0(0B) LOS objects, 50% free, 4MB/8MB, paused 9us total 9.611ms
03-04 14:21:16.899  2214  2436 W OpenGLRenderer: Incorrectly called buildLayer on View: ShortcutAndWidgetContainer, destroying layer...
03-04 14:21:16.376  2178  2178 W ContextImpl: Calling a method in the system process without a qualified user: android.app.ContextImpl.startService:1531 android.content.ContextWrapper.startService:664 android.content.ContextWrapper.startService:664 com.android.coreservice.CoreBroadcastReceiver.onReceive:69 android.app.ActivityThread.handleReceiver:3424 
03-04 14:21:19.722  1463  1534 E storaged: getDiskStats failed with result NOT_SUPPORTED and size 0
03-04 14:21:20.242  1433  1433 I ldinit  : type=1400 audit(0.0:2156): avc: denied { read } for name="partitions" dev="proc" ino=4026532050 scontext=u:r:ldinit:s0 tcontext=u:object_r:proc:s0 tclass=file permissive=1
03-04 14:21:20.242  1433  1433 I ldinit  : type=1400 audit(0.0:2156): avc: denied { open } for path="/proc/partitions" dev="proc" ino=4026532050 scontext=u:r:ldinit:s0 tcontext=u:object_r:proc:s0 tclass=file permissive=1
03-04 14:21:20.242  1433  1433 W ldinit  : type=1300 audit(0.0:2156): arch=c000003e syscall=257 success=yes exit=6 a0=ffffff9c a1=7ffff7c93ae5 a2=0 a3=0 items=0 ppid=1 auid=4294967295 uid=0 gid=0 euid=0 suid=0 fsuid=0 egid=0 sgid=0 fsgid=0 tty=(none) ses=4294967295 exe="/system/bin/ldinit" subj=u:r:ldinit:s0 key=(null)
03-04 14:21:20.242  1359  1359 W auditd  : type=1327 audit(0.0:2156): proctitle="/system/bin/ldinit"
03-04 14:21:20.242  1359  1359 W auditd  : type=1320 audit(0.0:2156): 
03-04 14:21:20.242  1433  1433 I ldinit  : type=1400 audit(0.0:2157): avc: denied { getattr } for path="/proc/partitions" dev="proc" ino=4026532050 scontext=u:r:ldinit:s0 tcontext=u:object_r:proc:s0 tclass=file permissive=1
03-04 14:21:21.792  1568  4590 I ActivityManager: Force stopping owasp.mstg.uncrackable3 appid=10080 user=0: from pid 1568
03-04 14:21:21.792  2178  2178 W ContextImpl: Calling a method in the system process without a qualified user: android.app.ContextImpl.startService:1531 android.content.ContextWrapper.startService:664 android.content.ContextWrapper.startService:664 com.android.coreservice.CoreBroadcastReceiver.onReceive:53 android.app.ActivityThread.handleReceiver:3424 
03-04 14:21:21.794  1904  1904 D CarrierSvcBindHelper: No carrier app for: 0
03-04 14:21:21.795  1568  4590 W ContextImpl: Calling a method in the system process without a qualified user: android.app.ContextImpl.startActivity:887 android.content.ContextWrapper.startActivity:379 <bottom of call stack> <bottom of call stack> <bottom of call stack> 
03-04 14:21:21.796  1568  4590 W ContextImpl: Calling a method in the system process without a qualified user: android.app.ContextImpl.startActivity:899 android.app.ContextImpl.startActivity:888 android.content.ContextWrapper.startActivity:379 <bottom of call stack> <bottom of call stack> 
03-04 14:21:21.796  1568  4590 I ActivityManager: START u0 {act=android.intent.action.MAIN cat=[android.intent.category.LAUNCHER] flg=0x10000000 pkg=owasp.mstg.uncrackable3 cmp=owasp.mstg.uncrackable3/sg.vantagepoint.uncrackable3.MainActivity} from uid 1000
03-04 14:21:21.800  2178  2178 W ContextImpl: Calling a method in the system process without a qualified user: android.app.ContextImpl.startService:1531 android.content.ContextWrapper.startService:664 android.content.ContextWrapper.startService:664 com.android.coreservice.CoreBroadcastReceiver.onReceive:44 android.app.ActivityThread.handleReceiver:3424 
03-04 14:21:21.812  1359  1359 W auditd  : type=1327 audit(0.0:2158): proctitle="/system/bin/surfaceflinger"
03-04 14:21:21.812  1359  1359 W auditd  : type=1320 audit(0.0:2158): 
03-04 14:21:21.812  1420  1420 I composer@2.1-se: type=1400 audit(0.0:2159): avc: denied { ioctl } for path="/dev/fastpipe" dev="tmpfs" ino=7238 ioctlcmd=6869 scontext=u:r:hal_graphics_composer_default:s0 tcontext=u:object_r:device:s0 tclass=chr_file permissive=1
03-04 14:21:21.821  1568  1585 I ActivityManager: Start proc 8505:owasp.mstg.uncrackable3/u0a80 for activity owasp.mstg.uncrackable3/sg.vantagepoint.uncrackable3.MainActivity
03-04 14:21:21.825  8505  8505 I Zygote  : seccomp disabled by setenforce 0
03-04 14:21:21.825  8505  8505 I chatty  : uid=10080(owasp.mstg.uncrackable3) identical 8 lines
03-04 14:21:21.829  2032  8522 I chatty  : uid=10008 com.google.android.gms.persistent expire 1 line
03-04 14:21:22.202  2178  2178 W ContextImpl: Calling a method in the system process without a qualified user: android.app.ContextImpl.startService:1531 android.content.ContextWrapper.startService:664 android.content.ContextWrapper.startService:664 com.android.coreservice.CoreBroadcastReceiver.onReceive:53 android.app.ActivityThread.handleReceiver:3424 
03-04 14:21:22.262  8505  8518 I chatty  : uid=10080(owasp.mstg.uncrackable3) expire 1 line
03-04 14:21:22.269  8505  8538 I chatty  : uid=10080(owasp.mstg.uncrackable3) expire 41 lines
03-04 14:21:22.227  2178  2178 W ContextImpl: Calling a method in the system process without a qualified user: android.app.ContextImpl.startService:1531 android.content.ContextWrapper.startService:664 android.content.ContextWrapper.startService:664 com.android.coreservice.CoreBroadcastReceiver.onReceive:53 android.app.ActivityThread.handleReceiver:3424 
03-04 14:21:22.271  2178  2178 W ContextImpl: Calling a method in the system process without a qualified user: android.app.ContextImpl.startService:1531 android.content.ContextWrapper.startService:664 android.content.ContextWrapper.startService:664 com.android.coreservice.CoreBroadcastReceiver.onReceive:69 android.app.ActivityThread.handleReceiver:3424 
03-04 14:21:22.294  1718  2018 D EGL_adreno: eglMakeCurrent: 0x7fff68d19340: ver 3 1 (tinfo 0x7fff68d1b160)
03-04 14:21:22.295  2214  2436 D EGL_adreno: eglMakeCurrent: 0x7fff68d41520: ver 3 1 (tinfo 0x7fff6a6478c0)
03-04 14:21:23.817  2214  8491 I FA      : Application backgrounded at: timestamp_millis: 1741072881810
03-04 14:21:24.114  1706  1742 D BluetoothAdapterService: getAdapterService() - returning com.android.bluetooth.btservice.AdapterService@beb6a61
03-04 14:21:24.117  1410  1973 I dual_mode_controller: Command opcode: 0x2018, OGF: 0x0008, OCF: 0x0018
03-04 14:21:24.118  1410  1973 I dual_mode_controller: Command opcode: 0x2006, OGF: 0x0008, OCF: 0x0006
03-04 14:21:24.118  1410  1973 I dual_mode_controller: Controller performing command: LE SetAdvertisingParameters
03-04 14:21:24.112  1706  1706 I hci_thread: type=1400 audit(0.0:2166): avc: denied { call } for scontext=u:r:bluetooth:s0 tcontext=u:r:init:s0 tclass=binder permissive=1
03-04 14:21:24.118  1410  1973 I dual_mode_controller: Command opcode: 0x2005, OGF: 0x0008, OCF: 0x0005
03-04 14:21:24.118  1410  1973 I dual_mode_controller: Controller performing command: LE SetRandomAddress
03-04 14:21:24.119  1410  1973 I dual_mode_controller: Command opcode: 0x2008, OGF: 0x0008, OCF: 0x0008
03-04 14:21:24.119  1410  1973 I dual_mode_controller: Controller performing command: LE SetAdvertisingData
03-04 14:21:24.112  1706  1706 W hci_thread: type=1300 audit(0.0:2166): arch=c000003e syscall=16 success=yes exit=0 a0=49 a1=c0306201 a2=7fff591c31f0 a3=1 items=0 ppid=1403 auid=4294967295 uid=1002 gid=1002 euid=1002 suid=1002 fsuid=1002 egid=1002 sgid=1002 fsgid=1002 tty=(none) ses=4294967295 exe="/system/bin/app_process64" subj=u:r:bluetooth:s0 key=(null)
03-04 14:21:24.120  1410  1973 I dual_mode_controller: Command opcode: 0x2009, OGF: 0x0008, OCF: 0x0009
03-04 14:21:24.120  1706  1970 E bt_stack: [ERROR:btm_ble_multi_adv.cc(520)] setting scan response data failed, status: 1
03-04 14:21:24.112  1359  1359 W auditd  : type=1327 audit(0.0:2166): proctitle="com.android.bluetooth"
03-04 14:21:24.112  1359  1359 W auditd  : type=1320 audit(0.0:2166): 
03-04 14:21:24.112  1410  1410 I bluetooth@1.0-s: type=1400 audit(0.0:2167): avc: denied { call } for scontext=u:r:init:s0 tcontext=u:r:bluetooth:s0 tclass=binder permissive=1
03-04 14:21:24.140  2032  8300 I chatty  : uid=10008 com.google.android.gms.persistent expire 14 lines
03-04 14:21:31.891  2238  2238 I chatty  : uid=10008(com.google.android.gms) expire 13 lines
03-04 14:21:34.076  2464  2464 I utmethod.pinyin: type=1400 audit(0.0:2168): avc: denied { open } for path="/data/local/cfg-hzegy/input" dev="sdb2" ino=131434 scontext=u:r:platform_app:s0:c512,c768 tcontext=u:object_r:system_data_file:s0 tclass=file permissive=1
03-04 14:21:34.076  2464  2464 W utmethod.pinyin: type=1300 audit(0.0:2168): arch=c000003e syscall=257 success=yes exit=34 a0=ffffff9c a1=7fff6c072080 a2=0 a3=0 items=0 ppid=1403 auid=4294967295 uid=10058 gid=10058 euid=10058 suid=10058 fsuid=10058 egid=10058 sgid=10058 fsgid=10058 tty=(none) ses=4294967295 exe="/system/bin/app_process64" subj=u:r:platform_app:s0:c512,c768 key=(null)
03-04 14:21:34.076  1359  1359 W auditd  : type=1327 audit(0.0:2168): proctitle="com.android.inputmethod.pinyin"
03-04 14:21:34.076  1359  1359 W auditd  : type=1320 audit(0.0:2168): 
03-04 14:21:34.091  1568  1621 I chatty  : uid=1000(system) Binder:1568_3 expire 10 lines
03-04 14:21:34.113  2464  6086 E EGL_adreno: tid 6086: eglSurfaceAttrib(1350): error 0x3009 (EGL_BAD_MATCH)
03-04 14:21:34.113  2464  6086 W OpenGLRenderer: Failed to set EGL_SWAP_BEHAVIOR on surface 0x7fff6a647e00, error=EGL_BAD_MATCH
03-04 14:21:34.090  2178  2178 I chatty  : uid=1000(system) com.android.coreservice identical 4 lines
03-04 14:21:34.090  2178  2178 W ContextImpl: Calling a method in the system process without a qualified user: android.app.ContextImpl.startService:1531 android.content.ContextWrapper.startService:664 android.content.ContextWrapper.startService:664 com.android.coreservice.CoreBroadcastReceiver.onReceive:69 android.app.ActivityThread.handleReceiver:3424 
03-04 14:21:35.046  2178  2178 W ContextImpl: Calling a method in the system process without a qualified user: android.app.ContextImpl.sendBroadcast:1005 android.content.ContextWrapper.sendBroadcast:444 com.android.coreservice.CoreService.sendImeAction:629 com.android.coreservice.HostService.onReceived:293 com.android.coreservice.HostService.onData:213 
03-04 14:21:36.917  1409  4527 D audio_hw_hal: raw_start_output_stream, stream=0xf671b000, sampleRate=48000, channel=2, bps=16, bufSize=4096
03-04 14:21:36.912  1409  1409 I writer  : type=1400 audit(0.0:2171): avc: denied { ioctl } for path="/dev/fastpipe" dev="tmpfs" ino=7238 ioctlcmd=6869 scontext=u:r:hal_audio_default:s0 tcontext=u:object_r:device:s0 tclass=chr_file permissive=1
03-04 14:21:36.912  1409  1409 W writer  : type=1300 audit(0.0:2171): arch=40000003 syscall=54 per=8 success=yes exit=0 a0=6 a1=80046869 a2=f670f020 a3=f670f020 items=0 ppid=1 auid=4294967295 uid=1041 gid=1005 euid=1041 suid=1041 fsuid=1041 egid=1005 sgid=1005 fsgid=1005 tty=(none) ses=4294967295 exe="/system/vendor/bin/hw/android.hardware.audio@2.0-service" subj=u:r:hal_audio_default:s0 key=(null)
03-04 14:21:36.912  1359  1359 W auditd  : type=1327 audit(0.0:2171): proctitle="/vendor/bin/hw/android.hardware.audio@2.0-service"
03-04 14:21:36.912  1359  1359 W auditd  : type=1320 audit(0.0:2171): 
03-04 14:21:36.971  8505  8538 I chatty  : uid=10080(owasp.mstg.uncrackable3) expire 22 lines
03-04 14:21:38.240  2032  7500 I chatty  : uid=10008(com.google.android.gms) highpool[36] expire 11 lines
03-04 14:21:39.784  1568  1576 I chatty  : uid=1000(system) FinalizerDaemon expire 96 lines
03-04 14:21:44.874  1409  1556 D audio_hw_hal: log_func, out_standby
03-04 14:21:44.874  1409  1556 D audio_hw_hal: raw_close_output_stream, dev=0xf6718000, stream =0xf671b000
03-04 14:21:44.874  1409  1556 D audio_hw_hal: raw_close_output_stream, stream=0xf671b000,  success!
03-04 14:21:36.239  2178  2178 I chatty  : uid=1000(system) com.android.coreservice identical 22 lines
03-04 14:21:36.271  2178  2178 W ContextImpl: Calling a method in the system process without a qualified user: android.app.ContextImpl.sendBroadcast:1005 android.content.ContextWrapper.sendBroadcast:444 com.android.coreservice.CoreService.sendImeAction:629 com.android.coreservice.HostService.onReceived:293 com.android.coreservice.HostService.onData:213 
03-04 14:21:48.996  1568  1579 I ActivityManager: START u0 {flg=0x10804000 cmp=com.android.systemui/.recents.RecentsActivity} from uid 10027
03-04 14:21:49.000  1718  2018 D EGL_adreno: eglMakeCurrent: 0x7fff68d19340: ver 3 1 (tinfo 0x7fff68d1b160)
03-04 14:21:49.003  2178  2178 W ContextImpl: Calling a method in the system process without a qualified user: android.app.ContextImpl.startService:1531 android.content.ContextWrapper.startService:664 android.content.ContextWrapper.startService:664 com.android.coreservice.CoreBroadcastReceiver.onReceive:44 android.app.ActivityThread.handleReceiver:3424 
03-04 14:21:49.006  1568  1590 D AutofillManagerService: Close system dialogs
03-04 14:21:49.004  1718  2018 D EGL_adreno: eglMakeCurrent: 0x7fff68d19340: ver 3 1 (tinfo 0x7fff68d1b160)
03-04 14:21:49.015  8505  8538 I chatty  : uid=10080(owasp.mstg.uncrackable3) expire 1 line
03-04 14:21:49.017  2178  2178 W ContextImpl: Calling a method in the system process without a qualified user: android.app.ContextImpl.startService:1531 android.content.ContextWrapper.startService:664 android.content.ContextWrapper.startService:664 com.android.coreservice.CoreBroadcastReceiver.onReceive:53 android.app.ActivityThread.handleReceiver:3424 
03-04 14:21:49.018  1718  1718 V StatusBar: mStatusBarWindow: com.android.systemui.statusbar.phone.StatusBarWindowView{97e245d V.ED..... ........ 0,0-900,48} canPanelBeCollapsed(): false
03-04 14:21:49.018  1718  1718 I vol.Events: writeEvent dismiss_dialog volume_controller
03-04 14:21:49.037  2178  2178 W ContextImpl: Calling a method in the system process without a qualified user: android.app.ContextImpl.startService:1531 android.content.ContextWrapper.startService:664 android.content.ContextWrapper.startService:664 com.android.coreservice.CoreBroadcastReceiver.onReceive:69 android.app.ActivityThread.handleReceiver:3424 
03-04 14:21:49.074  1718  2018 E EGL_adreno: tid 2018: eglSurfaceAttrib(1350): error 0x3009 (EGL_BAD_MATCH)
03-04 14:21:49.074  1718  2018 W OpenGLRenderer: Failed to set EGL_SWAP_BEHAVIOR on surface 0x7fff6a6eb900, error=EGL_BAD_MATCH
03-04 14:21:49.105  1718  2018 D EGL_adreno: eglMakeCurrent: 0x7fff68d19340: ver 3 1 (tinfo 0x7fff68d1b160)
03-04 14:21:49.037  2178  2178 I chatty  : uid=1000(system) com.android.coreservice identical 1 line
03-04 14:21:49.038  2178  2178 W ContextImpl: Calling a method in the system process without a qualified user: android.app.ContextImpl.startService:1531 android.content.ContextWrapper.startService:664 android.content.ContextWrapper.startService:664 com.android.coreservice.CoreBroadcastReceiver.onReceive:69 android.app.ActivityThread.handleReceiver:3424 
03-04 14:21:49.112  1568  1568 I NotificationService: Cannot find enqueued record for key: -1|android|8|null|1000
03-04 14:21:49.183  1718  2018 D EGL_adreno: eglMakeCurrent: 0x7fff68d19340: ver 3 1 (tinfo 0x7fff68d1b160)
03-04 14:21:49.199  1718  2018 D EGL_adreno: eglMakeCurrent: 0x7fff68d19340: ver 3 1 (tinfo 0x7fff68d1b160)
03-04 14:21:49.282  1718  2018 D EGL_adreno: eglMakeCurrent: 0x7fff68d19340: ver 3 1 (tinfo 0x7fff68d1b160)
03-04 14:21:49.282  1359  1359 W auditd  : type=1327 audit(0.0:2172): proctitle="system_server"
03-04 14:21:49.282  1359  1359 W auditd  : type=1320 audit(0.0:2172): 
03-04 14:21:49.292  1568  4766 I chatty  : uid=1000(system) RenderThread expire 25 lines
03-04 14:21:22.286  1426  1426 W sensors@1.0-ser: type=1300 audit(0.0:2164): arch=c000003e syscall=16 success=yes exit=0 a0=7 a1=80046865 a2=7ffff6c0f000 a3=7ffff7427288 items=0 ppid=1 auid=4294967295 uid=1000 gid=1000 euid=1000 suid=1000 fsuid=1000 egid=1000 sgid=1000 fsgid=1000 tty=(none) ses=4294967295 exe="/system/vendor/bin/hw/android.hardware.sensors@1.0-service" subj=u:r:hal_sensors_default:s0 key=(null)
03-04 14:21:49.134  1568  1568 I NotificationService: Cannot find enqueued record for key: -1|android|8|null|1000
03-04 14:21:53.652  1568  3483 I ActivityManager: Killing 8505:owasp.mstg.uncrackable3/u0a80 (adj 900): remove task
03-04 14:21:53.652  1568  1586 I chatty  : uid=1000(system) ActivityManager expire 12 lines
03-04 14:21:53.652  1568  1590 D AutofillManagerService: Close system dialogs
03-04 14:21:53.653  1568  1579 I ActivityManager: START u0 {act=android.intent.action.MAIN cat=[android.intent.category.HOME] flg=0x10200000 cmp=com.ldmnq.launcher3/com.android.launcher3.Launcher} from uid 10027
03-04 14:21:53.658  2178  2178 W ContextImpl: Calling a method in the system process without a qualified user: android.app.ContextImpl.startService:1531 android.content.ContextWrapper.startService:664 android.content.ContextWrapper.startService:664 com.android.coreservice.CoreBroadcastReceiver.onReceive:53 android.app.ActivityThread.handleReceiver:3424 
03-04 14:21:53.659  1718  1718 V StatusBar: mStatusBarWindow: com.android.systemui.statusbar.phone.StatusBarWindowView{97e245d V.ED..... ........ 0,0-900,48} canPanelBeCollapsed(): false
03-04 14:21:53.659  1718  1718 I vol.Events: writeEvent dismiss_dialog volume_controller
03-04 14:21:53.671  1718  2018 D EGL_adreno: eglMakeCurrent: 0x7fff68d19340: ver 3 1 (tinfo 0x7fff68d1b160)
03-04 14:21:53.675  2178  2178 W ContextImpl: Calling a method in the system process without a qualified user: android.app.ContextImpl.sendBroadcast:1020 android.content.ContextWrapper.sendBroadcast:449 com.android.coreservice.TabManager.notifyClosing:356 com.android.coreservice.TabManager.updateInner:191 com.android.coreservice.TabManager.onUpdate:226 
03-04 14:21:53.677  1568  4064 I WindowManager: WIN DEATH: Window{6d3cf94 u0 owasp.mstg.uncrackable3/sg.vantagepoint.uncrackable3.MainActivity}
03-04 14:21:53.677  1568  4064 I chatty  : uid=1000(system) Binder:1568_1F expire 3 lines
03-04 14:21:53.677  1403  1403 I Zygote  : Process 8505 exited due to signal (9)
03-04 14:21:53.681  1568  1592 W ActivityManager: setHasOverlayUi called on unknown pid: 8505
03-04 14:21:53.685  2178  2178 I CoreService: notifyClosing notify tab closed taskPackageName:owasp.mstg.uncrackable3
03-04 14:21:53.685  2178  2178 W ContextImpl: Calling a method in the system process without a qualified user: android.app.ContextImpl.startService:1531 android.content.ContextWrapper.startService:664 android.content.ContextWrapper.startService:664 com.android.coreservice.CoreBroadcastReceiver.onReceive:44 android.app.ActivityThread.handleReceiver:3424 
03-04 14:21:53.686  1718  6099 I ndroid.systemu: Explicit concurrent copying GC freed 4595(356KB) AllocSpace objects, 0(0B) LOS objects, 49% free, 4MB/8MB, paused 9us total 14.432ms
03-04 14:21:53.686  2178  2178 W ContextImpl: Calling a method in the system process without a qualified user: android.app.ContextImpl.startService:1531 android.content.ContextWrapper.startService:664 android.content.ContextWrapper.startService:664 com.android.coreservice.CoreBroadcastReceiver.onReceive:53 android.app.ActivityThread.handleReceiver:3424 
03-04 14:21:53.698  2214  2436 E EGL_adreno: tid 2436: eglSurfaceAttrib(1350): error 0x3009 (EGL_BAD_MATCH)
03-04 14:21:53.698  2214  2436 W OpenGLRenderer: Failed to set EGL_SWAP_BEHAVIOR on surface 0x7fff58424080, error=EGL_BAD_MATCH
03-04 14:21:53.698  2178  2178 W ContextImpl: Calling a method in the system process without a qualified user: android.app.ContextImpl.startService:1531 android.content.ContextWrapper.startService:664 android.content.ContextWrapper.startService:664 com.android.coreservice.CoreBroadcastReceiver.onReceive:69 android.app.ActivityThread.handleReceiver:3424 
03-04 14:21:53.696  2178  2178 I oid.coreservice: type=1400 audit(0.0:2173): avc: denied { ioctl } for path="/dev/fastpipe" dev="tmpfs" ino=7238 ioctlcmd=6867 scontext=u:r:system_app:s0 tcontext=u:object_r:device:s0 tclass=chr_file permissive=1
03-04 14:21:53.696  2178  2178 W oid.coreservice: type=1300 audit(0.0:2173): arch=c000003e syscall=16 success=yes exit=0 a0=20 a1=80046867 a2=7fff6c025140 a3=7fff72827208 items=0 ppid=1403 auid=4294967295 uid=1000 gid=1000 euid=1000 suid=1000 fsuid=1000 egid=1000 sgid=1000 fsgid=1000 tty=(none) ses=4294967295 exe="/system/bin/app_process64" subj=u:r:system_app:s0 key=(null)
03-04 14:21:53.696  1359  1359 W auditd  : type=1327 audit(0.0:2173): proctitle="com.android.coreservice"
03-04 14:21:53.696  1359  1359 W auditd  : type=1320 audit(0.0:2173): 
03-04 14:21:53.705  2214  2436 D EGL_adreno: eglMakeCurrent: 0x7fff68d41520: ver 3 1 (tinfo 0x7fff6a6478c0)
03-04 14:21:53.732  1718  1718 I RenderThread: type=1400 audit(0.0:2174): avc: denied { ioctl } for path="/dev/fastpipe" dev="tmpfs" ino=7238 ioctlcmd=6867 scontext=u:r:platform_app:s0:c512,c768 tcontext=u:object_r:device:s0 tclass=chr_file permissive=1
03-04 14:21:54.063  2464  2473 W System  : A resource failed to call close. 
03-04 14:21:54.220  2214  2436 W OpenGLRenderer: Incorrectly called buildLayer on View: ShortcutAndWidgetContainer, destroying layer...
03-04 14:21:59.848  1568  1576 I chatty  : uid=1000(system) FinalizerDaemon expire 46 lines
03-04 14:22:00.032  1718  2018 D EGL_adreno: eglMakeCurrent: 0x7fff68d19340: ver 3 1 (tinfo 0x7fff68d1b160)
03-04 14:22:09.276  1421  1421 I health@2.0-serv: type=1400 audit(0.0:2175): avc: denied { read } for scontext=u:r:init:s0 tcontext=u:r:init:s0 tclass=netlink_kobject_uevent_socket permissive=1
03-04 14:22:09.276  1421  1421 W health@2.0-serv: type=1300 audit(0.0:2175): arch=c000003e syscall=47 success=yes exit=193 a0=8 a1=7fffffffdf48 a2=0 a3=ffffffff items=0 ppid=1 auid=4294967295 uid=1000 gid=1000 euid=1000 suid=1000 fsuid=1000 egid=1000 sgid=1000 fsgid=1000 tty=(none) ses=4294967295 exe="/system/vendor/bin/hw/android.hardware.health@2.0-service.default" subj=u:r:init:s0 key=(null)
03-04 14:22:09.276  1359  1359 W auditd  : type=1327 audit(0.0:2175): proctitle="/vendor/bin/hw/android.hardware.health@2.0-service.default"
03-04 14:22:09.276  1359  1359 W auditd  : type=1320 audit(0.0:2175): 
03-04 14:21:53.699  2178  2178 W ContextImpl: Calling a method in the system process without a qualified user: android.app.ContextImpl.startService:1531 android.content.ContextWrapper.startService:664 android.content.ContextWrapper.startService:664 com.android.coreservice.CoreBroadcastReceiver.onReceive:69 android.app.ActivityThread.handleReceiver:3424 
03-04 14:22:13.649  1568  4590 I ActivityManager: Force stopping owasp.mstg.uncrackable3 appid=10080 user=0: from pid 1568
03-04 14:22:13.650  2178  2178 W ContextImpl: Calling a method in the system process without a qualified user: android.app.ContextImpl.startService:1531 android.content.ContextWrapper.startService:664 android.content.ContextWrapper.startService:664 com.android.coreservice.CoreBroadcastReceiver.onReceive:53 android.app.ActivityThread.handleReceiver:3424 
03-04 14:22:13.651  1904  1904 D CarrierSvcBindHelper: No carrier app for: 0
03-04 14:22:13.653  1568  4590 W ContextImpl: Calling a method in the system process without a qualified user: android.app.ContextImpl.startActivity:887 android.content.ContextWrapper.startActivity:379 <bottom of call stack> <bottom of call stack> <bottom of call stack> 
03-04 14:22:13.653  1568  4590 W ContextImpl: Calling a method in the system process without a qualified user: android.app.ContextImpl.startActivity:899 android.app.ContextImpl.startActivity:888 android.content.ContextWrapper.startActivity:379 <bottom of call stack> <bottom of call stack> 
03-04 14:22:13.653  1568  4590 I ActivityManager: START u0 {act=android.intent.action.MAIN cat=[android.intent.category.LAUNCHER] flg=0x10000000 pkg=owasp.mstg.uncrackable3 cmp=owasp.mstg.uncrackable3/sg.vantagepoint.uncrackable3.MainActivity} from uid 1000
03-04 14:22:13.657  2178  2178 W ContextImpl: Calling a method in the system process without a qualified user: android.app.ContextImpl.startService:1531 android.content.ContextWrapper.startService:664 android.content.ContextWrapper.startService:664 com.android.coreservice.CoreBroadcastReceiver.onReceive:44 android.app.ActivityThread.handleReceiver:3424 
03-04 14:22:13.649  1359  1359 W auditd  : type=1327 audit(0.0:2176): proctitle="system_server"
03-04 14:22:13.649  1359  1359 W auditd  : type=1320 audit(0.0:2176): 
03-04 14:22:13.676  1568  1585 I ActivityManager: Start proc 8558:owasp.mstg.uncrackable3/u0a80 for activity owasp.mstg.uncrackable3/sg.vantagepoint.uncrackable3.MainActivity
